ARM Linker, 4.1 [Build 791] [Standard]

==============================================================================

Section Cross References

    system_stm32f4xx.o(i.SystemCoreClockUpdate) refers to system_stm32f4xx.o(.data) for .data
    system_stm32f4xx.o(i.SystemInit) refers to system_stm32f4xx.o(i.SetSysClock) for SetSysClock
    startup_stm32f4xx.o(RESET) refers to startup_stm32f4xx.o(STACK) for __initial_sp
    startup_stm32f4xx.o(RESET) refers to startup_stm32f4xx.o(.text) for Reset_Handler
    startup_stm32f4xx.o(RESET) refers to stm32f4xx_it.o(i.NMI_Handler) for NMI_Handler
    startup_stm32f4xx.o(RESET) refers to stm32f4xx_it.o(i.HardFault_Handler) for HardFault_Handler
    startup_stm32f4xx.o(RESET) refers to stm32f4xx_it.o(i.MemManage_Handler) for MemManage_Handler
    startup_stm32f4xx.o(RESET) refers to stm32f4xx_it.o(i.BusFault_Handler) for BusFault_Handler
    startup_stm32f4xx.o(RESET) refers to stm32f4xx_it.o(i.UsageFault_Handler) for UsageFault_Handler
    startup_stm32f4xx.o(RESET) refers to port.o(.emb_text) for vPortSVCHandler
    startup_stm32f4xx.o(RESET) refers to stm32f4xx_it.o(i.DebugMon_Handler) for DebugMon_Handler
    startup_stm32f4xx.o(RESET) refers to stm32f4xx_it.o(i.SysTick_Handler) for SysTick_Handler
    startup_stm32f4xx.o(RESET) refers to stm32f4xx_it.o(i.EXTI3_IRQHandler) for EXTI3_IRQHandler
    startup_stm32f4xx.o(RESET) refers to stm32f4xx_it.o(i.ETH_IRQHandler) for ETH_IRQHandler
    startup_stm32f4xx.o(.text) refers to system_stm32f4xx.o(i.SystemInit) for SystemInit
    startup_stm32f4xx.o(.text) refers to entry.o(.ARM.Collect$$$$00000000) for __main
    main.o(i.LCD_LED_Init) refers to stm324xg_eval_lcd.o(i.STM324xG_LCD_Init) for STM324xG_LCD_Init
    main.o(i.LCD_LED_Init) refers to stm324xg_eval.o(i.STM_EVAL_LEDInit) for STM_EVAL_LEDInit
    main.o(i.LCD_LED_Init) refers to stm324xg_eval_lcd.o(i.LCD_Clear) for LCD_Clear
    main.o(i.LCD_LED_Init) refers to stm324xg_eval_lcd.o(i.LCD_SetBackColor) for LCD_SetBackColor
    main.o(i.LCD_LED_Init) refers to stm324xg_eval_lcd.o(i.LCD_SetTextColor) for LCD_SetTextColor
    main.o(i.LCD_LED_Init) refers to stm324xg_eval_lcd.o(i.LCD_GetFont) for LCD_GetFont
    main.o(i.LCD_LED_Init) refers to stm324xg_eval_lcd.o(i.LCD_DisplayStringLine) for LCD_DisplayStringLine
    main.o(i.LCD_LED_Init) refers to stm324xg_eval_lcd.o(i.LCD_DisplayWelcomeStr) for LCD_DisplayWelcomeStr
    main.o(i.ToggleLed1) refers to stm324xg_eval.o(i.STM_EVAL_LEDToggle) for STM_EVAL_LEDToggle
    main.o(i.ToggleLed1) refers to tasks.o(i.vTaskDelay) for vTaskDelay
    main.o(i.ToggleLed2) refers to stm324xg_eval.o(i.STM_EVAL_LEDToggle) for STM_EVAL_LEDToggle
    main.o(i.ToggleLed2) refers to tasks.o(i.vTaskDelay) for vTaskDelay
    main.o(i.ToggleLed3) refers to stm324xg_eval.o(i.STM_EVAL_LEDToggle) for STM_EVAL_LEDToggle
    main.o(i.ToggleLed3) refers to tasks.o(i.vTaskDelay) for vTaskDelay
    main.o(i.ToggleLed4) refers to stm324xg_eval.o(i.STM_EVAL_LEDToggle) for STM_EVAL_LEDToggle
    main.o(i.ToggleLed4) refers to tasks.o(i.vTaskDelay) for vTaskDelay
    main.o(i.main) refers to printf.o(i.Printf_Init) for Printf_Init
    main.o(i.main) refers to main.o(i.LCD_LED_Init) for LCD_LED_Init
    main.o(i.main) refers to stm32f4x7_eth_bsp.o(i.ETH_BSP_Config) for ETH_BSP_Config
    main.o(i.main) refers to printf3.o(i.__0printf$3) for __2printf
    main.o(i.main) refers to netconf.o(i.LwIP_Init) for LwIP_Init
    main.o(i.main) refers to myserver.o(i.my_server_socket_init) for my_server_socket_init
    main.o(i.main) refers to tasks.o(i.vTaskStartScheduler) for vTaskStartScheduler
    main.o(i.main) refers to main.o(.constdata) for .constdata
    netconf.o(i.LwIP_Init) refers to tcpip.o(i.tcpip_init) for tcpip_init
    netconf.o(i.LwIP_Init) refers to inet.o(i.htonl) for htonl
    netconf.o(i.LwIP_Init) refers to printf3.o(i.__0sprintf$3) for __2sprintf
    netconf.o(i.LwIP_Init) refers to stm324xg_eval_lcd.o(i.LCD_GetFont) for LCD_GetFont
    netconf.o(i.LwIP_Init) refers to stm324xg_eval_lcd.o(i.LCD_DisplayStringLine) for LCD_DisplayStringLine
    netconf.o(i.LwIP_Init) refers to printf3.o(i.__0printf$3) for __2printf
    netconf.o(i.LwIP_Init) refers to netif.o(i.netif_add) for netif_add
    netconf.o(i.LwIP_Init) refers to netif.o(i.netif_set_default) for netif_set_default
    netconf.o(i.LwIP_Init) refers to netif.o(i.netif_set_up) for netif_set_up
    netconf.o(i.LwIP_Init) refers to tcpip.o(i.tcpip_input) for tcpip_input
    netconf.o(i.LwIP_Init) refers to ethernetif.o(i.ethernetif_init) for ethernetif_init
    netconf.o(i.LwIP_Init) refers to netconf.o(.bss) for .bss
    stm32f4x7_eth_bsp.o(i.ETH_BSP_Config) refers to stm32f4x7_eth_bsp.o(i.ETH_GPIO_Config) for ETH_GPIO_Config
    stm32f4x7_eth_bsp.o(i.ETH_BSP_Config) refers to misc.o(i.NVIC_PriorityGroupConfig) for NVIC_PriorityGroupConfig
    stm32f4x7_eth_bsp.o(i.ETH_BSP_Config) refers to misc.o(i.NVIC_Init) for NVIC_Init
[...]
    DCMI_IRQHandler                          0x0800023f   Thumb Code     0  startup_stm32f4xx.o(.text)
    DMA1_Stream0_IRQHandler                  0x0800023f   Thumb Code     0  startup_stm32f4xx.o(.text)
    DMA1_Stream1_IRQHandler                  0x0800023f   Thumb Code     0  startup_stm32f4xx.o(.text)
    DMA1_Stream2_IRQHandler                  0x0800023f   Thumb Code     0  startup_stm32f4xx.o(.text)
    DMA1_Stream3_IRQHandler                  0x0800023f   Thumb Code     0  startup_stm32f4xx.o(.text)
    DMA1_Stream4_IRQHandler                  0x0800023f   Thumb Code     0  startup_stm32f4xx.o(.text)
    DMA1_Stream5_IRQHandler                  0x0800023f   Thumb Code     0  startup_stm32f4xx.o(.text)
    DMA1_Stream6_IRQHandler                  0x0800023f   Thumb Code     0  startup_stm32f4xx.o(.text)
    DMA1_Stream7_IRQHandler                  0x0800023f   Thumb Code     0  startup_stm32f4xx.o(.text)
    DMA2_Stream0_IRQHandler                  0x0800023f   Thumb Code     0  startup_stm32f4xx.o(.text)
    DMA2_Stream1_IRQHandler                  0x0800023f   Thumb Code     0  startup_stm32f4xx.o(.text)
    DMA2_Stream2_IRQHandler                  0x0800023f   Thumb Code     0  startup_stm32f4xx.o(.text)
    DMA2_Stream3_IRQHandler                  0x0800023f   Thumb Code     0  startup_stm32f4xx.o(.text)
    DMA2_Stream4_IRQHandler                  0x0800023f   Thumb Code     0  startup_stm32f4xx.o(.text)
    DMA2_Stream5_IRQHandler                  0x0800023f   Thumb Code     0  startup_stm32f4xx.o(.text)
    DMA2_Stream6_IRQHandler                  0x0800023f   Thumb Code     0  startup_stm32f4xx.o(.text)
    DMA2_Stream7_IRQHandler                  0x0800023f   Thumb Code     0  startup_stm32f4xx.o(.text)
    ETH_WKUP_IRQHandler                      0x0800023f   Thumb Code     0  startup_stm32f4xx.o(.text)
    EXTI0_IRQHandler                         0x0800023f   Thumb Code     0  startup_stm32f4xx.o(.text)
    EXTI15_10_IRQHandler                     0x0800023f   Thumb Code     0  startup_stm32f4xx.o(.text)
    EXTI1_IRQHandler                         0x0800023f   Thumb Code     0  startup_stm32f4xx.o(.text)
    EXTI2_IRQHandler                         0x0800023f   Thumb Code     0  startup_stm32f4xx.o(.text)
    EXTI4_IRQHandler                         0x0800023f   Thumb Code     0  startup_stm32f4xx.o(.text)
    EXTI9_5_IRQHandler                       0x0800023f   Thumb Code     0  startup_stm32f4xx.o(.text)
    FLASH_IRQHandler                         0x0800023f   Thumb Code     0  startup_stm32f4xx.o(.text)
    FPU_IRQHandler                           0x0800023f   Thumb Code     0  startup_stm32f4xx.o(.text)
    FSMC_IRQHandler                          0x0800023f   Thumb Code     0  startup_stm32f4xx.o(.text)
    HASH_RNG_IRQHandler                      0x0800023f   Thumb Code     0  startup_stm32f4xx.o(.text)
    I2C1_ER_IRQHandler                       0x0800023f   Thumb Code     0  startup_stm32f4xx.o(.text)
    I2C1_EV_IRQHandler                       0x0800023f   Thumb Code     0  startup_stm32f4xx.o(.text)
    I2C2_ER_IRQHandler                       0x0800023f   Thumb Code     0  startup_stm32f4xx.o(.text)
    I2C2_EV_IRQHandler                       0x0800023f   Thumb Code     0  startup_stm32f4xx.o(.text)
    I2C3_ER_IRQHandler                       0x0800023f   Thumb Code     0  startup_stm32f4xx.o(.text)
    I2C3_EV_IRQHandler                       0x0800023f   Thumb Code     0  startup_stm32f4xx.o(.text)
    OTG_FS_IRQHandler                        0x0800023f   Thumb Code     0  startup_stm32f4xx.o(.text)
    OTG_FS_WKUP_IRQHandler                   0x0800023f   Thumb Code     0  startup_stm32f4xx.o(.text)
    OTG_HS_EP1_IN_IRQHandler                 0x0800023f   Thumb Code     0  startup_stm32f4xx.o(.text)
    OTG_HS_EP1_OUT_IRQHandler                0x0800023f   Thumb Code     0  startup_stm32f4xx.o(.text)
    OTG_HS_IRQHandler                        0x0800023f   Thumb Code     0  startup_stm32f4xx.o(.text)
    OTG_HS_WKUP_IRQHandler                   0x0800023f   Thumb Code     0  startup_stm32f4xx.o(.text)
    PVD_IRQHandler                           0x0800023f   Thumb Code     0  startup_stm32f4xx.o(.text)
    RCC_IRQHandler                           0x0800023f   Thumb Code     0  startup_stm32f4xx.o(.text)
    RTC_Alarm_IRQHandler                     0x0800023f   Thumb Code     0  startup_stm32f4xx.o(.text)
    RTC_WKUP_IRQHandler                      0x0800023f   Thumb Code     0  startup_stm32f4xx.o(.text)
    SDIO_IRQHandler                          0x0800023f   Thumb Code     0  startup_stm32f4xx.o(.text)
    SPI1_IRQHandler                          0x0800023f   Thumb Code     0  startup_stm32f4xx.o(.text)
    SPI2_IRQHandler                          0x0800023f   Thumb Code     0  startup_stm32f4xx.o(.text)
    SPI3_IRQHandler                          0x0800023f   Thumb Code     0  startup_stm32f4xx.o(.text)
    TAMP_STAMP_IRQHandler                    0x0800023f   Thumb Code     0  startup_stm32f4xx.o(.text)
    TIM1_BRK_TIM9_IRQHandler                 0x0800023f   Thumb Code     0  startup_stm32f4xx.o(.text)
    TIM1_CC_IRQHandler                       0x0800023f   Thumb Code     0  startup_stm32f4xx.o(.text)
    TIM1_TRG_COM_TIM11_IRQHandler            0x0800023f   Thumb Code     0  startup_stm32f4xx.o(.text)
    TIM1_UP_TIM10_IRQHandler                 0x0800023f   Thumb Code     0  startup_stm32f4xx.o(.text)
    TIM2_IRQHandler                          0x0800023f   Thumb Code     0  startup_stm32f4xx.o(.text)
    TIM3_IRQHandler                          0x0800023f   Thumb Code     0  startup_stm32f4xx.o(.text)
    TIM4_IRQHandler                          0x0800023f   Thumb Code     0  startup_stm32f4xx.o(.text)
    TIM5_IRQHandler                          0x0800023f   Thumb Code     0  startup_stm32f4xx.o(.text)
    TIM6_DAC_IRQHandler                      0x0800023f   Thumb Code     0  startup_stm32f4xx.o(.text)
    TIM7_IRQHandler                          0x0800023f   Thumb Code     0  startup_stm32f4xx.o(.text)
    TIM8_BRK_TIM12_IRQHandler                0x0800023f   Thumb Code     0  startup_stm32f4xx.o(.text)
    TIM8_CC_IRQHandler                       0x0800023f   Thumb Code     0  startup_stm32f4xx.o(.text)
    TIM8_TRG_COM_TIM14_IRQHandler            0x0800023f   Thumb Code     0  startup_stm32f4xx.o(.text)
    TIM8_UP_TIM13_IRQHandler                 0x0800023f   Thumb Code     0  startup_stm32f4xx.o(.text)
    UART4_IRQHandler                         0x0800023f   Thumb Code     0  startup_stm32f4xx.o(.text)
    UART5_IRQHandler                         0x0800023f   Thumb Code     0  startup_stm32f4xx.o(.text)
    USART1_IRQHandler                        0x0800023f   Thumb Code     0  startup_stm32f4xx.o(.text)
    USART2_IRQHandler                        0x0800023f   Thumb Code     0  startup_stm32f4xx.o(.text)
    USART3_IRQHandler                        0x0800023f   Thumb Code     0  startup_stm32f4xx.o(.text)
    USART6_IRQHandler                        0x0800023f   Thumb Code     0  startup_stm32f4xx.o(.text)
    WWDG_IRQHandler                          0x0800023f   Thumb Code     0  startup_stm32f4xx.o(.text)
    __aeabi_memcpy                           0x08000249   Thumb Code    36  memcpya.o(.text)
    __aeabi_memcpy4                          0x08000249   Thumb Code     0  memcpya.o(.text)
    __aeabi_memcpy8                          0x08000249   Thumb Code     0  memcpya.o(.text)
    __aeabi_memset                           0x0800026d   Thumb Code    14  memseta.o(.text)
    __aeabi_memset4                          0x0800026d   Thumb Code     0  memseta.o(.text)
    __aeabi_memset8                          0x0800026d   Thumb Code     0  memseta.o(.text)
    __aeabi_memclr                           0x0800027b   Thumb Code     4  memseta.o(.text)
    __aeabi_memclr4                          0x0800027b   Thumb Code     0  memseta.o(.text)
    __aeabi_memclr8                          0x0800027b   Thumb Code     0  memseta.o(.text)
    _memset$wrapper                          0x0800027f   Thumb Code    20  memseta.o(.text)
    strstr                                   0x08000293   Thumb Code    44  strstr.o(.text)
    strncpy                                  0x080002bf   Thumb Code    24  strncpy.o(.text)
    strlen                                   0x080002d7   Thumb Code    16  strlen.o(.text)
    memcmp                                   0x080002e7   Thumb Code    26  memcmp.o(.text)
    strtok                                   0x08000301   Thumb Code    62  strtok.o(.text)
    atoi                                     0x08000345   Thumb Code    26  atoi.o(.text)
    __aeabi_uidiv                            0x0800035f   Thumb Code     0  uidiv.o(.text)
    __aeabi_uidivmod                         0x0800035f   Thumb Code    44  uidiv.o(.text)
    strtol                                   0x0800038b   Thumb Code   112  strtol.o(.text)
    __scatterload                            0x080003fd   Thumb Code    28  init.o(.text)
    __scatterload_rt2                        0x080003fd   Thumb Code     0  init.o(.text)
    __rt_ctype_table                         0x08000421   Thumb Code     4  ctype_o.o(.text)
    _strtoul                                 0x08000429   Thumb Code   158  _strtoul.o(.text)
    _chval                                   0x080004c7   Thumb Code    28  _chval.o(.text)
    __decompress                             0x080004e3   Thumb Code     0  __dczerorl2.o(.text)
    __decompress1                            0x080004e3   Thumb Code    92  __dczerorl2.o(.text)
    BusFault_Handler                         0x08000541   Thumb Code     8  stm32f4xx_it.o(i.BusFault_Handler)
    DebugMon_Handler                         0x08000561   Thumb Code     2  stm32f4xx_it.o(i.DebugMon_Handler)
    ETH_BSP_Config                           0x08000565   Thumb Code   116  stm32f4x7_eth_bsp.o(i.ETH_BSP_Config)
    ETH_DMAClearITPendingBit                 0x08000605   Thumb Code     6  stm32f4x7_eth.o(i.ETH_DMAClearITPendingBit)
    ETH_DMAITConfig                          0x08000611   Thumb Code    18  stm32f4x7_eth.o(i.ETH_DMAITConfig)
    ETH_DMAReceptionCmd                      0x08000629   Thumb Code    22  stm32f4x7_eth.o(i.ETH_DMAReceptionCmd)
    ETH_DMARxDescChainInit                   0x08000645   Thumb Code    74  stm32f4x7_eth.o(i.ETH_DMARxDescChainInit)
    ETH_DMARxDescReceiveITConfig             0x0800069d   Thumb Code    18  stm32f4x7_eth.o(i.ETH_DMARxDescReceiveITConfig)
    ETH_DMATransmissionCmd                   0x080006b1   Thumb Code    22  stm32f4x7_eth.o(i.ETH_DMATransmissionCmd)
    ETH_DMATxDescChainInit                   0x080006cd   Thumb Code    62  stm32f4x7_eth.o(i.ETH_DMATxDescChainInit)
    ETH_DMATxDescChecksumInsertionConfig     0x08000715   Thumb Code     8  stm32f4x7_eth.o(i.ETH_DMATxDescChecksumInsertionConfig)
    ETH_DeInit                               0x0800071d   Thumb Code    24  stm32f4x7_eth.o(i.ETH_DeInit)
    ETH_FlushTransmitFIFO                    0x08000741   Thumb Code    12  stm32f4x7_eth.o(i.ETH_FlushTransmitFIFO)
    ETH_GetDMAFlagStatus                     0x08000825   Thumb Code    16  stm32f4x7_eth.o(i.ETH_GetDMAFlagStatus)
    ETH_GetSoftwareResetStatus               0x08000839   Thumb Code    14  stm32f4x7_eth.o(i.ETH_GetSoftwareResetStatus)
    ETH_Get_Received_Frame_interrupt         0x0800084d   Thumb Code   134  stm32f4x7_eth.o(i.ETH_Get_Received_Frame_interrupt)
    ETH_IRQHandler                           0x080008d9   Thumb Code    56  stm32f4xx_it.o(i.ETH_IRQHandler)
    ETH_Init                                 0x08000915   Thumb Code   512  stm32f4x7_eth.o(i.ETH_Init)
    ETH_MACAddressConfig                     0x08000b4d   Thumb Code    22  stm32f4x7_eth.o(i.ETH_MACAddressConfig)
    ETH_MACReceptionCmd                      0x08000bed   Thumb Code    22  stm32f4x7_eth.o(i.ETH_MACReceptionCmd)
    ETH_MACTransmissionCmd                   0x08000c09   Thumb Code    22  stm32f4x7_eth.o(i.ETH_MACTransmissionCmd)
    ETH_Prepare_Transmit_Descriptors         0x08000c25   Thumb Code   164  stm32f4x7_eth.o(i.ETH_Prepare_Transmit_Descriptors)
    ETH_ReadPHYRegister                      0x08000cd1   Thumb Code    70  stm32f4x7_eth.o(i.ETH_ReadPHYRegister)
    ETH_SoftwareReset                        0x08000d21   Thumb Code    12  stm32f4x7_eth.o(i.ETH_SoftwareReset)
    ETH_Start                                0x08000d31   Thumb Code    34  stm32f4x7_eth.o(i.ETH_Start)
    ETH_StructInit                           0x08000d53   Thumb Code   136  stm32f4x7_eth.o(i.ETH_StructInit)
    ETH_WritePHYRegister                     0x08000ddd   Thumb Code    66  stm32f4x7_eth.o(i.ETH_WritePHYRegister)
    EXTI3_IRQHandler                         0x08000e29   Thumb Code    30  stm32f4xx_it.o(i.EXTI3_IRQHandler)
    EXTI_ClearITPendingBit                   0x08000e49   Thumb Code     6  stm32f4xx_exti.o(i.EXTI_ClearITPendingBit)
    EXTI_GetITStatus                         0x08000e55   Thumb Code    28  stm32f4xx_exti.o(i.EXTI_GetITStatus)
    EXTI_Init                                0x08000e75   Thumb Code   108  stm32f4xx_exti.o(i.EXTI_Init)
    Eth_Link_EXTIConfig                      0x08000ee5   Thumb Code   110  stm32f4x7_eth_bsp.o(i.Eth_Link_EXTIConfig)
    Eth_Link_ITHandler                       0x08000f59   Thumb Code   112  stm32f4x7_eth_bsp.o(i.Eth_Link_ITHandler)
    Eth_Link_PHYITConfig                     0x08001015   Thumb Code    54  stm32f4x7_eth_bsp.o(i.Eth_Link_PHYITConfig)
    FSMC_NORSRAMCmd                          0x0800104d   Thumb Code    28  stm32f4xx_fsmc.o(i.FSMC_NORSRAMCmd)
    FSMC_NORSRAMInit                         0x0800106d   Thumb Code   192  stm32f4xx_fsmc.o(i.FSMC_NORSRAMInit)
    GPIO_Init                                0x0800112d   Thumb Code   124  stm32f4xx_gpio.o(i.GPIO_Init)
    GPIO_PinAFConfig                         0x080011a9   Thumb Code    32  stm32f4xx_gpio.o(i.GPIO_PinAFConfig)
    GPIO_SetBits                             0x080011c9   Thumb Code     4  stm32f4xx_gpio.o(i.GPIO_SetBits)
    HardFault_Handler                        0x080011cd   Thumb Code     8  stm32f4xx_it.o(i.HardFault_Handler)
    LCD_Clear                                0x080011ed   Thumb Code    38  stm324xg_eval_lcd.o(i.LCD_Clear)
    LCD_CtrlLinesConfig                      0x08001215   Thumb Code   342  stm324xg_eval_lcd.o(i.LCD_CtrlLinesConfig)
    LCD_DisplayChar                          0x08001381   Thumb Code    26  stm324xg_eval_lcd.o(i.LCD_DisplayChar)
    LCD_DisplayStringLine                    0x080013a1   Thumb Code    50  stm324xg_eval_lcd.o(i.LCD_DisplayStringLine)
    LCD_DisplayWelcomeStr                    0x080013d9   Thumb Code    46  stm324xg_eval_lcd.o(i.LCD_DisplayWelcomeStr)
    LCD_DrawChar                             0x0800140d   Thumb Code   148  stm324xg_eval_lcd.o(i.LCD_DrawChar)
    LCD_DrawChinaChar                        0x080014a5   Thumb Code   106  stm324xg_eval_lcd.o(i.LCD_DrawChinaChar)
    LCD_FSMCConfig                           0x0800150f   Thumb Code   110  stm324xg_eval_lcd.o(i.LCD_FSMCConfig)
    LCD_GetFont                              0x0800157d   Thumb Code     6  stm324xg_eval_lcd.o(i.LCD_GetFont)
    LCD_LED_Init                             0x08001589   Thumb Code   126  main.o(i.LCD_LED_Init)
    LCD_ReadReg                              0x08001669   Thumb Code    10  stm324xg_eval_lcd.o(i.LCD_ReadReg)
    LCD_SetBackColor                         0x08001675   Thumb Code     6  stm324xg_eval_lcd.o(i.LCD_SetBackColor)
    LCD_SetColors                            0x08001681   Thumb Code     8  stm324xg_eval_lcd.o(i.LCD_SetColors)
    LCD_SetCursor                            0x0800168d   Thumb Code    82  stm324xg_eval_lcd.o(i.LCD_SetCursor)
    LCD_SetTextColor                         0x080016e5   Thumb Code     6  stm324xg_eval_lcd.o(i.LCD_SetTextColor)
    LCD_WriteReg                             0x080016f1   Thumb Code    10  stm324xg_eval_lcd.o(i.LCD_WriteReg)
    LwIP_Init                                0x080016fd   Thumb Code   138  netconf.o(i.LwIP_Init)
    MemManage_Handler                        0x080017e1   Thumb Code     8  stm32f4xx_it.o(i.MemManage_Handler)
    NMI_Handler                              0x08001801   Thumb Code     2  stm32f4xx_it.o(i.NMI_Handler)
    NVIC_Init                                0x08001805   Thumb Code    92  misc.o(i.NVIC_Init)
    NVIC_PriorityGroupConfig                 0x08001869   Thumb Code    10  misc.o(i.NVIC_PriorityGroupConfig)
    Printf_Init                              0x0800187d   Thumb Code   164  printf.o(i.Printf_Init)
    RCC_AHB1PeriphClockCmd                   0x08001929   Thumb Code    18  stm32f4xx_rcc.o(i.RCC_AHB1PeriphClockCmd)
    RCC_AHB1PeriphResetCmd                   0x08001941   Thumb Code    18  stm32f4xx_rcc.o(i.RCC_AHB1PeriphResetCmd)
    RCC_AHB3PeriphClockCmd                   0x08001959   Thumb Code    18  stm32f4xx_rcc.o(i.RCC_AHB3PeriphClockCmd)
    RCC_APB1PeriphClockCmd                   0x08001971   Thumb Code    18  stm32f4xx_rcc.o(i.RCC_APB1PeriphClockCmd)
    RCC_APB2PeriphClockCmd                   0x08001989   Thumb Code    18  stm32f4xx_rcc.o(i.RCC_APB2PeriphClockCmd)
    RCC_GetClocksFreq                        0x080019a1   Thumb Code   134  stm32f4xx_rcc.o(i.RCC_GetClocksFreq)
    STM324xG_LCD_Init                        0x08001a39   Thumb Code  1696  stm324xg_eval_lcd.o(i.STM324xG_LCD_Init)
    STM_EVAL_COMInit                         0x0800211d   Thumb Code   212  stm324xg_eval.o(i.STM_EVAL_COMInit)
    STM_EVAL_LEDInit                         0x080021f9   Thumb Code    62  stm324xg_eval.o(i.STM_EVAL_LEDInit)
    SYSCFG_ETH_MediaInterfaceConfig          0x08002241   Thumb Code     6  stm32f4xx_syscfg.o(i.SYSCFG_ETH_MediaInterfaceConfig)
    SYSCFG_EXTILineConfig                    0x0800224d   Thumb Code    34  stm32f4xx_syscfg.o(i.SYSCFG_EXTILineConfig)
    SysTick_Handler                          0x08002311   Thumb Code     4  stm32f4xx_it.o(i.SysTick_Handler)
    SystemCoreClockUpdate                    0x08002315   Thumb Code   106  system_stm32f4xx.o(i.SystemCoreClockUpdate)
    SystemInit                               0x08002391   Thumb Code    62  system_stm32f4xx.o(i.SystemInit)
    USART_Cmd                                0x080023e1   Thumb Code    20  stm32f4xx_usart.o(i.USART_Cmd)
    USART_GetFlagStatus                      0x080023f5   Thumb Code    14  stm32f4xx_usart.o(i.USART_GetFlagStatus)
    USART_ITConfig                           0x08002403   Thumb Code    48  stm32f4xx_usart.o(i.USART_ITConfig)
    USART_Init                               0x08002435   Thumb Code   174  stm32f4xx_usart.o(i.USART_Init)
    USART_SendData                           0x080024ed   Thumb Code     8  stm32f4xx_usart.o(i.USART_SendData)
    UsageFault_Handler                       0x080024f5   Thumb Code     8  stm32f4xx_it.o(i.UsageFault_Handler)
    __0printf$3                              0x08002515   Thumb Code    22  printf3.o(i.__0printf$3)
    __1printf$3                              0x08002515   Thumb Code     0  printf3.o(i.__0printf$3)
    __2printf                                0x08002515   Thumb Code     0  printf3.o(i.__0printf$3)
    __0sprintf$3                             0x08002535   Thumb Code    34  printf3.o(i.__0sprintf$3)
    __1sprintf$3                             0x08002535   Thumb Code     0  printf3.o(i.__0sprintf$3)
    __2sprintf                               0x08002535   Thumb Code     0  printf3.o(i.__0sprintf$3)
    __aeabi_errno_addr                       0x0800255d   Thumb Code     4  errno.o(i.__aeabi_errno_addr)
    __rt_errno_addr                          0x0800255d   Thumb Code     0  errno.o(i.__aeabi_errno_addr)
    __scatterload_copy                       0x08002565   Thumb Code    14  handlers.o(i.__scatterload_copy)
    __scatterload_null                       0x08002573   Thumb Code     2  handlers.o(i.__scatterload_null)
    __scatterload_zeroinit                   0x08002575   Thumb Code    14  handlers.o(i.__scatterload_zeroinit)
    autoip_arp_reply                         0x08002859   Thumb Code   154  autoip.o(i.autoip_arp_reply)
    autoip_init                              0x080028f3   Thumb Code     2  autoip.o(i.autoip_init)
    autoip_start                             0x080028f5   Thumb Code   140  autoip.o(i.autoip_start)
    autoip_tmr                               0x080029e9   Thumb Code   266  autoip.o(i.autoip_tmr)
    dhcp_arp_reply                           0x08002b1d   Thumb Code    30  dhcp.o(i.dhcp_arp_reply)
    dhcp_coarse_tmr                          0x08002c3d   Thumb Code    90  dhcp.o(i.dhcp_coarse_tmr)
    dhcp_fine_tmr                            0x08002f01   Thumb Code    46  dhcp.o(i.dhcp_fine_tmr)
    dhcp_release                             0x08003139   Thumb Code   176  dhcp.o(i.dhcp_release)
    dhcp_renew                               0x080031ed   Thumb Code   144  dhcp.o(i.dhcp_renew)
    do_bind                                  0x0800343d   Thumb Code    92  api_msg.o(i.do_bind)
    do_delconn                               0x08003541   Thumb Code   104  api_msg.o(i.do_delconn)
    do_getaddr                               0x080035a9   Thumb Code   114  api_msg.o(i.do_getaddr)
    do_listen                                0x0800361d   Thumb Code   144  api_msg.o(i.do_listen)
    do_newconn                               0x080036b1   Thumb Code    28  api_msg.o(i.do_newconn)
    do_recv                                  0x080036cd   Thumb Code    60  api_msg.o(i.do_recv)
    etharp_arp_input                         0x08003825   Thumb Code   250  etharp.o(i.etharp_arp_input)
    etharp_output                            0x08003925   Thumb Code   180  etharp.o(i.etharp_output)
    etharp_query                             0x080039dd   Thumb Code   134  etharp.o(i.etharp_query)
    etharp_raw                               0x08003a69   Thumb Code   178  etharp.o(i.etharp_raw)
    etharp_request                           0x08003b21   Thumb Code    32  etharp.o(i.etharp_request)
    etharp_tmr                               0x08003b7d   Thumb Code    54  etharp.o(i.etharp_tmr)
    ethernet_input                           0x08003bb9   Thumb Code    76  etharp.o(i.ethernet_input)
    ethernetif_init                          0x08003c05   Thumb Code    42  ethernetif.o(i.ethernetif_init)
    fputc                                    0x08003e39   Thumb Code    30  printf.o(i.fputc)
    handleLongConnTask                       0x08003e79   Thumb Code   134  myserver.o(i.handleLongConnTask)
    htonl                                    0x08003f95   Thumb Code     4  inet.o(i.htonl)
    htons                                    0x08003f99   Thumb Code     4  inet.o(i.htons)
    icmp_dest_unreach                        0x08003f9d   Thumb Code   102  icmp.o(i.icmp_dest_unreach)
    icmp_input                               0x08004003   Thumb Code   276  icmp.o(i.icmp_input)
    inet_chksum                              0x08004117   Thumb Code    12  inet_chksum.o(i.inet_chksum)
    inet_chksum_pbuf                         0x08004123   Thumb Code    72  inet_chksum.o(i.inet_chksum_pbuf)
    ip_addr_isbroadcast                      0x0800416b   Thumb Code    48  ip_addr.o(i.ip_addr_isbroadcast)
    ip_input                                 0x0800419d   Thumb Code   372  ip.o(i.ip_input)
    ip_output                                0x08004319   Thumb Code    52  ip.o(i.ip_output)
    ip_output_if                             0x0800434d   Thumb Code   170  ip.o(i.ip_output_if)
    ip_route                                 0x080043fd   Thumb Code    62  ip.o(i.ip_route)
    jsonActionTask                           0x08004445   Thumb Code    82  myserver.o(i.jsonActionTask)
    lwip_accept                              0x080046bd   Thumb Code   266  sockets.o(i.lwip_accept)
    lwip_bind                                0x080047d9   Thumb Code    84  sockets.o(i.lwip_bind)
    lwip_close                               0x08004831   Thumb Code    58  sockets.o(i.lwip_close)
    lwip_init                                0x08004871   Thumb Code    26  init.o(i.lwip_init)
    lwip_listen                              0x0800488d   Thumb Code    72  sockets.o(i.lwip_listen)
    lwip_read                                0x080048d9   Thumb Code    14  sockets.o(i.lwip_read)
    lwip_recvfrom                            0x080048e9   Thumb Code   382  sockets.o(i.lwip_recvfrom)
    lwip_socket                              0x08004a6d   Thumb Code    82  sockets.o(i.lwip_socket)
    lwip_socket_init                         0x08004ac5   Thumb Code    22  sockets.o(i.lwip_socket_init)
    main                                     0x08004b1d   Thumb Code    50  main.o(i.main)
    mem_free                                 0x08004bcd   Thumb Code    60  mem.o(i.mem_free)
    mem_init                                 0x08004c0d   Thumb Code    52  mem.o(i.mem_init)
    mem_malloc                               0x08004c49   Thumb Code   188  mem.o(i.mem_malloc)
    mem_realloc                              0x08004d09   Thumb Code   210  mem.o(i.mem_realloc)
    memp_free                                0x08004de1   Thumb Code    18  memp.o(i.memp_free)
    memp_init                                0x08004df9   Thumb Code    78  memp.o(i.memp_init)
    memp_malloc                              0x08004e51   Thumb Code    28  memp.o(i.memp_malloc)
    my_server_socket_init                    0x08004e71   Thumb Code   190  myserver.o(i.my_server_socket_init)
    netbuf_delete                            0x0800514d   Thumb Code    34  netbuf.o(i.netbuf_delete)
    netconn_accept                           0x08005171   Thumb Code    60  api_lib.o(i.netconn_accept)
    netconn_alloc                            0x080051b1   Thumb Code   116  api_msg.o(i.netconn_alloc)
    netconn_bind                             0x08005225   Thumb Code    40  api_lib.o(i.netconn_bind)
    netconn_delete                           0x08005251   Thumb Code    36  api_lib.o(i.netconn_delete)
    netconn_free                             0x08005279   Thumb Code   104  api_msg.o(i.netconn_free)
    netconn_getaddr                          0x080052e1   Thumb Code    48  api_lib.o(i.netconn_getaddr)
    netconn_listen_with_backlog              0x08005315   Thumb Code    38  api_lib.o(i.netconn_listen_with_backlog)
    netconn_new_with_proto_and_callback      0x08005341   Thumb Code    66  api_lib.o(i.netconn_new_with_proto_and_callback)
    netconn_recv                             0x08005389   Thumb Code   204  api_lib.o(i.netconn_recv)
    netif_add                                0x08005459   Thumb Code    72  netif.o(i.netif_add)
    netif_is_up                              0x080054a5   Thumb Code    10  netif.o(i.netif_is_up)
    netif_set_addr                           0x080054af   Thumb Code    32  netif.o(i.netif_set_addr)
    netif_set_default                        0x080054d1   Thumb Code     6  netif.o(i.netif_set_default)
    netif_set_down                           0x080054dd   Thumb Code    18  netif.o(i.netif_set_down)
    netif_set_gw                             0x080054ef   Thumb Code     8  netif.o(i.netif_set_gw)
    netif_set_ipaddr                         0x080054f9   Thumb Code    92  netif.o(i.netif_set_ipaddr)
    netif_set_netmask                        0x0800555d   Thumb Code     8  netif.o(i.netif_set_netmask)
    netif_set_up                             0x08005565   Thumb Code    28  netif.o(i.netif_set_up)
    ntohl                                    0x08005581   Thumb Code     4  inet.o(i.ntohl)
    ntohs                                    0x08005585   Thumb Code     4  inet.o(i.ntohs)
    pbuf_alloc                               0x08005589   Thumb Code   272  pbuf.o(i.pbuf_alloc)
    pbuf_cat                                 0x08005699   Thumb Code    40  pbuf.o(i.pbuf_cat)
    pbuf_chain                               0x080056c1   Thumb Code    18  pbuf.o(i.pbuf_chain)
    pbuf_clen                                0x080056d3   Thumb Code    18  pbuf.o(i.pbuf_clen)
    pbuf_copy                                0x080056e5   Thumb Code   144  pbuf.o(i.pbuf_copy)
    pbuf_copy_partial                        0x08005775   Thumb Code   104  pbuf.o(i.pbuf_copy_partial)
    pbuf_free                                0x080057dd   Thumb Code    68  pbuf.o(i.pbuf_free)
    pbuf_header                              0x08005821   Thumb Code    96  pbuf.o(i.pbuf_header)
    pbuf_realloc                             0x08005881   Thumb Code    80  pbuf.o(i.pbuf_realloc)
    pbuf_ref                                 0x080058d1   Thumb Code    12  pbuf.o(i.pbuf_ref)
    pvPortMalloc                             0x08005b3d   Thumb Code   168  heap_2.o(i.pvPortMalloc)
    pxPortInitialiseStack                    0x08005bed   Thumb Code    28  port.o(i.pxPortInitialiseStack)
    raw_bind                                 0x08005c09   Thumb Code    10  raw.o(i.raw_bind)
    raw_input                                0x08005c15   Thumb Code   102  raw.o(i.raw_input)
    raw_new                                  0x08005c81   Thumb Code    38  raw.o(i.raw_new)
    raw_recv                                 0x08005cad   Thumb Code     6  raw.o(i.raw_recv)
    raw_remove                               0x08005cb5   Thumb Code    40  raw.o(i.raw_remove)
    splitJsonTCPStr                          0x08005e81   Thumb Code   116  jsonaction.o(i.splitJsonTCPStr)
    sys_arch_mbox_fetch                      0x08005f29   Thumb Code    76  sys_arch.o(i.sys_arch_mbox_fetch)
    sys_arch_mbox_tryfetch                   0x08005f75   Thumb Code    28  sys_arch.o(i.sys_arch_mbox_tryfetch)
    sys_arch_sem_wait                        0x08005f91   Thumb Code    66  sys_arch.o(i.sys_arch_sem_wait)
    sys_arch_timeouts                        0x08005fd5   Thumb Code    40  sys_arch.o(i.sys_arch_timeouts)
    sys_init                                 0x08006005   Thumb Code    30  sys_arch.o(i.sys_init)
    sys_mbox_fetch                           0x0800602d   Thumb Code    96  sys.o(i.sys_mbox_fetch)
    sys_mbox_free                            0x0800608d   Thumb Code    18  sys_arch.o(i.sys_mbox_free)
    sys_mbox_new                             0x0800609f   Thumb Code     8  sys_arch.o(i.sys_mbox_new)
    sys_mbox_post                            0x080060a7   Thumb Code    26  sys_arch.o(i.sys_mbox_post)
    sys_mbox_trypost                         0x080060c1   Thumb Code    26  sys_arch.o(i.sys_mbox_trypost)
    sys_sem_free                             0x080060db   Thumb Code     4  sys_arch.o(i.sys_sem_free)
    sys_sem_new                              0x080060df   Thumb Code    50  sys_arch.o(i.sys_sem_new)
    sys_sem_signal                           0x08006111   Thumb Code    10  sys_arch.o(i.sys_sem_signal)
    sys_sem_wait                             0x0800611b   Thumb Code    86  sys.o(i.sys_sem_wait)
    sys_thread_new                           0x08006171   Thumb Code    72  sys_arch.o(i.sys_thread_new)
    sys_timeout                              0x080061c1   Thumb Code    98  sys.o(i.sys_timeout)
    sys_untimeout                            0x08006223   Thumb Code    78  sys.o(i.sys_untimeout)
    tcp_abandon                              0x08006271   Thumb Code   144  tcp.o(i.tcp_abandon)
    tcp_accept                               0x08006305   Thumb Code     4  tcp.o(i.tcp_accept)
    tcp_alloc                                0x08006311   Thumb Code   228  tcp.o(i.tcp_alloc)
    tcp_arg                                  0x08006401   Thumb Code     4  tcp.o(i.tcp_arg)
    tcp_bind                                 0x08006405   Thumb Code   186  tcp.o(i.tcp_bind)
    tcp_close                                0x080064c5   Thumb Code   154  tcp.o(i.tcp_close)
    tcp_eff_send_mss                         0x08006565   Thumb Code    32  tcp.o(i.tcp_eff_send_mss)
    tcp_enqueue                              0x08006585   Thumb Code   834  tcp_out.o(i.tcp_enqueue)
    tcp_err                                  0x080068c7   Thumb Code     6  tcp.o(i.tcp_err)
    tcp_fasttmr                              0x080068cd   Thumb Code    86  tcp.o(i.tcp_fasttmr)
    tcp_input                                0x08006929   Thumb Code   738  tcp_in.o(i.tcp_input)
    tcp_keepalive                            0x08006c21   Thumb Code    70  tcp_out.o(i.tcp_keepalive)
    tcp_listen_with_backlog                  0x08006d71   Thumb Code   140  tcp.o(i.tcp_listen_with_backlog)
    tcp_new                                  0x08006e05   Thumb Code     6  tcp.o(i.tcp_new)
    tcp_next_iss                             0x08006e6d   Thumb Code    12  tcp.o(i.tcp_next_iss)
    tcp_output                               0x08006e7d   Thumb Code   432  tcp_out.o(i.tcp_output)
    tcp_pcb_purge                            0x080071dd   Thumb Code    94  tcp.o(i.tcp_pcb_purge)
    tcp_pcb_remove                           0x08007241   Thumb Code    86  tcp.o(i.tcp_pcb_remove)
    tcp_poll                                 0x0800729d   Thumb Code    10  tcp.o(i.tcp_poll)
    tcp_recv                                 0x08007a39   Thumb Code     6  tcp.o(i.tcp_recv)
    tcp_recv_null                            0x08007a3f   Thumb Code    36  tcp.o(i.tcp_recv_null)
    tcp_recved                               0x08007a63   Thumb Code    60  tcp.o(i.tcp_recved)
    tcp_rexmit                               0x08007a9f   Thumb Code    78  tcp_out.o(i.tcp_rexmit)
    tcp_rexmit_fast                          0x08007aed   Thumb Code    86  tcp_out.o(i.tcp_rexmit_fast)
    tcp_rexmit_rto                           0x08007b43   Thumb Code    46  tcp_out.o(i.tcp_rexmit_rto)
    tcp_rst                                  0x08007b71   Thumb Code   156  tcp_out.o(i.tcp_rst)
    tcp_seg_free                             0x08007c0d   Thumb Code    32  tcp.o(i.tcp_seg_free)
    tcp_segs_free                            0x08007c2d   Thumb Code    26  tcp.o(i.tcp_segs_free)
    tcp_send_ctrl                            0x08007c47   Thumb Code    22  tcp_out.o(i.tcp_send_ctrl)
    tcp_send_empty_ack                       0x08007c5d   Thumb Code    86  tcp_out.o(i.tcp_send_empty_ack)
    tcp_sent                                 0x08007cb3   Thumb Code     6  tcp.o(i.tcp_sent)
    tcp_slowtmr                              0x08007cb9   Thumb Code   538  tcp.o(i.tcp_slowtmr)
    tcp_timer_needed                         0x08007ee5   Thumb Code    36  tcpip.o(i.tcp_timer_needed)
    tcp_tmr                                  0x08007f85   Thumb Code    28  tcp.o(i.tcp_tmr)
    tcp_update_rcv_ann_wnd                   0x08007fa5   Thumb Code    54  tcp.o(i.tcp_update_rcv_ann_wnd)
    tcp_write                                0x08007fdb   Thumb Code    46  tcp_out.o(i.tcp_write)
    tcp_zero_window_probe                    0x08008009   Thumb Code   144  tcp_out.o(i.tcp_zero_window_probe)
    tcpip_apimsg                             0x08008099   Thumb Code    48  tcpip.o(i.tcpip_apimsg)
    tcpip_init                               0x080080cd   Thumb Code    44  tcpip.o(i.tcpip_init)
    tcpip_input                              0x08008109   Thumb Code    68  tcpip.o(i.tcpip_input)
    udp_bind                                 0x0800823d   Thumb Code    86  udp.o(i.udp_bind)
    udp_input                                0x08008299   Thumb Code   352  udp.o(i.udp_input)
    udp_new                                  0x080083fd   Thumb Code    26  udp.o(i.udp_new)
    udp_recv                                 0x08008417   Thumb Code     6  udp.o(i.udp_recv)
    udp_remove                               0x0800841d   Thumb Code    40  udp.o(i.udp_remove)
    udp_sendto_if                            0x08008449   Thumb Code   178  udp.o(i.udp_sendto_if)
    uxQueueMessagesWaiting                   0x0800856d   Thumb Code    18  queue.o(i.uxQueueMessagesWaiting)
    vListInitialise                          0x0800857f   Thumb Code    22  list.o(i.vListInitialise)
    vListInitialiseItem                      0x08008595   Thumb Code     6  list.o(i.vListInitialiseItem)
    vListInsert                              0x0800859b   Thumb Code    48  list.o(i.vListInsert)
    vListInsertEnd                           0x080085cb   Thumb Code    28  list.o(i.vListInsertEnd)
    vListRemove                              0x080085e7   Thumb Code    36  list.o(i.vListRemove)
    vPortEnterCritical                       0x0800860d   Thumb Code    16  port.o(i.vPortEnterCritical)
    vPortExitCritical                        0x08008621   Thumb Code    16  port.o(i.vPortExitCritical)
    vPortFree                                0x08008635   Thumb Code    56  heap_2.o(i.vPortFree)
    vPortYieldFromISR                        0x08008671   Thumb Code    10  port.o(i.vPortYieldFromISR)
    vQueueDelete                             0x08008681   Thumb Code    20  queue.o(i.vQueueDelete)
    vTaskIncrementTick                       0x08008695   Thumb Code   114  tasks.o(i.vTaskIncrementTick)
    vTaskMissedYield                         0x08008711   Thumb Code     8  tasks.o(i.vTaskMissedYield)
    vTaskPlaceOnEventList                    0x0800871d   Thumb Code    74  tasks.o(i.vTaskPlaceOnEventList)
    vTaskPriorityDisinherit                  0x08008771   Thumb Code    64  tasks.o(i.vTaskPriorityDisinherit)
    vTaskPriorityInherit                     0x080087b9   Thumb Code    90  tasks.o(i.vTaskPriorityInherit)
    vTaskSetTimeOutState                     0x0800881d   Thumb Code    12  tasks.o(i.vTaskSetTimeOutState)
    vTaskStartScheduler                      0x0800882d   Thumb Code    50  tasks.o(i.vTaskStartScheduler)
    vTaskSuspend                             0x08008871   Thumb Code    94  tasks.o(i.vTaskSuspend)
    vTaskSuspendAll                          0x080088d9   Thumb Code    10  tasks.o(i.vTaskSuspendAll)
    vTaskSwitchContext                       0x080088e9   Thumb Code   126  tasks.o(i.vTaskSwitchContext)
    xPortStartScheduler                      0x08008971   Thumb Code    46  port.o(i.xPortStartScheduler)
    xPortSysTickHandler                      0x080089ad   Thumb Code    26  port.o(i.xPortSysTickHandler)
    xQueueCreate                             0x080089cd   Thumb Code    94  queue.o(i.xQueueCreate)
    xQueueCreateCountingSemaphore            0x08008a2b   Thumb Code    18  queue.o(i.xQueueCreateCountingSemaphore)
    xQueueGenericReceive                     0x08008a3d   Thumb Code   264  queue.o(i.xQueueGenericReceive)
    xQueueGenericSend                        0x08008b45   Thumb Code   210  queue.o(i.xQueueGenericSend)
    xQueueGenericSendFromISR                 0x08008c17   Thumb Code    84  queue.o(i.xQueueGenericSendFromISR)
    xTaskCheckForTimeOut                     0x08008c6d   Thumb Code    72  tasks.o(i.xTaskCheckForTimeOut)
    xTaskGenericCreate                       0x08008cb9   Thumb Code   352  tasks.o(i.xTaskGenericCreate)
    xTaskGetCurrentTaskHandle                0x08008e21   Thumb Code     6  tasks.o(i.xTaskGetCurrentTaskHandle)
    xTaskGetTickCount                        0x08008e2d   Thumb Code    18  tasks.o(i.xTaskGetTickCount)
    xTaskRemoveFromEventList                 0x08008e45   Thumb Code    88  tasks.o(i.xTaskRemoveFromEventList)
    xTaskResumeAll                           0x08008ea5   Thumb Code   168  tasks.o(i.xTaskResumeAll)
    tcp_persist_backoff                      0x080090f0   Data           7  tcp.o(.constdata)
    tcp_backoff                              0x080090f7   Data          13  tcp.o(.constdata)
    ip_addr_any                              0x08009104   Data           4  ip_addr.o(.constdata)
    ip_addr_broadcast                        0x08009108   Data           4  ip_addr.o(.constdata)
    ethbroadcast                             0x0800910c   Data           6  etharp.o(.constdata)
    ethzero                                  0x08009112   Data           6  etharp.o(.constdata)
    ASCII16x24_Table                         0x08009118   Data        4560  stm324xg_eval_lcd.o(.constdata)
    WelcomeStr                               0x0800a2e8   Data         936  stm324xg_eval_lcd.o(.constdata)
    COM_TX_PIN                               0x0800a690   Data           4  stm324xg_eval.o(.constdata)
    COM_RX_PIN                               0x0800a694   Data           4  stm324xg_eval.o(.constdata)
    COM_TX_PIN_SOURCE                        0x0800a698   Data           4  stm324xg_eval.o(.constdata)
    COM_RX_PIN_SOURCE                        0x0800a69c   Data           4  stm324xg_eval.o(.constdata)
    COM_TX_AF                                0x0800a6a0   Data           4  stm324xg_eval.o(.constdata)
    COM_RX_AF                                0x0800a6a4   Data           4  stm324xg_eval.o(.constdata)
    GPIO_PIN                                 0x0800a6a8   Data           8  stm324xg_eval.o(.constdata)
    BUTTON_PIN                               0x0800a6b0   Data           8  stm324xg_eval.o(.constdata)
    BUTTON_EXTI_LINE                         0x0800a6b8   Data           8  stm324xg_eval.o(.constdata)
    BUTTON_PORT_SOURCE                       0x0800a6c0   Data           8  stm324xg_eval.o(.constdata)
    BUTTON_PIN_SOURCE                        0x0800a6c8   Data           8  stm324xg_eval.o(.constdata)
    BUTTON_IRQn                              0x0800a6d0   Data           8  stm324xg_eval.o(.constdata)
    COM_USART_CLK                            0x0800a6d8   Data           8  stm324xg_eval.o(.constdata)
    COM_TX_PORT_CLK                          0x0800a6e0   Data           8  stm324xg_eval.o(.constdata)
    COM_RX_PORT_CLK                          0x0800a6e8   Data           8  stm324xg_eval.o(.constdata)
    GPIO_CLK                                 0x0800a6f0   Data          16  stm324xg_eval.o(.constdata)
    BUTTON_CLK                               0x0800a700   Data          16  stm324xg_eval.o(.constdata)
    __ctype_table                            0x0800a710   Data         129  ctype_o.o(.constdata)
    Region$$Table$$Base                      0x0800a800   Number         0  anon$$obj.o(Region$$Table)
    Region$$Table$$Limit                     0x0800a820   Number         0  anon$$obj.o(Region$$Table)
    SystemCoreClock                          0x20000000   Data           4  system_stm32f4xx.o(.data)
    AHBPrescTable                            0x20000004   Data          16  system_stm32f4xx.o(.data)
    EthLinkStatus                            0x20000014   Data           1  stm32f4x7_eth_bsp.o(.data)
    EthInitStatus                            0x20000018   Data           4  stm32f4x7_eth_bsp.o(.data)
    xNewConnQue                              0x2000001c   Data           4  myserver.o(.data)
    xJsonPakFilledQue                        0x20000020   Data           4  jsonaction.o(.data)
    xJsonPakEmptyQue                         0x20000024   Data           4  jsonaction.o(.data)
    netif_list                               0x2000005c   Data           4  netif.o(.data)
    netif_default                            0x20000060   Data           4  netif.o(.data)
    tcp_ticks                                0x20000070   Data           4  tcp.o(.data)
    tcp_bound_pcbs                           0x20000074   Data           4  tcp.o(.data)
    tcp_listen_pcbs                          0x20000078   Data           4  tcp.o(.data)
    tcp_active_pcbs                          0x2000007c   Data           4  tcp.o(.data)
    tcp_tw_pcbs                              0x20000080   Data           4  tcp.o(.data)
    tcp_tmp_pcb                              0x20000084   Data           4  tcp.o(.data)
    tcp_state_str                            0x20000088   Data          44  tcp.o(.data)
    tcp_input_pcb                            0x200000cc   Data           4  tcp_in.o(.data)
    udp_pcbs                                 0x200000d0   Data           4  udp.o(.data)
    current_netif                            0x200000d8   Data           4  ip.o(.data)
    current_header                           0x200000dc   Data           4  ip.o(.data)
    s_xSemaphore                             0x200000e8   Data           4  ethernetif.o(.data)
    DMATxDescToSet                           0x20000104   Data           4  stm32f4x7_eth.o(.data)
    DMARxDescToGet                           0x20000108   Data           4  stm32f4x7_eth.o(.data)
    DMA_RX_FRAME_infos                       0x2000010c   Data           4  stm32f4x7_eth.o(.data)
    TextColor                                0x20000110   Data           2  stm324xg_eval_lcd.o(.data)
    BackColor                                0x20000112   Data           2  stm324xg_eval_lcd.o(.data)
    DeviceCode                               0x20000114   Data           2  stm324xg_eval_lcd.o(.data)
    Font16x24                                0x2000011c   Data           8  stm324xg_eval_lcd.o(.data)
    NVIC_InitStructure                       0x20000124   Data           4  stm324xg_eval.o(.data)
    COM_USART                                0x20000128   Data           8  stm324xg_eval.o(.data)
    COM_TX_PORT                              0x20000130   Data           8  stm324xg_eval.o(.data)
    COM_RX_PORT                              0x20000138   Data           8  stm324xg_eval.o(.data)
    GPIO_PORT                                0x20000140   Data          16  stm324xg_eval.o(.data)
    BUTTON_PORT                              0x20000150   Data          16  stm324xg_eval.o(.data)
    pxCurrentTCB                             0x2000017c   Data           4  tasks.o(.data)
    __stdout                                 0x200001cc   Data           4  stdout.o(.data)
    xnetif                                   0x200001d4   Data          56  netconf.o(.bss)
    jsonData                                 0x2000020c   Data        1280  jsonaction.o(.bss)
    arrayForJsonDataPrt                      0x2000070c   Data          40  jsonaction.o(.bss)
    DMARxDscrTab                             0x200057a4   Data         160  stm32f4x7_eth.o(.bss)
    DMATxDscrTab                             0x20005844   Data         160  stm32f4x7_eth.o(.bss)
    Rx_Buff                                  0x200058e4   Data        7620  stm32f4x7_eth.o(.bss)
    Tx_Buff                                  0x200076a8   Data        7620  stm32f4x7_eth.o(.bss)
    RX_Frame_Descriptor                      0x2000946c   Data          12  stm32f4x7_eth.o(.bss)
    __initial_sp                             0x2000d5a0   Data           0  startup_stm32f4xx.o(STACK)



==============================================================================

Memory Map of the image

  Image Entry point : 0x08000189

  Load Region LR_IROM1 (Base: 0x08000000, Size: 0x0000a9f4, Max: 0x00100000, ABSOLUTE, COMPRESSED[0x0000a890])

    Execution Region ER_IROM1 (Base: 0x08000000, Size: 0x0000a820, Max: 0x00100000, ABSOLUTE)

    Base Addr    Size         Type   Attr      Idx    E Section Name        Object

    0x08000000   0x00000188   Data   RO          139    RESET               startup_stm32f4xx.o
    0x08000188   0x00000000   Code   RO         6047  * .ARM.Collect$$$$00000000  mc_w.l(entry.o)
    0x08000188   0x00000004   Code   RO         6347    .ARM.Collect$$$$00000001  mc_w.l(entry2.o)
    0x0800018c   0x00000004   Code   RO         6350    .ARM.Collect$$$$00000004  mc_w.l(entry5.o)
    0x08000190   0x00000000   Code   RO         6352    .ARM.Collect$$$$00000008  mc_w.l(entry7b.o)
    0x08000190   0x00000008   Code   RO         6353    .ARM.Collect$$$$00000009  mc_w.l(entry8.o)
    0x08000198   0x00000004   Code   RO         6348    .ARM.Collect$$$$00002712  mc_w.l(entry2.o)
    0x0800019c   0x00000088   Code   RO         5568    .emb_text           port.o
    0x08000224   0x00000024   Code   RO          140    .text               startup_stm32f4xx.o
    0x08000248   0x00000024   Code   RO         6050    .text               mc_w.l(memcpya.o)
    0x0800026c   0x00000026   Code   RO         6052    .text               mc_w.l(memseta.o)
    0x08000292   0x0000002c   Code   RO         6056    .text               mc_w.l(strstr.o)
    0x080002be   0x00000018   Code   RO         6058    .text               mc_w.l(strncpy.o)
    0x080002d6   0x00000010   Code   RO         6060    .text               mc_w.l(strlen.o)
    0x080002e6   0x0000001a   Code   RO         6064    .text               mc_w.l(memcmp.o)
    0x08000300   0x00000044   Code   RO         6066    .text               mc_w.l(strtok.o)
    0x08000344   0x0000001a   Code   RO         6335    .text               mc_w.l(atoi.o)
    0x0800035e   0x0000002c   Code   RO         6355    .text               mc_w.l(uidiv.o)
    0x0800038a   0x00000070   Code   RO         6368    .text               mc_w.l(strtol.o)
    0x080003fa   0x00000002   PAD
    0x080003fc   0x00000024   Code   RO         6381    .text               mc_w.l(init.o)
    0x08000420   0x00000008   Code   RO         6391    .text               mc_w.l(ctype_o.o)
    0x08000428   0x0000009e   Code   RO         6425    .text               mc_w.l(_strtoul.o)
    0x080004c6   0x0000001c   Code   RO         6430    .text               mc_w.l(_chval.o)
    0x080004e2   0x0000005c   Code   RO         6446    .text               mc_w.l(__dczerorl2.o)
    0x0800053e   0x00000002   PAD
    0x08000540   0x00000020   Code   RO          440    i.BusFault_Handler  stm32f4xx_it.o
    0x08000560   0x00000002   Code   RO          441    i.DebugMon_Handler  stm32f4xx_it.o
    0x08000562   0x00000002   PAD
    0x08000564   0x000000a0   Code   RO          393    i.ETH_BSP_Config    stm32f4x7_eth_bsp.o
    0x08000604   0x0000000c   Code   RO         4594    i.ETH_DMAClearITPendingBit  stm32f4x7_eth.o
    0x08000610   0x00000018   Code   RO         4595    i.ETH_DMAITConfig   stm32f4x7_eth.o
    0x08000628   0x0000001c   Code   RO         4596    i.ETH_DMAReceptionCmd  stm32f4x7_eth.o
    0x08000644   0x00000058   Code   RO         4597    i.ETH_DMARxDescChainInit  stm32f4x7_eth.o
    0x0800069c   0x00000012   Code   RO         4598    i.ETH_DMARxDescReceiveITConfig  stm32f4x7_eth.o
    0x080006ae   0x00000002   PAD
    0x080006b0   0x0000001c   Code   RO         4599    i.ETH_DMATransmissionCmd  stm32f4x7_eth.o
    0x080006cc   0x00000048   Code   RO         4602    i.ETH_DMATxDescChainInit  stm32f4x7_eth.o
    0x08000714   0x00000008   Code   RO         4603    i.ETH_DMATxDescChecksumInsertionConfig  stm32f4x7_eth.o
    0x0800071c   0x00000018   Code   RO         4608    i.ETH_DeInit        stm32f4x7_eth.o
    0x08000734   0x0000000a   Code   RO         4609    i.ETH_Delay         stm32f4x7_eth.o
    0x0800073e   0x00000002   PAD
    0x08000740   0x00000010   Code   RO         4611    i.ETH_FlushTransmitFIFO  stm32f4x7_eth.o
    0x08000750   0x000000d4   Code   RO          394    i.ETH_GPIO_Config   stm32f4x7_eth_bsp.o
    0x08000824   0x00000014   Code   RO         4617    i.ETH_GetDMAFlagStatus  stm32f4x7_eth.o
    0x08000838   0x00000014   Code   RO         4637    i.ETH_GetSoftwareResetStatus  stm32f4x7_eth.o
    0x0800084c   0x0000008c   Code   RO         4640    i.ETH_Get_Received_Frame_interrupt  stm32f4x7_eth.o
    0x080008d8   0x0000003c   Code   RO          442    i.ETH_IRQHandler    stm32f4xx_it.o
    0x08000914   0x00000238   Code   RO         4642    i.ETH_Init          stm32f4x7_eth.o
    0x08000b4c   0x0000001c   Code   RO         4644    i.ETH_MACAddressConfig  stm32f4x7_eth.o
    0x08000b68   0x00000084   Code   RO          395    i.ETH_MACDMA_Config  stm32f4x7_eth_bsp.o
    0x08000bec   0x0000001c   Code   RO         4649    i.ETH_MACReceptionCmd  stm32f4x7_eth.o
    0x08000c08   0x0000001c   Code   RO         4650    i.ETH_MACTransmissionCmd  stm32f4x7_eth.o
    0x08000c24   0x000000ac   Code   RO         4661    i.ETH_Prepare_Transmit_Descriptors  stm32f4x7_eth.o
    0x08000cd0   0x00000050   Code   RO         4662    i.ETH_ReadPHYRegister  stm32f4x7_eth.o
    0x08000d20   0x00000010   Code   RO         4670    i.ETH_SoftwareReset  stm32f4x7_eth.o
    0x08000d30   0x00000022   Code   RO         4671    i.ETH_Start         stm32f4x7_eth.o
    0x08000d52   0x00000088   Code   RO         4672    i.ETH_StructInit    stm32f4x7_eth.o
    0x08000dda   0x00000002   PAD
    0x08000ddc   0x0000004c   Code   RO         4674    i.ETH_WritePHYRegister  stm32f4x7_eth.o
    0x08000e28   0x0000001e   Code   RO          443    i.EXTI3_IRQHandler  stm32f4xx_it.o
    0x08000e46   0x00000002   PAD
    0x08000e48   0x0000000c   Code   RO         3406    i.EXTI_ClearITPendingBit  stm32f4xx_exti.o
    0x08000e54   0x00000020   Code   RO         3410    i.EXTI_GetITStatus  stm32f4xx_exti.o
    0x08000e74   0x00000070   Code   RO         3411    i.EXTI_Init         stm32f4xx_exti.o
    0x08000ee4   0x00000074   Code   RO          396    i.Eth_Link_EXTIConfig  stm32f4x7_eth_bsp.o
    0x08000f58   0x000000bc   Code   RO          397    i.Eth_Link_ITHandler  stm32f4x7_eth_bsp.o
    0x08001014   0x00000036   Code   RO          398    i.Eth_Link_PHYITConfig  stm32f4x7_eth_bsp.o
    0x0800104a   0x00000002   PAD
    0x0800104c   0x00000020   Code   RO         3664    i.FSMC_NORSRAMCmd   stm32f4xx_fsmc.o
    0x0800106c   0x000000c0   Code   RO         3666    i.FSMC_NORSRAMInit  stm32f4xx_fsmc.o
    0x0800112c   0x0000007c   Code   RO         3778    i.GPIO_Init         stm32f4xx_gpio.o
    0x080011a8   0x00000020   Code   RO         3779    i.GPIO_PinAFConfig  stm32f4xx_gpio.o
    0x080011c8   0x00000004   Code   RO         3786    i.GPIO_SetBits      stm32f4xx_gpio.o
    0x080011cc   0x00000020   Code   RO          444    i.HardFault_Handler  stm32f4xx_it.o
    0x080011ec   0x00000026   Code   RO         5108    i.LCD_Clear         stm324xg_eval_lcd.o
    0x08001212   0x00000002   PAD
    0x08001214   0x0000016c   Code   RO         5112    i.LCD_CtrlLinesConfig  stm324xg_eval_lcd.o
    0x08001380   0x00000020   Code   RO         5114    i.LCD_DisplayChar   stm324xg_eval_lcd.o
    0x080013a0   0x00000038   Code   RO         5117    i.LCD_DisplayStringLine  stm324xg_eval_lcd.o
    0x080013d8   0x00000034   Code   RO         5118    i.LCD_DisplayWelcomeStr  stm324xg_eval_lcd.o
    0x0800140c   0x00000098   Code   RO         5119    i.LCD_DrawChar      stm324xg_eval_lcd.o
    0x080014a4   0x0000006a   Code   RO         5120    i.LCD_DrawChinaChar  stm324xg_eval_lcd.o
    0x0800150e   0x0000006e   Code   RO         5128    i.LCD_FSMCConfig    stm324xg_eval_lcd.o
    0x0800157c   0x0000000c   Code   RO         5131    i.LCD_GetFont       stm324xg_eval_lcd.o
    0x08001588   0x000000e0   Code   RO          145    i.LCD_LED_Init      main.o
    0x08001668   0x0000000a   Code   RO         5138    i.LCD_ReadReg       stm324xg_eval_lcd.o
    0x08001672   0x00000002   PAD
    0x08001674   0x0000000c   Code   RO         5139    i.LCD_SetBackColor  stm324xg_eval_lcd.o
    0x08001680   0x0000000c   Code   RO         5140    i.LCD_SetColors     stm324xg_eval_lcd.o
    0x0800168c   0x00000058   Code   RO         5141    i.LCD_SetCursor     stm324xg_eval_lcd.o
    0x080016e4   0x0000000c   Code   RO         5145    i.LCD_SetTextColor  stm324xg_eval_lcd.o
    0x080016f0   0x0000000a   Code   RO         5150    i.LCD_WriteReg      stm324xg_eval_lcd.o
    0x080016fa   0x00000002   PAD
    0x080016fc   0x000000e4   Code   RO          328    i.LwIP_Init         netconf.o
    0x080017e0   0x00000020   Code   RO          445    i.MemManage_Handler  stm32f4xx_it.o
    0x08001800   0x00000002   Code   RO          446    i.NMI_Handler       stm32f4xx_it.o
    0x08001802   0x00000002   PAD
    0x08001804   0x00000064   Code   RO         3003    i.NVIC_Init         misc.o
    0x08001868   0x00000014   Code   RO         3004    i.NVIC_PriorityGroupConfig  misc.o
    0x0800187c   0x000000ac   Code   RO         5500    i.Printf_Init       printf.o
    0x08001928   0x00000018   Code   RO         3871    i.RCC_AHB1PeriphClockCmd  stm32f4xx_rcc.o
    0x08001940   0x00000018   Code   RO         3873    i.RCC_AHB1PeriphResetCmd  stm32f4xx_rcc.o
    0x08001958   0x00000018   Code   RO         3877    i.RCC_AHB3PeriphClockCmd  stm32f4xx_rcc.o
    0x08001970   0x00000018   Code   RO         3880    i.RCC_APB1PeriphClockCmd  stm32f4xx_rcc.o
    0x08001988   0x00000018   Code   RO         3883    i.RCC_APB2PeriphClockCmd  stm32f4xx_rcc.o
    0x080019a0   0x00000098   Code   RO         3892    i.RCC_GetClocksFreq  stm32f4xx_rcc.o
    0x08001a38   0x000006e4   Code   RO         5152    i.STM324xG_LCD_Init  stm324xg_eval_lcd.o
    0x0800211c   0x000000dc   Code   RO         5405    i.STM_EVAL_COMInit  stm324xg_eval.o
    0x080021f8   0x00000048   Code   RO         5406    i.STM_EVAL_LEDInit  stm324xg_eval.o
    0x08002240   0x0000000c   Code   RO         4339    i.SYSCFG_ETH_MediaInterfaceConfig  stm32f4xx_syscfg.o
    0x0800224c   0x00000028   Code   RO         4340    i.SYSCFG_EXTILineConfig  stm32f4xx_syscfg.o
    0x08002274   0x0000009c   Code   RO            2    i.SetSysClock       system_stm32f4xx.o
    0x08002310   0x00000004   Code   RO          449    i.SysTick_Handler   stm32f4xx_it.o
    0x08002314   0x0000007c   Code   RO            3    i.SystemCoreClockUpdate  system_stm32f4xx.o
    0x08002390   0x00000050   Code   RO            4    i.SystemInit        system_stm32f4xx.o
    0x080023e0   0x00000014   Code   RO         2823    i.USART_Cmd         stm32f4xx_usart.o
    0x080023f4   0x0000000e   Code   RO         2826    i.USART_GetFlagStatus  stm32f4xx_usart.o
    0x08002402   0x00000030   Code   RO         2829    i.USART_ITConfig    stm32f4xx_usart.o
    0x08002432   0x00000002   PAD
    0x08002434   0x000000b8   Code   RO         2830    i.USART_Init        stm32f4xx_usart.o
    0x080024ec   0x00000008   Code   RO         2840    i.USART_SendData    stm32f4xx_usart.o
    0x080024f4   0x00000020   Code   RO          450    i.UsageFault_Handler  stm32f4xx_it.o
    0x08002514   0x00000020   Code   RO         6163    i.__0printf$3       mc_w.l(printf3.o)
    0x08002534   0x00000028   Code   RO         6165    i.__0sprintf$3      mc_w.l(printf3.o)
    0x0800255c   0x00000008   Code   RO         6359    i.__aeabi_errno_addr  mc_w.l(errno.o)
    0x08002564   0x0000000e   Code   RO         6440    i.__scatterload_copy  mc_w.l(handlers.o)
    0x08002572   0x00000002   Code   RO         6441    i.__scatterload_null  mc_w.l(handlers.o)
    0x08002574   0x0000000e   Code   RO         6442    i.__scatterload_zeroinit  mc_w.l(handlers.o)
    0x08002582   0x00000002   PAD
    0x08002584   0x000001b4   Code   RO         6170    i._printf_core      mc_w.l(printf3.o)
    0x08002738   0x0000000a   Code   RO         6172    i._sputc            mc_w.l(printf3.o)
    0x08002742   0x00000058   Code   RO          836    i.accept_function   api_msg.o
    0x0800279a   0x00000002   PAD
    0x0800279c   0x0000005c   Code   RO         1073    i.alloc_socket      sockets.o
    0x080027f8   0x0000001c   Code   RO         1238    i.arp_timer         tcpip.o
    0x08002814   0x0000001c   Code   RO         2663    i.arp_timer         ethernetif.o
    0x08002830   0x00000028   Code   RO         2342    i.autoip_arp_announce  autoip.o
    0x08002858   0x0000009a   Code   RO         2343    i.autoip_arp_reply  autoip.o
    0x080028f2   0x00000002   Code   RO         2344    i.autoip_init       autoip.o
    0x080028f4   0x00000098   Code   RO         2346    i.autoip_start      autoip.o
    0x0800298c   0x00000044   Code   RO         2347    i.autoip_start_probing  autoip.o
    0x080029d0   0x00000018   Code   RO         1239    i.autoip_timer      tcpip.o
    0x080029e8   0x00000120   Code   RO         2349    i.autoip_tmr        autoip.o
    0x08002b08   0x00000014   Code   RO         5153    i.delay             stm324xg_eval_lcd.o
    0x08002b1c   0x0000001e   Code   RO         1368    i.dhcp_arp_reply    dhcp.o
    0x08002b3a   0x00000002   PAD
    0x08002b3c   0x000000d8   Code   RO         1369    i.dhcp_bind         dhcp.o
    0x08002c14   0x00000026   Code   RO         1370    i.dhcp_check        dhcp.o
    0x08002c3a   0x00000002   PAD
    0x08002c3c   0x00000060   Code   RO         1371    i.dhcp_coarse_tmr   dhcp.o
    0x08002c9c   0x00000104   Code   RO         1372    i.dhcp_create_request  dhcp.o
    0x08002da0   0x0000007c   Code   RO         1373    i.dhcp_decline      dhcp.o
    0x08002e1c   0x0000001c   Code   RO         1374    i.dhcp_delete_request  dhcp.o
    0x08002e38   0x000000c8   Code   RO         1375    i.dhcp_discover     dhcp.o
    0x08002f00   0x00000034   Code   RO         1376    i.dhcp_fine_tmr     dhcp.o
    0x08002f34   0x00000020   Code   RO         1383    i.dhcp_option       dhcp.o
    0x08002f54   0x00000010   Code   RO         1384    i.dhcp_option_byte  dhcp.o
    0x08002f64   0x00000042   Code   RO         1385    i.dhcp_option_long  dhcp.o
    0x08002fa6   0x00000022   Code   RO         1386    i.dhcp_option_short  dhcp.o
    0x08002fc8   0x00000030   Code   RO         1387    i.dhcp_option_trailer  dhcp.o
    0x08002ff8   0x00000094   Code   RO         1388    i.dhcp_rebind       dhcp.o
    0x0800308c   0x000000ac   Code   RO         1389    i.dhcp_reboot       dhcp.o
    0x08003138   0x000000b4   Code   RO         1391    i.dhcp_release      dhcp.o
    0x080031ec   0x00000090   Code   RO         1392    i.dhcp_renew        dhcp.o
    0x0800327c   0x000000f0   Code   RO         1393    i.dhcp_select       dhcp.o
    0x0800336c   0x0000000e   Code   RO         1394    i.dhcp_set_state    dhcp.o
    0x0800337a   0x00000088   Code   RO         1397    i.dhcp_timeout      dhcp.o
    0x08003402   0x00000002   PAD
    0x08003404   0x0000001c   Code   RO         1240    i.dhcp_timer_coarse  tcpip.o
    0x08003420   0x0000001c   Code   RO         1241    i.dhcp_timer_fine   tcpip.o
    0x0800343c   0x0000005c   Code   RO          837    i.do_bind           api_msg.o
    0x08003498   0x000000a8   Code   RO          839    i.do_close_internal  api_msg.o
    0x08003540   0x00000068   Code   RO          842    i.do_delconn        api_msg.o
    0x080035a8   0x00000072   Code   RO          844    i.do_getaddr        api_msg.o
    0x0800361a   0x00000002   PAD
    0x0800361c   0x00000094   Code   RO          845    i.do_listen         api_msg.o
    0x080036b0   0x0000001c   Code   RO          846    i.do_newconn        api_msg.o
    0x080036cc   0x0000003c   Code   RO          847    i.do_recv           api_msg.o
    0x08003708   0x000000b8   Code   RO          850    i.do_writemore      api_msg.o
    0x080037c0   0x00000064   Code   RO          851    i.err_tcp           api_msg.o
    0x08003824   0x00000100   Code   RO         2564    i.etharp_arp_input  etharp.o
    0x08003924   0x000000b8   Code   RO         2567    i.etharp_output     etharp.o
    0x080039dc   0x0000008c   Code   RO         2568    i.etharp_query      etharp.o
    0x08003a68   0x000000b8   Code   RO         2569    i.etharp_raw        etharp.o
    0x08003b20   0x00000024   Code   RO         2570    i.etharp_request    etharp.o
    0x08003b44   0x00000036   Code   RO         2571    i.etharp_send_ip    etharp.o
    0x08003b7a   0x00000002   PAD
    0x08003b7c   0x0000003c   Code   RO         2572    i.etharp_tmr        etharp.o
    0x08003bb8   0x0000004c   Code   RO         2573    i.ethernet_input    etharp.o
    0x08003c04   0x00000038   Code   RO         2664    i.ethernetif_init   ethernetif.o
    0x08003c3c   0x00000030   Code   RO         2665    i.ethernetif_input  ethernetif.o
    0x08003c6c   0x000000e8   Code   RO         1074    i.event_callback    sockets.o
    0x08003d54   0x000000e4   Code   RO         2574    i.find_entry        etharp.o
    0x08003e38   0x00000024   Code   RO         5509    i.fputc             printf.o
    0x08003e5c   0x0000001c   Code   RO         1075    i.get_socket        sockets.o
    0x08003e78   0x0000011c   Code   RO          590    i.handleLongConnTask  myserver.o
    0x08003f94   0x00000004   Code   RO         2421    i.htonl             inet.o
    0x08003f98   0x00000004   Code   RO         2422    i.htons             inet.o
    0x08003f9c   0x00000066   Code   RO         2397    i.icmp_dest_unreach  icmp.o
    0x08004002   0x00000114   Code   RO         2398    i.icmp_input        icmp.o
    0x08004116   0x0000000c   Code   RO         2470    i.inet_chksum       inet_chksum.o
    0x08004122   0x00000048   Code   RO         2471    i.inet_chksum_pbuf  inet_chksum.o
    0x0800416a   0x00000030   Code   RO         2535    i.ip_addr_isbroadcast  ip_addr.o
    0x0800419a   0x00000002   PAD
    0x0800419c   0x0000017c   Code   RO         2499    i.ip_input          ip.o
    0x08004318   0x00000034   Code   RO         2500    i.ip_output         ip.o
    0x0800434c   0x000000b0   Code   RO         2501    i.ip_output_if      ip.o
    0x080043fc   0x00000048   Code   RO         2502    i.ip_route          ip.o
    0x08004444   0x000000b4   Code   RO          591    i.jsonActionTask    myserver.o
    0x080044f8   0x000000cc   Code   RO         2666    i.low_level_init    ethernetif.o
    0x080045c4   0x00000088   Code   RO         2667    i.low_level_input   ethernetif.o
    0x0800464c   0x00000070   Code   RO         2668    i.low_level_output  ethernetif.o
    0x080046bc   0x0000011c   Code   RO         1076    i.lwip_accept       sockets.o
    0x080047d8   0x00000058   Code   RO         1077    i.lwip_bind         sockets.o
    0x08004830   0x00000040   Code   RO         1078    i.lwip_close        sockets.o
    0x08004870   0x0000001a   Code   RO         1548    i.lwip_init         init.o
    0x0800488a   0x00000002   PAD
    0x0800488c   0x0000004c   Code   RO         1086    i.lwip_listen       sockets.o
    0x080048d8   0x0000000e   Code   RO         1087    i.lwip_read         sockets.o
    0x080048e6   0x00000002   PAD
    0x080048e8   0x00000184   Code   RO         1089    i.lwip_recvfrom     sockets.o
    0x08004a6c   0x00000058   Code   RO         1097    i.lwip_socket       sockets.o
    0x08004ac4   0x0000001c   Code   RO         1098    i.lwip_socket_init  sockets.o
    0x08004ae0   0x0000003a   Code   RO         2473    i.lwip_standard_chksum  inet_chksum.o
    0x08004b1a   0x00000002   PAD
    0x08004b1c   0x000000b0   Code   RO          150    i.main              main.o
    0x08004bcc   0x00000040   Code   RO         1578    i.mem_free          mem.o
    0x08004c0c   0x0000003c   Code   RO         1579    i.mem_init          mem.o
    0x08004c48   0x000000c0   Code   RO         1580    i.mem_malloc        mem.o
    0x08004d08   0x000000d8   Code   RO         1581    i.mem_realloc       mem.o
    0x08004de0   0x00000018   Code   RO         1621    i.memp_free         memp.o
    0x08004df8   0x00000058   Code   RO         1622    i.memp_init         memp.o
    0x08004e50   0x00000020   Code   RO         1623    i.memp_malloc       memp.o
    0x08004e70   0x00000188   Code   RO          592    i.my_server_socket_init  myserver.o
    0x08004ff8   0x00000154   Code   RO          593    i.my_server_socket_thread  myserver.o
    0x0800514c   0x00000022   Code   RO         1001    i.netbuf_delete     netbuf.o
    0x0800516e   0x00000002   PAD
    0x08005170   0x00000040   Code   RO          729    i.netconn_accept    api_lib.o
    0x080051b0   0x00000074   Code   RO          852    i.netconn_alloc     api_msg.o
    0x08005224   0x0000002c   Code   RO          730    i.netconn_bind      api_lib.o
    0x08005250   0x00000028   Code   RO          733    i.netconn_delete    api_lib.o
    0x08005278   0x00000068   Code   RO          853    i.netconn_free      api_msg.o
    0x080052e0   0x00000034   Code   RO          735    i.netconn_getaddr   api_lib.o
    0x08005314   0x0000002c   Code   RO          736    i.netconn_listen_with_backlog  api_lib.o
    0x08005340   0x00000048   Code   RO          737    i.netconn_new_with_proto_and_callback  api_lib.o
    0x08005388   0x000000d0   Code   RO          738    i.netconn_recv      api_lib.o
    0x08005458   0x0000004c   Code   RO         1662    i.netif_add         netif.o
    0x080054a4   0x0000000a   Code   RO         1664    i.netif_is_up       netif.o
    0x080054ae   0x00000020   Code   RO         1666    i.netif_set_addr    netif.o
    0x080054ce   0x00000002   PAD
    0x080054d0   0x0000000c   Code   RO         1667    i.netif_set_default  netif.o
    0x080054dc   0x00000012   Code   RO         1668    i.netif_set_down    netif.o
    0x080054ee   0x00000008   Code   RO         1669    i.netif_set_gw      netif.o
    0x080054f6   0x00000002   PAD
    0x080054f8   0x00000064   Code   RO         1670    i.netif_set_ipaddr  netif.o
    0x0800555c   0x00000008   Code   RO         1671    i.netif_set_netmask  netif.o
    0x08005564   0x0000001c   Code   RO         1672    i.netif_set_up      netif.o
    0x08005580   0x00000004   Code   RO         2426    i.ntohl             inet.o
    0x08005584   0x00000004   Code   RO         2427    i.ntohs             inet.o
    0x08005588   0x00000110   Code   RO         1741    i.pbuf_alloc        pbuf.o
    0x08005698   0x00000028   Code   RO         1742    i.pbuf_cat          pbuf.o
    0x080056c0   0x00000012   Code   RO         1743    i.pbuf_chain        pbuf.o
    0x080056d2   0x00000012   Code   RO         1744    i.pbuf_clen         pbuf.o
    0x080056e4   0x00000090   Code   RO         1746    i.pbuf_copy         pbuf.o
    0x08005774   0x00000068   Code   RO         1747    i.pbuf_copy_partial  pbuf.o
    0x080057dc   0x00000044   Code   RO         1749    i.pbuf_free         pbuf.o
    0x08005820   0x00000060   Code   RO         1750    i.pbuf_header       pbuf.o
    0x08005880   0x00000050   Code   RO         1751    i.pbuf_realloc      pbuf.o
    0x080058d0   0x0000000c   Code   RO         1752    i.pbuf_ref          pbuf.o
    0x080058dc   0x00000090   Code   RO          854    i.pcb_new           api_msg.o
    0x0800596c   0x00000054   Code   RO         1582    i.plug_holes        mem.o
    0x080059c0   0x0000001c   Code   RO          855    i.poll_tcp          api_msg.o
    0x080059dc   0x00000060   Code   RO         5661    i.prvCheckTasksWaitingTermination  tasks.o
    0x08005a3c   0x0000002a   Code   RO         5947    i.prvCopyDataFromQueue  queue.o
    0x08005a66   0x0000005a   Code   RO         5948    i.prvCopyDataToQueue  queue.o
    0x08005ac0   0x00000018   Code   RO         5662    i.prvIdleTask       tasks.o
    0x08005ad8   0x00000064   Code   RO         5949    i.prvUnlockQueue    queue.o
    0x08005b3c   0x000000b0   Code   RO         5622    i.pvPortMalloc      heap_2.o
    0x08005bec   0x0000001c   Code   RO         5569    i.pxPortInitialiseStack  port.o
    0x08005c08   0x0000000a   Code   RO         1828    i.raw_bind          raw.o
    0x08005c12   0x00000002   PAD
    0x08005c14   0x0000006c   Code   RO         1830    i.raw_input         raw.o
    0x08005c80   0x0000002c   Code   RO         1831    i.raw_new           raw.o
    0x08005cac   0x00000006   Code   RO         1832    i.raw_recv          raw.o
    0x08005cb2   0x00000002   PAD
    0x08005cb4   0x0000002c   Code   RO         1833    i.raw_remove        raw.o
    0x08005ce0   0x00000072   Code   RO          856    i.recv_raw          api_msg.o
    0x08005d52   0x00000040   Code   RO          857    i.recv_tcp          api_msg.o
    0x08005d92   0x00000068   Code   RO          858    i.recv_udp          api_msg.o
    0x08005dfa   0x00000042   Code   RO          859    i.sent_tcp          api_msg.o
    0x08005e3c   0x00000044   Code   RO          860    i.setup_tcp         api_msg.o
    0x08005e80   0x000000a8   Code   RO          697    i.splitJsonTCPStr   jsonaction.o
    0x08005f28   0x0000004c   Code   RO         2707    i.sys_arch_mbox_fetch  sys_arch.o
    0x08005f74   0x0000001c   Code   RO         2708    i.sys_arch_mbox_tryfetch  sys_arch.o
    0x08005f90   0x00000042   Code   RO         2710    i.sys_arch_sem_wait  sys_arch.o
    0x08005fd2   0x00000002   PAD
    0x08005fd4   0x00000030   Code   RO         2711    i.sys_arch_timeouts  sys_arch.o
    0x08006004   0x00000028   Code   RO         2714    i.sys_init          sys_arch.o
    0x0800602c   0x00000060   Code   RO         1891    i.sys_mbox_fetch    sys.o
    0x0800608c   0x00000012   Code   RO         2715    i.sys_mbox_free     sys_arch.o
    0x0800609e   0x00000008   Code   RO         2716    i.sys_mbox_new      sys_arch.o
    0x080060a6   0x0000001a   Code   RO         2717    i.sys_mbox_post     sys_arch.o
    0x080060c0   0x0000001a   Code   RO         2718    i.sys_mbox_trypost  sys_arch.o
    0x080060da   0x00000004   Code   RO         2719    i.sys_sem_free      sys_arch.o
    0x080060de   0x00000032   Code   RO         2720    i.sys_sem_new       sys_arch.o
    0x08006110   0x0000000a   Code   RO         2721    i.sys_sem_signal    sys_arch.o
    0x0800611a   0x00000056   Code   RO         1893    i.sys_sem_wait      sys.o
    0x08006170   0x00000050   Code   RO         2722    i.sys_thread_new    sys_arch.o
    0x080061c0   0x00000062   Code   RO         1895    i.sys_timeout       sys.o
    0x08006222   0x0000004e   Code   RO         1896    i.sys_untimeout     sys.o
    0x08006270   0x00000094   Code   RO         1946    i.tcp_abandon       tcp.o
    0x08006304   0x00000004   Code   RO         1947    i.tcp_accept        tcp.o
    0x08006308   0x00000006   Code   RO         1948    i.tcp_accept_null   tcp.o
    0x0800630e   0x00000002   PAD
    0x08006310   0x000000f0   Code   RO         1949    i.tcp_alloc         tcp.o
    0x08006400   0x00000004   Code   RO         1950    i.tcp_arg           tcp.o
    0x08006404   0x000000c0   Code   RO         1951    i.tcp_bind          tcp.o
    0x080064c4   0x000000a0   Code   RO         1952    i.tcp_close         tcp.o
    0x08006564   0x00000020   Code   RO         1955    i.tcp_eff_send_mss  tcp.o
    0x08006584   0x00000342   Code   RO         2177    i.tcp_enqueue       tcp_out.o
    0x080068c6   0x00000006   Code   RO         1956    i.tcp_err           tcp.o
    0x080068cc   0x0000005c   Code   RO         1957    i.tcp_fasttmr       tcp.o
    0x08006928   0x000002f8   Code   RO         2129    i.tcp_input         tcp_in.o
    0x08006c20   0x00000046   Code   RO         2178    i.tcp_keepalive     tcp_out.o
    0x08006c66   0x00000002   PAD
    0x08006c68   0x00000108   Code   RO         2130    i.tcp_listen_input  tcp_in.o
    0x08006d70   0x00000094   Code   RO         1958    i.tcp_listen_with_backlog  tcp.o
    0x08006e04   0x00000006   Code   RO         1959    i.tcp_new           tcp.o
    0x08006e0a   0x00000002   PAD
    0x08006e0c   0x00000060   Code   RO         1960    i.tcp_new_port      tcp.o
    0x08006e6c   0x00000010   Code   RO         1961    i.tcp_next_iss      tcp.o
    0x08006e7c   0x000001b4   Code   RO         2179    i.tcp_output        tcp_out.o
    0x08007030   0x000000b4   Code   RO         2180    i.tcp_output_segment  tcp_out.o
    0x080070e4   0x0000007c   Code   RO         2181    i.tcp_output_set_header  tcp_out.o
    0x08007160   0x0000007c   Code   RO         2131    i.tcp_parseopt      tcp_in.o
    0x080071dc   0x00000064   Code   RO         1962    i.tcp_pcb_purge     tcp.o
    0x08007240   0x0000005c   Code   RO         1963    i.tcp_pcb_remove    tcp.o
    0x0800729c   0x0000000a   Code   RO         1964    i.tcp_poll          tcp.o
    0x080072a6   0x00000002   PAD
    0x080072a8   0x00000354   Code   RO         2132    i.tcp_process       tcp_in.o
    0x080075fc   0x0000043c   Code   RO         2133    i.tcp_receive       tcp_in.o
    0x08007a38   0x00000006   Code   RO         1965    i.tcp_recv          tcp.o
    0x08007a3e   0x00000024   Code   RO         1966    i.tcp_recv_null     tcp.o
    0x08007a62   0x0000003c   Code   RO         1967    i.tcp_recved        tcp.o
    0x08007a9e   0x0000004e   Code   RO         2182    i.tcp_rexmit        tcp_out.o
    0x08007aec   0x00000056   Code   RO         2183    i.tcp_rexmit_fast   tcp_out.o
    0x08007b42   0x0000002e   Code   RO         2184    i.tcp_rexmit_rto    tcp_out.o
    0x08007b70   0x0000009c   Code   RO         2185    i.tcp_rst           tcp_out.o
    0x08007c0c   0x00000020   Code   RO         1968    i.tcp_seg_free      tcp.o
    0x08007c2c   0x0000001a   Code   RO         1969    i.tcp_segs_free     tcp.o
    0x08007c46   0x00000016   Code   RO         2186    i.tcp_send_ctrl     tcp_out.o
    0x08007c5c   0x00000056   Code   RO         2187    i.tcp_send_empty_ack  tcp_out.o
    0x08007cb2   0x00000006   Code   RO         1970    i.tcp_sent          tcp.o
    0x08007cb8   0x0000022c   Code   RO         1972    i.tcp_slowtmr       tcp.o
    0x08007ee4   0x00000034   Code   RO         1245    i.tcp_timer_needed  tcpip.o
    0x08007f18   0x0000006c   Code   RO         2134    i.tcp_timewait_input  tcp_in.o
    0x08007f84   0x00000020   Code   RO         1973    i.tcp_tmr           tcp.o
    0x08007fa4   0x00000036   Code   RO         1974    i.tcp_update_rcv_ann_wnd  tcp.o
    0x08007fda   0x0000002e   Code   RO         2188    i.tcp_write         tcp_out.o
    0x08008008   0x00000090   Code   RO         2189    i.tcp_zero_window_probe  tcp_out.o
    0x08008098   0x00000034   Code   RO         1246    i.tcpip_apimsg      tcpip.o
    0x080080cc   0x0000003c   Code   RO         1248    i.tcpip_init        tcpip.o
    0x08008108   0x00000048   Code   RO         1249    i.tcpip_input       tcpip.o
    0x08008150   0x00000038   Code   RO         1250    i.tcpip_tcp_timer   tcpip.o
    0x08008188   0x000000b4   Code   RO         1251    i.tcpip_thread      tcpip.o
    0x0800823c   0x0000005c   Code   RO         2259    i.udp_bind          udp.o
    0x08008298   0x00000164   Code   RO         2262    i.udp_input         udp.o
    0x080083fc   0x0000001a   Code   RO         2263    i.udp_new           udp.o
    0x08008416   0x00000006   Code   RO         2264    i.udp_recv          udp.o
    0x0800841c   0x0000002c   Code   RO         2265    i.udp_remove        udp.o
    0x08008448   0x000000b2   Code   RO         2268    i.udp_sendto_if     udp.o
    0x080084fa   0x00000002   PAD
    0x080084fc   0x00000070   Code   RO         2575    i.update_arp_entry  etharp.o
    0x0800856c   0x00000012   Code   RO         5950    i.uxQueueMessagesWaiting  queue.o
    0x0800857e   0x00000016   Code   RO         5911    i.vListInitialise   list.o
    0x08008594   0x00000006   Code   RO         5912    i.vListInitialiseItem  list.o
    0x0800859a   0x00000030   Code   RO         5913    i.vListInsert       list.o
    0x080085ca   0x0000001c   Code   RO         5914    i.vListInsertEnd    list.o
    0x080085e6   0x00000024   Code   RO         5915    i.vListRemove       list.o
    0x0800860a   0x00000002   PAD
    0x0800860c   0x00000014   Code   RO         5571    i.vPortEnterCritical  port.o
    0x08008620   0x00000014   Code   RO         5572    i.vPortExitCritical  port.o
    0x08008634   0x0000003c   Code   RO         5623    i.vPortFree         heap_2.o
    0x08008670   0x00000010   Code   RO         5573    i.vPortYieldFromISR  port.o
    0x08008680   0x00000014   Code   RO         5952    i.vQueueDelete      queue.o
    0x08008694   0x0000007c   Code   RO         5670    i.vTaskIncrementTick  tasks.o
    0x08008710   0x0000000c   Code   RO         5672    i.vTaskMissedYield  tasks.o
    0x0800871c   0x00000054   Code   RO         5673    i.vTaskPlaceOnEventList  tasks.o
    0x08008770   0x00000048   Code   RO         5674    i.vTaskPriorityDisinherit  tasks.o
    0x080087b8   0x00000064   Code   RO         5675    i.vTaskPriorityInherit  tasks.o
    0x0800881c   0x00000010   Code   RO         5678    i.vTaskSetTimeOutState  tasks.o
    0x0800882c   0x00000044   Code   RO         5679    i.vTaskStartScheduler  tasks.o
    0x08008870   0x00000068   Code   RO         5681    i.vTaskSuspend      tasks.o
    0x080088d8   0x00000010   Code   RO         5682    i.vTaskSuspendAll   tasks.o
    0x080088e8   0x00000088   Code   RO         5683    i.vTaskSwitchContext  tasks.o
    0x08008970   0x0000003c   Code   RO         5574    i.xPortStartScheduler  port.o
    0x080089ac   0x00000020   Code   RO         5575    i.xPortSysTickHandler  port.o
    0x080089cc   0x0000005e   Code   RO         5953    i.xQueueCreate      queue.o
    0x08008a2a   0x00000012   Code   RO         5954    i.xQueueCreateCountingSemaphore  queue.o
    0x08008a3c   0x00000108   Code   RO         5956    i.xQueueGenericReceive  queue.o
    0x08008b44   0x000000d2   Code   RO         5957    i.xQueueGenericSend  queue.o
    0x08008c16   0x00000054   Code   RO         5958    i.xQueueGenericSendFromISR  queue.o
    0x08008c6a   0x00000002   PAD
    0x08008c6c   0x0000004c   Code   RO         5684    i.xTaskCheckForTimeOut  tasks.o
    0x08008cb8   0x00000168   Code   RO         5685    i.xTaskGenericCreate  tasks.o
    0x08008e20   0x0000000c   Code   RO         5686    i.xTaskGetCurrentTaskHandle  tasks.o
    0x08008e2c   0x00000018   Code   RO         5687    i.xTaskGetTickCount  tasks.o
    0x08008e44   0x00000060   Code   RO         5690    i.xTaskRemoveFromEventList  tasks.o
    0x08008ea4   0x000000b0   Code   RO         5691    i.xTaskResumeAll    tasks.o
    0x08008f54   0x00000054   Data   RO          151    .constdata          main.o
    0x08008fa8   0x00000093   Data   RO          594    .constdata          myserver.o
    0x0800903b   0x00000001   PAD
    0x0800903c   0x00000045   Data   RO          700    .constdata          jsonaction.o
    0x08009081   0x00000003   PAD
    0x08009084   0x0000003c   Data   RO         1101    .constdata          sockets.o
    0x080090c0   0x00000030   Data   RO         1625    .constdata          memp.o
    0x080090f0   0x00000014   Data   RO         1975    .constdata          tcp.o
    0x08009104   0x00000004   Data   RO         2536    .constdata          ip_addr.o
    0x08009108   0x00000004   Data   RO         2537    .constdata          ip_addr.o
    0x0800910c   0x0000000c   Data   RO         2577    .constdata          etharp.o
    0x08009118   0x000011d0   Data   RO         5154    .constdata          stm324xg_eval_lcd.o
    0x0800a2e8   0x000003a8   Data   RO         5158    .constdata          stm324xg_eval_lcd.o
    0x0800a690   0x00000080   Data   RO         5416    .constdata          stm324xg_eval.o
    0x0800a710   0x00000081   Data   RO         6392    .constdata          mc_w.l(ctype_o.o)
    0x0800a791   0x00000003   PAD
    0x0800a794   0x00000004   Data   RO         6393    .constdata          mc_w.l(ctype_o.o)
    0x0800a798   0x00000068   Data   RO         1976    .conststring        tcp.o
    0x0800a800   0x00000020   Data   RO         6438    Region$$Table       anon$$obj.o


    Execution Region RW_IRAM1 (Base: 0x20000000, Size: 0x0000d5a0, Max: 0x00020000, ABSOLUTE, COMPRESSED[0x00000070])

    Base Addr    Size         Type   Attr      Idx    E Section Name        Object

    0x20000000   0x00000014   Data   RW            5    .data               system_stm32f4xx.o
    0x20000014   0x00000008   Data   RW          399    .data               stm32f4x7_eth_bsp.o
    0x2000001c   0x00000004   Data   RW          595    .data               myserver.o
    0x20000020   0x00000008   Data   RW          701    .data               jsonaction.o
    0x20000028   0x0000000c   Data   RW         1102    .data               sockets.o
    0x20000034   0x00000010   Data   RW         1254    .data               tcpip.o
    0x20000044   0x00000004   Data   RW         1399    .data               dhcp.o
    0x20000048   0x00000010   Data   RW         1584    .data               mem.o
    0x20000058   0x0000000c   Data   RW         1673    .data               netif.o
    0x20000064   0x00000004   Data   RW         1836    .data               raw.o
    0x20000068   0x0000004c   Data   RW         1977    .data               tcp.o
    0x200000b4   0x0000001c   Data   RW         2136    .data               tcp_in.o
    0x200000d0   0x00000004   Data   RW         2269    .data               udp.o
    0x200000d4   0x0000000c   Data   RW         2503    .data               ip.o
    0x200000e0   0x00000001   Data   RW         2578    .data               etharp.o
    0x200000e1   0x00000003   PAD
    0x200000e4   0x0000000c   Data   RW         2669    .data               ethernetif.o
    0x200000f0   0x00000002   Data   RW         2724    .data               sys_arch.o
    0x200000f2   0x00000010   Data   RW         3915    .data               stm32f4xx_rcc.o
    0x20000102   0x00000002   PAD
    0x20000104   0x0000000c   Data   RW         4680    .data               stm32f4x7_eth.o
    0x20000110   0x00000014   Data   RW         5159    .data               stm324xg_eval_lcd.o
    0x20000124   0x0000003c   Data   RW         5417    .data               stm324xg_eval.o
    0x20000160   0x00000004   Data   RW         5576    .data               port.o
    0x20000164   0x00000018   Data   RW         5627    .data               heap_2.o
    0x2000017c   0x0000004c   Data   RW         5694    .data               tasks.o
    0x200001c8   0x00000004   Data   RW         6067    .data               mc_w.l(strtok.o)
    0x200001cc   0x00000004   Data   RW         6354    .data               mc_w.l(stdout.o)
    0x200001d0   0x00000004   Data   RW         6362    .data               mc_w.l(errno.o)
    0x200001d4   0x00000038   Zero   RW          329    .bss                netconf.o
    0x2000020c   0x00000500   Zero   RW          698    .bss                jsonaction.o
    0x2000070c   0x00000028   Zero   RW          699    .bss                jsonaction.o
    0x20000734   0x00000050   Zero   RW         1100    .bss                sockets.o
    0x20000784   0x00001414   Zero   RW         1583    .bss                mem.o
    0x20001b98   0x00003b27   Zero   RW         1624    .bss                memp.o
    0x200056bf   0x00000001   PAD
    0x200056c0   0x00000014   Zero   RW         2135    .bss                tcp_in.o
    0x200056d4   0x000000a0   Zero   RW         2576    .bss                etharp.o
    0x20005774   0x00000030   Zero   RW         2723    .bss                sys_arch.o
    0x200057a4   0x000000a0   Zero   RW         4675    .bss                stm32f4x7_eth.o
    0x20005844   0x000000a0   Zero   RW         4676    .bss                stm32f4x7_eth.o
    0x200058e4   0x00001dc4   Zero   RW         4677    .bss                stm32f4x7_eth.o
    0x200076a8   0x00001dc4   Zero   RW         4678    .bss                stm32f4x7_eth.o
    0x2000946c   0x0000000c   Zero   RW         4679    .bss                stm32f4x7_eth.o
    0x20009478   0x00003c00   Zero   RW         5626    .bss                heap_2.o
    0x2000d078   0x00000122   Zero   RW         5693    .bss                tasks.o
    0x2000d19a   0x00000006   PAD
    0x2000d1a0   0x00000400   Zero   RW          137    STACK               startup_stm32f4xx.o


==============================================================================

Image component sizes


      Code (inc. data)   RO Data    RW Data    ZI Data      Debug   Object Name

       524         32          0          0          0      20998   api_lib.o
      1894         42          0          0          0      14654   api_msg.o
       704         42          0          0          0       5909   autoip.o
      2274         60          0          4          0      15667   dhcp.o
      1330         44         12          1        160      11973   etharp.o
       584         78          0         12          0       6098   ethernetif.o
       236         12          0         24      15360       4987   heap_2.o
       378          0          0          0          0       2681   icmp.o
        16          0          0          0          0       3088   inet.o
       142          0          0          0          0       2873   inet_chksum.o
        26          0          0          0          0       1851   init.o
       680         24          0         12          0       7372   ip.o
        48          0          8          0          0       5777   ip_addr.o
       168         52         69          8       1320       1568   jsonaction.o
       140          0          0          0          0       3401   list.o
       400        224         84          0          0      61893   main.o
       616         28          0         16       5140       5233   mem.o
       144         20         48          0      15143       3446   memp.o
       120         18          0          0          0       1675   misc.o
      1196        642        147          4          0      12204   myserver.o
        34          0          0          0          0       1132   netbuf.o
       228         90          0          0         56       9179   netconf.o
       292         18          0         12          0       8042   netif.o
       852          0          0          0          0       8729   pbuf.o
       312         46          0          4          0       5881   port.o
       208         14          0          0          0       1298   printf.o
       940          0          0          0          0      10025   queue.o
       212         16          0          4          0       4197   raw.o
      1382         70         60         12         80      11638   sockets.o
        36          8        392          0       1024        756   startup_stm32f4xx.o
       292         18        128         60          0       3478   stm324xg_eval.o
      2850        200       5496         20          0      15572   stm324xg_eval_lcd.o
      1674        174          0         12      15572      17418   stm32f4x7_eth.o
       862        148          0          8          0       4225   stm32f4x7_eth_bsp.o
       156         14          0          0          0       2392   stm32f4xx_exti.o
       224          4          0          0          0       2065   stm32f4xx_fsmc.o
       160          0          0          0          0       2510   stm32f4xx_gpio.o
       226        100          0          0          0       3943   stm32f4xx_it.o
       272         48          0         16          0       5997   stm32f4xx_rcc.o
        52         12          0          0          0       1314   stm32f4xx_syscfg.o
       274         10          0          0          0       4417   stm32f4xx_usart.o
       358          0          0          0          0       4090   sys.o
       480         26          0          2         48      10271   sys_arch.o
       360         52          0         20          0     264445   system_stm32f4xx.o
      1596        144          0         76        290      17086   tasks.o
      2160         92        124         76          0      27254   tcp.o
      3192         86          0         28         20      15356   tcp_in.o
      2308         14          0          0          0      12746   tcp_out.o
       580        106          0         16          0      17034   tcpip.o
       702         14          0          4          0      14731   udp.o

    ----------------------------------------------------------------------
     34962       2842       6604        456      54220     700569   Object Totals
         0          0         32          0          0          0   (incl. Generated)
        68          0          4          5          7          0   (incl. Padding)

    ----------------------------------------------------------------------

      Code (inc. data)   RO Data    RW Data    ZI Data      Debug   Library Member Name

        92          0          0          0          0          0   __dczerorl2.o
        28          0          0          0          0         68   _chval.o
       158          0          0          0          0         92   _strtoul.o
        26          0          0          0          0         80   atoi.o
         8          4        133          0          0         68   ctype_o.o
         0          0          0          0          0          0   entry.o
         8          4          0          0          0          0   entry2.o
         4          0          0          0          0          0   entry5.o
         0          0          0          0          0          0   entry7b.o
         8          4          0          0          0          0   entry8.o
         8          4          0          4          0         68   errno.o
        30          0          0          0          0          0   handlers.o
        36          8          0          0          0         68   init.o
        26          0          0          0          0         80   memcmp.o
        36          0          0          0          0         68   memcpya.o
        38          0          0          0          0        108   memseta.o
       518         20          0          0          0        332   printf3.o
         0          0          0          4          0          0   stdout.o
        16          0          0          0          0         68   strlen.o
        24          0          0          0          0         76   strncpy.o
        44          0          0          0          0         80   strstr.o
        68          6          0          4          0         80   strtok.o
       112          0          0          0          0         88   strtol.o
        44          0          0          0          0         80   uidiv.o

    ----------------------------------------------------------------------
      1338         50        136         12          0       1504   Library Totals
         6          0          3          0          0          0   (incl. Padding)

    ----------------------------------------------------------------------

      Code (inc. data)   RO Data    RW Data    ZI Data      Debug   Library Name

      1332         50        133         12          0       1504   mc_w.l

    ----------------------------------------------------------------------
      1338         50        136         12          0       1504   Library Totals

    ----------------------------------------------------------------------

==============================================================================


      Code (inc. data)   RO Data    RW Data    ZI Data      Debug   

     36300       2892       6740        468      54220     683665   Grand Totals
     36300       2892       6740        112      54220     683665   ELF Image Totals (compressed)
     36300       2892       6740        112          0          0   ROM Totals

==============================================================================

    Total RO  Size (Code + RO Data)                43040 (  42.03kB)
    Total RW  Size (RW Data + ZI Data)             54688 (  53.41kB)
    Total ROM Size (Code + RO Data + RW Data)      43152 (  42.14kB)

==============================================================================

