ARM Linker, 4.1 [Build 791] [Standard]

==============================================================================

Section Cross References

    system_stm32f4xx.o(i.SystemCoreClockUpdate) refers to system_stm32f4xx.o(.data) for .data
    system_stm32f4xx.o(i.SystemInit) refers to system_stm32f4xx.o(i.SetSysClock) for SetSysClock
    startup_stm32f4xx.o(RESET) refers to startup_stm32f4xx.o(STACK) for __initial_sp
    startup_stm32f4xx.o(RESET) refers to startup_stm32f4xx.o(.text) for Reset_Handler
    startup_stm32f4xx.o(RESET) refers to stm32f4xx_it.o(i.NMI_Handler) for NMI_Handler
    startup_stm32f4xx.o(RESET) refers to stm32f4xx_it.o(i.HardFault_Handler) for HardFault_Handler
    startup_stm32f4xx.o(RESET) refers to stm32f4xx_it.o(i.MemManage_Handler) for MemManage_Handler
    startup_stm32f4xx.o(RESET) refers to stm32f4xx_it.o(i.BusFault_Handler) for BusFault_Handler
    startup_stm32f4xx.o(RESET) refers to stm32f4xx_it.o(i.UsageFault_Handler) for UsageFault_Handler
    startup_stm32f4xx.o(RESET) refers to port.o(.emb_text) for vPortSVCHandler
    startup_stm32f4xx.o(RESET) refers to stm32f4xx_it.o(i.DebugMon_Handler) for DebugMon_Handler
    startup_stm32f4xx.o(RESET) refers to stm32f4xx_it.o(i.SysTick_Handler) for SysTick_Handler
    startup_stm32f4xx.o(RESET) refers to stm32f4xx_it.o(i.EXTI3_IRQHandler) for EXTI3_IRQHandler
    startup_stm32f4xx.o(RESET) refers to stm32f4xx_it.o(i.ETH_IRQHandler) for ETH_IRQHandler
    startup_stm32f4xx.o(.text) refers to system_stm32f4xx.o(i.SystemInit) for SystemInit
    startup_stm32f4xx.o(.text) refers to entry.o(.ARM.Collect$$$$00000000) for __main
    main.o(i.LCD_LED_Init) refers to stm324xg_eval_lcd.o(i.STM324xG_LCD_Init) for STM324xG_LCD_Init
    main.o(i.LCD_LED_Init) refers to stm324xg_eval.o(i.STM_EVAL_LEDInit) for STM_EVAL_LEDInit
    main.o(i.LCD_LED_Init) refers to stm324xg_eval_lcd.o(i.LCD_Clear) for LCD_Clear
    main.o(i.LCD_LED_Init) refers to stm324xg_eval_lcd.o(i.LCD_SetBackColor) for LCD_SetBackColor
    main.o(i.LCD_LED_Init) refers to stm324xg_eval_lcd.o(i.LCD_SetTextColor) for LCD_SetTextColor
    main.o(i.LCD_LED_Init) refers to stm324xg_eval_lcd.o(i.LCD_GetFont) for LCD_GetFont
    main.o(i.LCD_LED_Init) refers to stm324xg_eval_lcd.o(i.LCD_DisplayStringLine) for LCD_DisplayStringLine
    main.o(i.LCD_LED_Init) refers to stm324xg_eval_lcd.o(i.LCD_DisplayWelcomeStr) for LCD_DisplayWelcomeStr
    main.o(i.ToggleLed1) refers to stm324xg_eval.o(i.STM_EVAL_LEDToggle) for STM_EVAL_LEDToggle
    main.o(i.ToggleLed1) refers to tasks.o(i.vTaskDelay) for vTaskDelay
    main.o(i.ToggleLed2) refers to stm324xg_eval.o(i.STM_EVAL_LEDToggle) for STM_EVAL_LEDToggle
    main.o(i.ToggleLed2) refers to tasks.o(i.vTaskDelay) for vTaskDelay
    main.o(i.ToggleLed3) refers to stm324xg_eval.o(i.STM_EVAL_LEDToggle) for STM_EVAL_LEDToggle
    main.o(i.ToggleLed3) refers to tasks.o(i.vTaskDelay) for vTaskDelay
    main.o(i.ToggleLed4) refers to stm324xg_eval.o(i.STM_EVAL_LEDToggle) for STM_EVAL_LEDToggle
    main.o(i.ToggleLed4) refers to tasks.o(i.vTaskDelay) for vTaskDelay
    main.o(i.main) refers to printf.o(i.Printf_Init) for Printf_Init
    main.o(i.main) refers to main.o(i.LCD_LED_Init) for LCD_LED_Init
    main.o(i.main) refers to stm32f4x7_eth_bsp.o(i.ETH_BSP_Config) for ETH_BSP_Config
    main.o(i.main) refers to printf3.o(i.__0printf$3) for __2printf
    main.o(i.main) refers to netconf.o(i.LwIP_Init) for LwIP_Init
    main.o(i.main) refers to myserver.o(i.my_server_socket_init) for my_server_socket_init
    main.o(i.main) refers to tasks.o(i.xTaskGenericCreate) for xTaskGenericCreate
    main.o(i.main) refers to tasks.o(i.vTaskStartScheduler) for vTaskStartScheduler
    main.o(i.main) refers to main.o(.constdata) for .constdata
    main.o(i.main) refers to main.o(i.ToggleLed2) for ToggleLed2
    netconf.o(i.LwIP_Init) refers to tcpip.o(i.tcpip_init) for tcpip_init
    netconf.o(i.LwIP_Init) refers to inet.o(i.htonl) for htonl
    netconf.o(i.LwIP_Init) refers to printf3.o(i.__0sprintf$3) for __2sprintf
    netconf.o(i.LwIP_Init) refers to stm324xg_eval_lcd.o(i.LCD_GetFont) for LCD_GetFont
    netconf.o(i.LwIP_Init) refers to stm324xg_eval_lcd.o(i.LCD_DisplayStringLine) for LCD_DisplayStringLine
    netconf.o(i.LwIP_Init) refers to printf3.o(i.__0printf$3) for __2printf
    netconf.o(i.LwIP_Init) refers to netif.o(i.netif_add) for netif_add
    netconf.o(i.LwIP_Init) refers to netif.o(i.netif_set_default) for netif_set_default
    netconf.o(i.LwIP_Init) refers to netif.o(i.netif_set_up) for netif_set_up
    netconf.o(i.LwIP_Init) refers to tcpip.o(i.tcpip_input) for tcpip_input
    netconf.o(i.LwIP_Init) refers to ethernetif.o(i.ethernetif_init) for ethernetif_init
    netconf.o(i.LwIP_Init) refers to netconf.o(.bss) for .bss
    stm32f4x7_eth_bsp.o(i.ETH_BSP_Config) refers to stm32f4x7_eth_bsp.o(i.ETH_GPIO_Config) for ETH_GPIO_Config
    stm32f4x7_eth_bsp.o(i.ETH_BSP_Config) refers to misc.o(i.NVIC_PriorityGroupConfig) for NVIC_PriorityGroupConfig
[...]
    DMA1_Stream2_IRQHandler                  0x0800023f   Thumb Code     0  startup_stm32f4xx.o(.text)
    DMA1_Stream3_IRQHandler                  0x0800023f   Thumb Code     0  startup_stm32f4xx.o(.text)
    DMA1_Stream4_IRQHandler                  0x0800023f   Thumb Code     0  startup_stm32f4xx.o(.text)
    DMA1_Stream5_IRQHandler                  0x0800023f   Thumb Code     0  startup_stm32f4xx.o(.text)
    DMA1_Stream6_IRQHandler                  0x0800023f   Thumb Code     0  startup_stm32f4xx.o(.text)
    DMA1_Stream7_IRQHandler                  0x0800023f   Thumb Code     0  startup_stm32f4xx.o(.text)
    DMA2_Stream0_IRQHandler                  0x0800023f   Thumb Code     0  startup_stm32f4xx.o(.text)
    DMA2_Stream1_IRQHandler                  0x0800023f   Thumb Code     0  startup_stm32f4xx.o(.text)
    DMA2_Stream2_IRQHandler                  0x0800023f   Thumb Code     0  startup_stm32f4xx.o(.text)
    DMA2_Stream3_IRQHandler                  0x0800023f   Thumb Code     0  startup_stm32f4xx.o(.text)
    DMA2_Stream4_IRQHandler                  0x0800023f   Thumb Code     0  startup_stm32f4xx.o(.text)
    DMA2_Stream5_IRQHandler                  0x0800023f   Thumb Code     0  startup_stm32f4xx.o(.text)
    DMA2_Stream6_IRQHandler                  0x0800023f   Thumb Code     0  startup_stm32f4xx.o(.text)
    DMA2_Stream7_IRQHandler                  0x0800023f   Thumb Code     0  startup_stm32f4xx.o(.text)
    ETH_WKUP_IRQHandler                      0x0800023f   Thumb Code     0  startup_stm32f4xx.o(.text)
    EXTI0_IRQHandler                         0x0800023f   Thumb Code     0  startup_stm32f4xx.o(.text)
    EXTI15_10_IRQHandler                     0x0800023f   Thumb Code     0  startup_stm32f4xx.o(.text)
    EXTI1_IRQHandler                         0x0800023f   Thumb Code     0  startup_stm32f4xx.o(.text)
    EXTI2_IRQHandler                         0x0800023f   Thumb Code     0  startup_stm32f4xx.o(.text)
    EXTI4_IRQHandler                         0x0800023f   Thumb Code     0  startup_stm32f4xx.o(.text)
    EXTI9_5_IRQHandler                       0x0800023f   Thumb Code     0  startup_stm32f4xx.o(.text)
    FLASH_IRQHandler                         0x0800023f   Thumb Code     0  startup_stm32f4xx.o(.text)
    FPU_IRQHandler                           0x0800023f   Thumb Code     0  startup_stm32f4xx.o(.text)
    FSMC_IRQHandler                          0x0800023f   Thumb Code     0  startup_stm32f4xx.o(.text)
    HASH_RNG_IRQHandler                      0x0800023f   Thumb Code     0  startup_stm32f4xx.o(.text)
    I2C1_ER_IRQHandler                       0x0800023f   Thumb Code     0  startup_stm32f4xx.o(.text)
    I2C1_EV_IRQHandler                       0x0800023f   Thumb Code     0  startup_stm32f4xx.o(.text)
    I2C2_ER_IRQHandler                       0x0800023f   Thumb Code     0  startup_stm32f4xx.o(.text)
    I2C2_EV_IRQHandler                       0x0800023f   Thumb Code     0  startup_stm32f4xx.o(.text)
    I2C3_ER_IRQHandler                       0x0800023f   Thumb Code     0  startup_stm32f4xx.o(.text)
    I2C3_EV_IRQHandler                       0x0800023f   Thumb Code     0  startup_stm32f4xx.o(.text)
    OTG_FS_IRQHandler                        0x0800023f   Thumb Code     0  startup_stm32f4xx.o(.text)
    OTG_FS_WKUP_IRQHandler                   0x0800023f   Thumb Code     0  startup_stm32f4xx.o(.text)
    OTG_HS_EP1_IN_IRQHandler                 0x0800023f   Thumb Code     0  startup_stm32f4xx.o(.text)
    OTG_HS_EP1_OUT_IRQHandler                0x0800023f   Thumb Code     0  startup_stm32f4xx.o(.text)
    OTG_HS_IRQHandler                        0x0800023f   Thumb Code     0  startup_stm32f4xx.o(.text)
    OTG_HS_WKUP_IRQHandler                   0x0800023f   Thumb Code     0  startup_stm32f4xx.o(.text)
    PVD_IRQHandler                           0x0800023f   Thumb Code     0  startup_stm32f4xx.o(.text)
    RCC_IRQHandler                           0x0800023f   Thumb Code     0  startup_stm32f4xx.o(.text)
    RTC_Alarm_IRQHandler                     0x0800023f   Thumb Code     0  startup_stm32f4xx.o(.text)
    RTC_WKUP_IRQHandler                      0x0800023f   Thumb Code     0  startup_stm32f4xx.o(.text)
    SDIO_IRQHandler                          0x0800023f   Thumb Code     0  startup_stm32f4xx.o(.text)
    SPI1_IRQHandler                          0x0800023f   Thumb Code     0  startup_stm32f4xx.o(.text)
    SPI2_IRQHandler                          0x0800023f   Thumb Code     0  startup_stm32f4xx.o(.text)
    SPI3_IRQHandler                          0x0800023f   Thumb Code     0  startup_stm32f4xx.o(.text)
    TAMP_STAMP_IRQHandler                    0x0800023f   Thumb Code     0  startup_stm32f4xx.o(.text)
    TIM1_BRK_TIM9_IRQHandler                 0x0800023f   Thumb Code     0  startup_stm32f4xx.o(.text)
    TIM1_CC_IRQHandler                       0x0800023f   Thumb Code     0  startup_stm32f4xx.o(.text)
    TIM1_TRG_COM_TIM11_IRQHandler            0x0800023f   Thumb Code     0  startup_stm32f4xx.o(.text)
    TIM1_UP_TIM10_IRQHandler                 0x0800023f   Thumb Code     0  startup_stm32f4xx.o(.text)
    TIM2_IRQHandler                          0x0800023f   Thumb Code     0  startup_stm32f4xx.o(.text)
    TIM3_IRQHandler                          0x0800023f   Thumb Code     0  startup_stm32f4xx.o(.text)
    TIM4_IRQHandler                          0x0800023f   Thumb Code     0  startup_stm32f4xx.o(.text)
    TIM5_IRQHandler                          0x0800023f   Thumb Code     0  startup_stm32f4xx.o(.text)
    TIM6_DAC_IRQHandler                      0x0800023f   Thumb Code     0  startup_stm32f4xx.o(.text)
    TIM7_IRQHandler                          0x0800023f   Thumb Code     0  startup_stm32f4xx.o(.text)
    TIM8_BRK_TIM12_IRQHandler                0x0800023f   Thumb Code     0  startup_stm32f4xx.o(.text)
    TIM8_CC_IRQHandler                       0x0800023f   Thumb Code     0  startup_stm32f4xx.o(.text)
    TIM8_TRG_COM_TIM14_IRQHandler            0x0800023f   Thumb Code     0  startup_stm32f4xx.o(.text)
    TIM8_UP_TIM13_IRQHandler                 0x0800023f   Thumb Code     0  startup_stm32f4xx.o(.text)
    UART4_IRQHandler                         0x0800023f   Thumb Code     0  startup_stm32f4xx.o(.text)
    UART5_IRQHandler                         0x0800023f   Thumb Code     0  startup_stm32f4xx.o(.text)
    USART1_IRQHandler                        0x0800023f   Thumb Code     0  startup_stm32f4xx.o(.text)
    USART2_IRQHandler                        0x0800023f   Thumb Code     0  startup_stm32f4xx.o(.text)
    USART3_IRQHandler                        0x0800023f   Thumb Code     0  startup_stm32f4xx.o(.text)
    USART6_IRQHandler                        0x0800023f   Thumb Code     0  startup_stm32f4xx.o(.text)
    WWDG_IRQHandler                          0x0800023f   Thumb Code     0  startup_stm32f4xx.o(.text)
    __aeabi_memcpy                           0x08000249   Thumb Code    36  memcpya.o(.text)
    __aeabi_memcpy4                          0x08000249   Thumb Code     0  memcpya.o(.text)
    __aeabi_memcpy8                          0x08000249   Thumb Code     0  memcpya.o(.text)
    __aeabi_memset                           0x0800026d   Thumb Code    14  memseta.o(.text)
    __aeabi_memset4                          0x0800026d   Thumb Code     0  memseta.o(.text)
    __aeabi_memset8                          0x0800026d   Thumb Code     0  memseta.o(.text)
    __aeabi_memclr                           0x0800027b   Thumb Code     4  memseta.o(.text)
    __aeabi_memclr4                          0x0800027b   Thumb Code     0  memseta.o(.text)
    __aeabi_memclr8                          0x0800027b   Thumb Code     0  memseta.o(.text)
    _memset$wrapper                          0x0800027f   Thumb Code    20  memseta.o(.text)
    strstr                                   0x08000293   Thumb Code    44  strstr.o(.text)
    strncpy                                  0x080002bf   Thumb Code    24  strncpy.o(.text)
    strlen                                   0x080002d7   Thumb Code    16  strlen.o(.text)
    memcmp                                   0x080002e7   Thumb Code    26  memcmp.o(.text)
    atol                                     0x08000301   Thumb Code    26  atol.o(.text)
    __aeabi_uidiv                            0x0800031b   Thumb Code     0  uidiv.o(.text)
    __aeabi_uidivmod                         0x0800031b   Thumb Code    44  uidiv.o(.text)
    strtol                                   0x08000347   Thumb Code   112  strtol.o(.text)
    __scatterload                            0x080003b9   Thumb Code    28  init.o(.text)
    __scatterload_rt2                        0x080003b9   Thumb Code     0  init.o(.text)
    __rt_ctype_table                         0x080003dd   Thumb Code     4  ctype_o.o(.text)
    _strtoul                                 0x080003e5   Thumb Code   158  _strtoul.o(.text)
    _chval                                   0x08000483   Thumb Code    28  _chval.o(.text)
    __decompress                             0x0800049f   Thumb Code     0  __dczerorl2.o(.text)
    __decompress1                            0x0800049f   Thumb Code    92  __dczerorl2.o(.text)
    BusFault_Handler                         0x080004fd   Thumb Code     8  stm32f4xx_it.o(i.BusFault_Handler)
    DebugMon_Handler                         0x0800051d   Thumb Code     2  stm32f4xx_it.o(i.DebugMon_Handler)
    ETH_BSP_Config                           0x08000521   Thumb Code   116  stm32f4x7_eth_bsp.o(i.ETH_BSP_Config)
    ETH_DMAClearITPendingBit                 0x080005c1   Thumb Code     6  stm32f4x7_eth.o(i.ETH_DMAClearITPendingBit)
    ETH_DMAITConfig                          0x080005cd   Thumb Code    18  stm32f4x7_eth.o(i.ETH_DMAITConfig)
    ETH_DMAReceptionCmd                      0x080005e5   Thumb Code    22  stm32f4x7_eth.o(i.ETH_DMAReceptionCmd)
    ETH_DMARxDescChainInit                   0x08000601   Thumb Code    74  stm32f4x7_eth.o(i.ETH_DMARxDescChainInit)
    ETH_DMARxDescReceiveITConfig             0x08000659   Thumb Code    18  stm32f4x7_eth.o(i.ETH_DMARxDescReceiveITConfig)
    ETH_DMATransmissionCmd                   0x0800066d   Thumb Code    22  stm32f4x7_eth.o(i.ETH_DMATransmissionCmd)
    ETH_DMATxDescChainInit                   0x08000689   Thumb Code    62  stm32f4x7_eth.o(i.ETH_DMATxDescChainInit)
    ETH_DMATxDescChecksumInsertionConfig     0x080006d1   Thumb Code     8  stm32f4x7_eth.o(i.ETH_DMATxDescChecksumInsertionConfig)
    ETH_DeInit                               0x080006d9   Thumb Code    24  stm32f4x7_eth.o(i.ETH_DeInit)
    ETH_FlushTransmitFIFO                    0x080006fd   Thumb Code    12  stm32f4x7_eth.o(i.ETH_FlushTransmitFIFO)
    ETH_GetDMAFlagStatus                     0x080007e1   Thumb Code    16  stm32f4x7_eth.o(i.ETH_GetDMAFlagStatus)
    ETH_GetSoftwareResetStatus               0x080007f5   Thumb Code    14  stm32f4x7_eth.o(i.ETH_GetSoftwareResetStatus)
    ETH_Get_Received_Frame_interrupt         0x08000809   Thumb Code   134  stm32f4x7_eth.o(i.ETH_Get_Received_Frame_interrupt)
    ETH_IRQHandler                           0x08000895   Thumb Code    56  stm32f4xx_it.o(i.ETH_IRQHandler)
    ETH_Init                                 0x080008d1   Thumb Code   512  stm32f4x7_eth.o(i.ETH_Init)
    ETH_MACAddressConfig                     0x08000b09   Thumb Code    22  stm32f4x7_eth.o(i.ETH_MACAddressConfig)
    ETH_MACReceptionCmd                      0x08000ba9   Thumb Code    22  stm32f4x7_eth.o(i.ETH_MACReceptionCmd)
    ETH_MACTransmissionCmd                   0x08000bc5   Thumb Code    22  stm32f4x7_eth.o(i.ETH_MACTransmissionCmd)
    ETH_Prepare_Transmit_Descriptors         0x08000be1   Thumb Code   164  stm32f4x7_eth.o(i.ETH_Prepare_Transmit_Descriptors)
    ETH_ReadPHYRegister                      0x08000c8d   Thumb Code    70  stm32f4x7_eth.o(i.ETH_ReadPHYRegister)
    ETH_SoftwareReset                        0x08000cdd   Thumb Code    12  stm32f4x7_eth.o(i.ETH_SoftwareReset)
    ETH_Start                                0x08000ced   Thumb Code    34  stm32f4x7_eth.o(i.ETH_Start)
    ETH_StructInit                           0x08000d0f   Thumb Code   136  stm32f4x7_eth.o(i.ETH_StructInit)
    ETH_WritePHYRegister                     0x08000d99   Thumb Code    66  stm32f4x7_eth.o(i.ETH_WritePHYRegister)
    EXTI3_IRQHandler                         0x08000de5   Thumb Code    30  stm32f4xx_it.o(i.EXTI3_IRQHandler)
    EXTI_ClearITPendingBit                   0x08000e05   Thumb Code     6  stm32f4xx_exti.o(i.EXTI_ClearITPendingBit)
    EXTI_GetITStatus                         0x08000e11   Thumb Code    28  stm32f4xx_exti.o(i.EXTI_GetITStatus)
    EXTI_Init                                0x08000e31   Thumb Code   108  stm32f4xx_exti.o(i.EXTI_Init)
    Eth_Link_EXTIConfig                      0x08000ea1   Thumb Code   110  stm32f4x7_eth_bsp.o(i.Eth_Link_EXTIConfig)
    Eth_Link_ITHandler                       0x08000f15   Thumb Code   112  stm32f4x7_eth_bsp.o(i.Eth_Link_ITHandler)
    Eth_Link_PHYITConfig                     0x08000fd1   Thumb Code    54  stm32f4x7_eth_bsp.o(i.Eth_Link_PHYITConfig)
    FSMC_NORSRAMCmd                          0x08001009   Thumb Code    28  stm32f4xx_fsmc.o(i.FSMC_NORSRAMCmd)
    FSMC_NORSRAMInit                         0x08001029   Thumb Code   192  stm32f4xx_fsmc.o(i.FSMC_NORSRAMInit)
    GPIO_Init                                0x080010e9   Thumb Code   124  stm32f4xx_gpio.o(i.GPIO_Init)
    GPIO_PinAFConfig                         0x08001165   Thumb Code    32  stm32f4xx_gpio.o(i.GPIO_PinAFConfig)
    GPIO_SetBits                             0x08001185   Thumb Code     4  stm32f4xx_gpio.o(i.GPIO_SetBits)
    HardFault_Handler                        0x08001189   Thumb Code     8  stm32f4xx_it.o(i.HardFault_Handler)
    LCD_Clear                                0x080011a9   Thumb Code    38  stm324xg_eval_lcd.o(i.LCD_Clear)
    LCD_CtrlLinesConfig                      0x080011d1   Thumb Code   342  stm324xg_eval_lcd.o(i.LCD_CtrlLinesConfig)
    LCD_DisplayChar                          0x0800133d   Thumb Code    26  stm324xg_eval_lcd.o(i.LCD_DisplayChar)
    LCD_DisplayStringLine                    0x0800135d   Thumb Code    50  stm324xg_eval_lcd.o(i.LCD_DisplayStringLine)
    LCD_DisplayWelcomeStr                    0x08001395   Thumb Code    46  stm324xg_eval_lcd.o(i.LCD_DisplayWelcomeStr)
    LCD_DrawChar                             0x080013c9   Thumb Code   148  stm324xg_eval_lcd.o(i.LCD_DrawChar)
    LCD_DrawChinaChar                        0x08001461   Thumb Code   106  stm324xg_eval_lcd.o(i.LCD_DrawChinaChar)
    LCD_FSMCConfig                           0x080014cb   Thumb Code   110  stm324xg_eval_lcd.o(i.LCD_FSMCConfig)
    LCD_GetFont                              0x08001539   Thumb Code     6  stm324xg_eval_lcd.o(i.LCD_GetFont)
    LCD_LED_Init                             0x08001545   Thumb Code   126  main.o(i.LCD_LED_Init)
    LCD_ReadReg                              0x08001625   Thumb Code    10  stm324xg_eval_lcd.o(i.LCD_ReadReg)
    LCD_SetBackColor                         0x08001631   Thumb Code     6  stm324xg_eval_lcd.o(i.LCD_SetBackColor)
    LCD_SetColors                            0x0800163d   Thumb Code     8  stm324xg_eval_lcd.o(i.LCD_SetColors)
    LCD_SetCursor                            0x08001649   Thumb Code    82  stm324xg_eval_lcd.o(i.LCD_SetCursor)
    LCD_SetTextColor                         0x080016a1   Thumb Code     6  stm324xg_eval_lcd.o(i.LCD_SetTextColor)
    LCD_WriteReg                             0x080016ad   Thumb Code    10  stm324xg_eval_lcd.o(i.LCD_WriteReg)
    LwIP_Init                                0x080016b9   Thumb Code   138  netconf.o(i.LwIP_Init)
    MemManage_Handler                        0x0800179d   Thumb Code     8  stm32f4xx_it.o(i.MemManage_Handler)
    NMI_Handler                              0x080017bd   Thumb Code     2  stm32f4xx_it.o(i.NMI_Handler)
    NVIC_Init                                0x080017c1   Thumb Code    92  misc.o(i.NVIC_Init)
    NVIC_PriorityGroupConfig                 0x08001825   Thumb Code    10  misc.o(i.NVIC_PriorityGroupConfig)
    Printf_Init                              0x08001839   Thumb Code   164  printf.o(i.Printf_Init)
    RCC_AHB1PeriphClockCmd                   0x080018e5   Thumb Code    18  stm32f4xx_rcc.o(i.RCC_AHB1PeriphClockCmd)
    RCC_AHB1PeriphResetCmd                   0x080018fd   Thumb Code    18  stm32f4xx_rcc.o(i.RCC_AHB1PeriphResetCmd)
    RCC_AHB3PeriphClockCmd                   0x08001915   Thumb Code    18  stm32f4xx_rcc.o(i.RCC_AHB3PeriphClockCmd)
    RCC_APB1PeriphClockCmd                   0x0800192d   Thumb Code    18  stm32f4xx_rcc.o(i.RCC_APB1PeriphClockCmd)
    RCC_APB2PeriphClockCmd                   0x08001945   Thumb Code    18  stm32f4xx_rcc.o(i.RCC_APB2PeriphClockCmd)
    RCC_GetClocksFreq                        0x0800195d   Thumb Code   134  stm32f4xx_rcc.o(i.RCC_GetClocksFreq)
    STM324xG_LCD_Init                        0x080019f5   Thumb Code  1696  stm324xg_eval_lcd.o(i.STM324xG_LCD_Init)
    STM_EVAL_COMInit                         0x080020d9   Thumb Code   212  stm324xg_eval.o(i.STM_EVAL_COMInit)
    STM_EVAL_LEDInit                         0x080021b5   Thumb Code    62  stm324xg_eval.o(i.STM_EVAL_LEDInit)
    STM_EVAL_LEDToggle                       0x080021fd   Thumb Code    20  stm324xg_eval.o(i.STM_EVAL_LEDToggle)
    SYSCFG_ETH_MediaInterfaceConfig          0x08002219   Thumb Code     6  stm32f4xx_syscfg.o(i.SYSCFG_ETH_MediaInterfaceConfig)
    SYSCFG_EXTILineConfig                    0x08002225   Thumb Code    34  stm32f4xx_syscfg.o(i.SYSCFG_EXTILineConfig)
    SysTick_Handler                          0x080022e9   Thumb Code     4  stm32f4xx_it.o(i.SysTick_Handler)
    SystemCoreClockUpdate                    0x080022ed   Thumb Code   106  system_stm32f4xx.o(i.SystemCoreClockUpdate)
    SystemInit                               0x08002369   Thumb Code    62  system_stm32f4xx.o(i.SystemInit)
    ToggleLed2                               0x080023b9   Thumb Code    14  main.o(i.ToggleLed2)
    USART_Cmd                                0x080023c7   Thumb Code    20  stm32f4xx_usart.o(i.USART_Cmd)
    USART_GetFlagStatus                      0x080023db   Thumb Code    14  stm32f4xx_usart.o(i.USART_GetFlagStatus)
    USART_ITConfig                           0x080023e9   Thumb Code    48  stm32f4xx_usart.o(i.USART_ITConfig)
    USART_Init                               0x08002419   Thumb Code   174  stm32f4xx_usart.o(i.USART_Init)
    USART_SendData                           0x080024d1   Thumb Code     8  stm32f4xx_usart.o(i.USART_SendData)
    UsageFault_Handler                       0x080024d9   Thumb Code     8  stm32f4xx_it.o(i.UsageFault_Handler)
    __0printf$3                              0x080024f9   Thumb Code    22  printf3.o(i.__0printf$3)
    __1printf$3                              0x080024f9   Thumb Code     0  printf3.o(i.__0printf$3)
    __2printf                                0x080024f9   Thumb Code     0  printf3.o(i.__0printf$3)
    __0sprintf$3                             0x08002519   Thumb Code    34  printf3.o(i.__0sprintf$3)
    __1sprintf$3                             0x08002519   Thumb Code     0  printf3.o(i.__0sprintf$3)
    __2sprintf                               0x08002519   Thumb Code     0  printf3.o(i.__0sprintf$3)
    __aeabi_errno_addr                       0x08002541   Thumb Code     4  errno.o(i.__aeabi_errno_addr)
    __rt_errno_addr                          0x08002541   Thumb Code     0  errno.o(i.__aeabi_errno_addr)
    __scatterload_copy                       0x08002549   Thumb Code    14  handlers.o(i.__scatterload_copy)
    __scatterload_null                       0x08002557   Thumb Code     2  handlers.o(i.__scatterload_null)
    __scatterload_zeroinit                   0x08002559   Thumb Code    14  handlers.o(i.__scatterload_zeroinit)
    autoip_arp_reply                         0x0800283d   Thumb Code   154  autoip.o(i.autoip_arp_reply)
    autoip_init                              0x080028d7   Thumb Code     2  autoip.o(i.autoip_init)
    autoip_start                             0x080028d9   Thumb Code   140  autoip.o(i.autoip_start)
    autoip_tmr                               0x080029cd   Thumb Code   266  autoip.o(i.autoip_tmr)
    dhcp_arp_reply                           0x08002b01   Thumb Code    30  dhcp.o(i.dhcp_arp_reply)
    dhcp_coarse_tmr                          0x08002c21   Thumb Code    90  dhcp.o(i.dhcp_coarse_tmr)
    dhcp_fine_tmr                            0x08002ee5   Thumb Code    46  dhcp.o(i.dhcp_fine_tmr)
    dhcp_release                             0x0800311d   Thumb Code   176  dhcp.o(i.dhcp_release)
    dhcp_renew                               0x080031d1   Thumb Code   144  dhcp.o(i.dhcp_renew)
    do_bind                                  0x08003421   Thumb Code    92  api_msg.o(i.do_bind)
    do_delconn                               0x08003525   Thumb Code   104  api_msg.o(i.do_delconn)
    do_getaddr                               0x0800358d   Thumb Code   114  api_msg.o(i.do_getaddr)
    do_listen                                0x08003601   Thumb Code   144  api_msg.o(i.do_listen)
    do_newconn                               0x08003695   Thumb Code    28  api_msg.o(i.do_newconn)
    do_recv                                  0x080036b1   Thumb Code    60  api_msg.o(i.do_recv)
    etharp_arp_input                         0x08003809   Thumb Code   250  etharp.o(i.etharp_arp_input)
    etharp_output                            0x08003909   Thumb Code   180  etharp.o(i.etharp_output)
    etharp_query                             0x080039c1   Thumb Code   134  etharp.o(i.etharp_query)
    etharp_raw                               0x08003a4d   Thumb Code   178  etharp.o(i.etharp_raw)
    etharp_request                           0x08003b05   Thumb Code    32  etharp.o(i.etharp_request)
    etharp_tmr                               0x08003b61   Thumb Code    54  etharp.o(i.etharp_tmr)
    ethernet_input                           0x08003b9d   Thumb Code    76  etharp.o(i.ethernet_input)
    ethernetif_init                          0x08003be9   Thumb Code    42  ethernetif.o(i.ethernetif_init)
    fputc                                    0x08003e1d   Thumb Code    30  printf.o(i.fputc)
    getJsonValueAsInt                        0x08003e41   Thumb Code    84  myjason.o(i.getJsonValueAsInt)
    getJsonValueAsString                     0x08003e95   Thumb Code    88  myjason.o(i.getJsonValueAsString)
    get_json_str                             0x08003eed   Thumb Code   134  myjason.o(i.get_json_str)
    handleLongConnTask                       0x08003fa1   Thumb Code   746  myserver.o(i.handleLongConnTask)
    htonl                                    0x08004455   Thumb Code     4  inet.o(i.htonl)
    htons                                    0x08004459   Thumb Code     4  inet.o(i.htons)
    icmp_dest_unreach                        0x0800445d   Thumb Code   102  icmp.o(i.icmp_dest_unreach)
    icmp_input                               0x080044c3   Thumb Code   276  icmp.o(i.icmp_input)
    inet_chksum                              0x080045d7   Thumb Code    12  inet_chksum.o(i.inet_chksum)
    inet_chksum_pbuf                         0x080045e3   Thumb Code    72  inet_chksum.o(i.inet_chksum_pbuf)
    ip_addr_isbroadcast                      0x0800462b   Thumb Code    48  ip_addr.o(i.ip_addr_isbroadcast)
    ip_input                                 0x0800465d   Thumb Code   372  ip.o(i.ip_input)
    ip_output                                0x080047d9   Thumb Code    52  ip.o(i.ip_output)
    ip_output_if                             0x0800480d   Thumb Code   170  ip.o(i.ip_output_if)
    ip_route                                 0x080048bd   Thumb Code    62  ip.o(i.ip_route)
    isHead                                   0x08004905   Thumb Code    88  myjason.o(i.isHead)
    lwip_accept                              0x08004b41   Thumb Code   266  sockets.o(i.lwip_accept)
    lwip_bind                                0x08004c5d   Thumb Code    84  sockets.o(i.lwip_bind)
    lwip_close                               0x08004cb5   Thumb Code    58  sockets.o(i.lwip_close)
    lwip_init                                0x08004cf5   Thumb Code    26  init.o(i.lwip_init)
    lwip_listen                              0x08004d11   Thumb Code    72  sockets.o(i.lwip_listen)
    lwip_recv                                0x08004d5d   Thumb Code    14  sockets.o(i.lwip_recv)
    lwip_recvfrom                            0x08004d6d   Thumb Code   382  sockets.o(i.lwip_recvfrom)
    lwip_select                              0x08004ef1   Thumb Code   384  sockets.o(i.lwip_select)
    lwip_socket                              0x08005119   Thumb Code    82  sockets.o(i.lwip_socket)
    lwip_socket_init                         0x08005171   Thumb Code    22  sockets.o(i.lwip_socket_init)
    main                                     0x080051c9   Thumb Code    82  main.o(i.main)
    mem_free                                 0x080052d1   Thumb Code    60  mem.o(i.mem_free)
    mem_init                                 0x08005311   Thumb Code    52  mem.o(i.mem_init)
    mem_malloc                               0x0800534d   Thumb Code   188  mem.o(i.mem_malloc)
    mem_realloc                              0x0800540d   Thumb Code   210  mem.o(i.mem_realloc)
    memp_free                                0x080054e5   Thumb Code    18  memp.o(i.memp_free)
    memp_init                                0x080054fd   Thumb Code    78  memp.o(i.memp_init)
    memp_malloc                              0x08005555   Thumb Code    28  memp.o(i.memp_malloc)
    my_server_socket_init                    0x08005575   Thumb Code    74  myserver.o(i.my_server_socket_init)
    netbuf_delete                            0x08005721   Thumb Code    34  netbuf.o(i.netbuf_delete)
    netconn_accept                           0x08005745   Thumb Code    60  api_lib.o(i.netconn_accept)
    netconn_alloc                            0x08005785   Thumb Code   116  api_msg.o(i.netconn_alloc)
    netconn_bind                             0x080057f9   Thumb Code    40  api_lib.o(i.netconn_bind)
    netconn_delete                           0x08005825   Thumb Code    36  api_lib.o(i.netconn_delete)
    netconn_free                             0x0800584d   Thumb Code   104  api_msg.o(i.netconn_free)
    netconn_getaddr                          0x080058b5   Thumb Code    48  api_lib.o(i.netconn_getaddr)
    netconn_listen_with_backlog              0x080058e9   Thumb Code    38  api_lib.o(i.netconn_listen_with_backlog)
    netconn_new_with_proto_and_callback      0x08005915   Thumb Code    66  api_lib.o(i.netconn_new_with_proto_and_callback)
    netconn_recv                             0x0800595d   Thumb Code   204  api_lib.o(i.netconn_recv)
    netif_add                                0x08005a2d   Thumb Code    72  netif.o(i.netif_add)
    netif_is_up                              0x08005a79   Thumb Code    10  netif.o(i.netif_is_up)
    netif_set_addr                           0x08005a83   Thumb Code    32  netif.o(i.netif_set_addr)
    netif_set_default                        0x08005aa5   Thumb Code     6  netif.o(i.netif_set_default)
    netif_set_down                           0x08005ab1   Thumb Code    18  netif.o(i.netif_set_down)
    netif_set_gw                             0x08005ac3   Thumb Code     8  netif.o(i.netif_set_gw)
    netif_set_ipaddr                         0x08005acd   Thumb Code    92  netif.o(i.netif_set_ipaddr)
    netif_set_netmask                        0x08005b31   Thumb Code     8  netif.o(i.netif_set_netmask)
    netif_set_up                             0x08005b39   Thumb Code    28  netif.o(i.netif_set_up)
    ntohl                                    0x08005b55   Thumb Code     4  inet.o(i.ntohl)
    ntohs                                    0x08005b59   Thumb Code     4  inet.o(i.ntohs)
    pbuf_alloc                               0x08005b5d   Thumb Code   272  pbuf.o(i.pbuf_alloc)
    pbuf_cat                                 0x08005c6d   Thumb Code    40  pbuf.o(i.pbuf_cat)
    pbuf_chain                               0x08005c95   Thumb Code    18  pbuf.o(i.pbuf_chain)
    pbuf_clen                                0x08005ca7   Thumb Code    18  pbuf.o(i.pbuf_clen)
    pbuf_copy                                0x08005cb9   Thumb Code   144  pbuf.o(i.pbuf_copy)
    pbuf_copy_partial                        0x08005d49   Thumb Code   104  pbuf.o(i.pbuf_copy_partial)
    pbuf_free                                0x08005db1   Thumb Code    68  pbuf.o(i.pbuf_free)
    pbuf_header                              0x08005df5   Thumb Code    96  pbuf.o(i.pbuf_header)
    pbuf_realloc                             0x08005e55   Thumb Code    80  pbuf.o(i.pbuf_realloc)
    pbuf_ref                                 0x08005ea5   Thumb Code    12  pbuf.o(i.pbuf_ref)
    pvPortMalloc                             0x08006111   Thumb Code   168  heap_2.o(i.pvPortMalloc)
    pxPortInitialiseStack                    0x080061c1   Thumb Code    28  port.o(i.pxPortInitialiseStack)
    raw_bind                                 0x080061dd   Thumb Code    10  raw.o(i.raw_bind)
    raw_input                                0x080061e9   Thumb Code   102  raw.o(i.raw_input)
    raw_new                                  0x08006255   Thumb Code    38  raw.o(i.raw_new)
    raw_recv                                 0x08006281   Thumb Code     6  raw.o(i.raw_recv)
    raw_remove                               0x08006289   Thumb Code    40  raw.o(i.raw_remove)
    sys_arch_mbox_fetch                      0x08006461   Thumb Code    76  sys_arch.o(i.sys_arch_mbox_fetch)
    sys_arch_mbox_tryfetch                   0x080064ad   Thumb Code    28  sys_arch.o(i.sys_arch_mbox_tryfetch)
    sys_arch_sem_wait                        0x080064c9   Thumb Code    66  sys_arch.o(i.sys_arch_sem_wait)
    sys_arch_timeouts                        0x0800650d   Thumb Code    40  sys_arch.o(i.sys_arch_timeouts)
    sys_init                                 0x0800653d   Thumb Code    30  sys_arch.o(i.sys_init)
    sys_mbox_fetch                           0x08006565   Thumb Code    96  sys.o(i.sys_mbox_fetch)
    sys_mbox_free                            0x080065c5   Thumb Code    18  sys_arch.o(i.sys_mbox_free)
    sys_mbox_new                             0x080065d7   Thumb Code     8  sys_arch.o(i.sys_mbox_new)
    sys_mbox_post                            0x080065df   Thumb Code    26  sys_arch.o(i.sys_mbox_post)
    sys_mbox_trypost                         0x080065f9   Thumb Code    26  sys_arch.o(i.sys_mbox_trypost)
    sys_sem_free                             0x08006613   Thumb Code     4  sys_arch.o(i.sys_sem_free)
    sys_sem_new                              0x08006617   Thumb Code    50  sys_arch.o(i.sys_sem_new)
    sys_sem_signal                           0x08006649   Thumb Code    10  sys_arch.o(i.sys_sem_signal)
    sys_sem_wait                             0x08006653   Thumb Code    86  sys.o(i.sys_sem_wait)
    sys_sem_wait_timeout                     0x080066a9   Thumb Code    58  sys.o(i.sys_sem_wait_timeout)
    sys_thread_new                           0x080066e9   Thumb Code    72  sys_arch.o(i.sys_thread_new)
    sys_timeout                              0x08006739   Thumb Code    98  sys.o(i.sys_timeout)
    sys_untimeout                            0x0800679b   Thumb Code    78  sys.o(i.sys_untimeout)
    tcp_abandon                              0x080067e9   Thumb Code   144  tcp.o(i.tcp_abandon)
    tcp_accept                               0x0800687d   Thumb Code     4  tcp.o(i.tcp_accept)
    tcp_alloc                                0x08006889   Thumb Code   228  tcp.o(i.tcp_alloc)
    tcp_arg                                  0x08006979   Thumb Code     4  tcp.o(i.tcp_arg)
    tcp_bind                                 0x0800697d   Thumb Code   186  tcp.o(i.tcp_bind)
    tcp_close                                0x08006a3d   Thumb Code   154  tcp.o(i.tcp_close)
    tcp_eff_send_mss                         0x08006add   Thumb Code    32  tcp.o(i.tcp_eff_send_mss)
    tcp_enqueue                              0x08006afd   Thumb Code   834  tcp_out.o(i.tcp_enqueue)
    tcp_err                                  0x08006e3f   Thumb Code     6  tcp.o(i.tcp_err)
    tcp_fasttmr                              0x08006e45   Thumb Code    86  tcp.o(i.tcp_fasttmr)
    tcp_input                                0x08006ea1   Thumb Code   738  tcp_in.o(i.tcp_input)
    tcp_keepalive                            0x08007199   Thumb Code    70  tcp_out.o(i.tcp_keepalive)
    tcp_listen_with_backlog                  0x080072e9   Thumb Code   140  tcp.o(i.tcp_listen_with_backlog)
    tcp_new                                  0x0800737d   Thumb Code     6  tcp.o(i.tcp_new)
    tcp_next_iss                             0x080073e5   Thumb Code    12  tcp.o(i.tcp_next_iss)
    tcp_output                               0x080073f5   Thumb Code   432  tcp_out.o(i.tcp_output)
    tcp_pcb_purge                            0x08007755   Thumb Code    94  tcp.o(i.tcp_pcb_purge)
    tcp_pcb_remove                           0x080077b9   Thumb Code    86  tcp.o(i.tcp_pcb_remove)
    tcp_poll                                 0x08007815   Thumb Code    10  tcp.o(i.tcp_poll)
    tcp_recv                                 0x08007fb1   Thumb Code     6  tcp.o(i.tcp_recv)
    tcp_recv_null                            0x08007fb7   Thumb Code    36  tcp.o(i.tcp_recv_null)
    tcp_recved                               0x08007fdb   Thumb Code    60  tcp.o(i.tcp_recved)
    tcp_rexmit                               0x08008017   Thumb Code    78  tcp_out.o(i.tcp_rexmit)
    tcp_rexmit_fast                          0x08008065   Thumb Code    86  tcp_out.o(i.tcp_rexmit_fast)
    tcp_rexmit_rto                           0x080080bb   Thumb Code    46  tcp_out.o(i.tcp_rexmit_rto)
    tcp_rst                                  0x080080e9   Thumb Code   156  tcp_out.o(i.tcp_rst)
    tcp_seg_free                             0x08008185   Thumb Code    32  tcp.o(i.tcp_seg_free)
    tcp_segs_free                            0x080081a5   Thumb Code    26  tcp.o(i.tcp_segs_free)
    tcp_send_ctrl                            0x080081bf   Thumb Code    22  tcp_out.o(i.tcp_send_ctrl)
    tcp_send_empty_ack                       0x080081d5   Thumb Code    86  tcp_out.o(i.tcp_send_empty_ack)
    tcp_sent                                 0x0800822b   Thumb Code     6  tcp.o(i.tcp_sent)
    tcp_slowtmr                              0x08008231   Thumb Code   538  tcp.o(i.tcp_slowtmr)
    tcp_timer_needed                         0x0800845d   Thumb Code    36  tcpip.o(i.tcp_timer_needed)
    tcp_tmr                                  0x080084fd   Thumb Code    28  tcp.o(i.tcp_tmr)
    tcp_update_rcv_ann_wnd                   0x0800851d   Thumb Code    54  tcp.o(i.tcp_update_rcv_ann_wnd)
    tcp_write                                0x08008553   Thumb Code    46  tcp_out.o(i.tcp_write)
    tcp_zero_window_probe                    0x08008581   Thumb Code   144  tcp_out.o(i.tcp_zero_window_probe)
    tcpip_apimsg                             0x08008611   Thumb Code    48  tcpip.o(i.tcpip_apimsg)
    tcpip_init                               0x08008645   Thumb Code    44  tcpip.o(i.tcpip_init)
    tcpip_input                              0x08008681   Thumb Code    68  tcpip.o(i.tcpip_input)
    udp_bind                                 0x080087b5   Thumb Code    86  udp.o(i.udp_bind)
    udp_input                                0x08008811   Thumb Code   352  udp.o(i.udp_input)
    udp_new                                  0x08008975   Thumb Code    26  udp.o(i.udp_new)
    udp_recv                                 0x0800898f   Thumb Code     6  udp.o(i.udp_recv)
    udp_remove                               0x08008995   Thumb Code    40  udp.o(i.udp_remove)
    udp_sendto_if                            0x080089c1   Thumb Code   178  udp.o(i.udp_sendto_if)
    uxQueueMessagesWaiting                   0x08008ae5   Thumb Code    18  queue.o(i.uxQueueMessagesWaiting)
    vListInitialise                          0x08008af7   Thumb Code    22  list.o(i.vListInitialise)
    vListInitialiseItem                      0x08008b0d   Thumb Code     6  list.o(i.vListInitialiseItem)
    vListInsert                              0x08008b13   Thumb Code    48  list.o(i.vListInsert)
    vListInsertEnd                           0x08008b43   Thumb Code    28  list.o(i.vListInsertEnd)
    vListRemove                              0x08008b5f   Thumb Code    36  list.o(i.vListRemove)
    vPortEnterCritical                       0x08008b85   Thumb Code    16  port.o(i.vPortEnterCritical)
    vPortExitCritical                        0x08008b99   Thumb Code    16  port.o(i.vPortExitCritical)
    vPortFree                                0x08008bad   Thumb Code    56  heap_2.o(i.vPortFree)
    vPortYieldFromISR                        0x08008be9   Thumb Code    10  port.o(i.vPortYieldFromISR)
    vQueueDelete                             0x08008bf9   Thumb Code    20  queue.o(i.vQueueDelete)
    vTaskDelay                               0x08008c0d   Thumb Code    68  tasks.o(i.vTaskDelay)
    vTaskIncrementTick                       0x08008c55   Thumb Code   114  tasks.o(i.vTaskIncrementTick)
    vTaskMissedYield                         0x08008cd1   Thumb Code     8  tasks.o(i.vTaskMissedYield)
    vTaskPlaceOnEventList                    0x08008cdd   Thumb Code    74  tasks.o(i.vTaskPlaceOnEventList)
    vTaskPriorityDisinherit                  0x08008d31   Thumb Code    64  tasks.o(i.vTaskPriorityDisinherit)
    vTaskPriorityInherit                     0x08008d79   Thumb Code    90  tasks.o(i.vTaskPriorityInherit)
    vTaskSetTimeOutState                     0x08008ddd   Thumb Code    12  tasks.o(i.vTaskSetTimeOutState)
    vTaskStartScheduler                      0x08008ded   Thumb Code    50  tasks.o(i.vTaskStartScheduler)
    vTaskSuspend                             0x08008e31   Thumb Code    94  tasks.o(i.vTaskSuspend)
    vTaskSuspendAll                          0x08008e99   Thumb Code    10  tasks.o(i.vTaskSuspendAll)
    vTaskSwitchContext                       0x08008ea9   Thumb Code   126  tasks.o(i.vTaskSwitchContext)
    xPortStartScheduler                      0x08008f31   Thumb Code    46  port.o(i.xPortStartScheduler)
    xPortSysTickHandler                      0x08008f6d   Thumb Code    26  port.o(i.xPortSysTickHandler)
    xQueueCreate                             0x08008f8d   Thumb Code    94  queue.o(i.xQueueCreate)
    xQueueCreateCountingSemaphore            0x08008feb   Thumb Code    18  queue.o(i.xQueueCreateCountingSemaphore)
    xQueueGenericReceive                     0x08008ffd   Thumb Code   264  queue.o(i.xQueueGenericReceive)
    xQueueGenericSend                        0x08009105   Thumb Code   210  queue.o(i.xQueueGenericSend)
    xQueueGenericSendFromISR                 0x080091d7   Thumb Code    84  queue.o(i.xQueueGenericSendFromISR)
    xTaskCheckForTimeOut                     0x0800922d   Thumb Code    72  tasks.o(i.xTaskCheckForTimeOut)
    xTaskGenericCreate                       0x08009279   Thumb Code   352  tasks.o(i.xTaskGenericCreate)
    xTaskGetCurrentTaskHandle                0x080093e1   Thumb Code     6  tasks.o(i.xTaskGetCurrentTaskHandle)
    xTaskGetTickCount                        0x080093ed   Thumb Code    18  tasks.o(i.xTaskGetTickCount)
    xTaskRemoveFromEventList                 0x08009405   Thumb Code    88  tasks.o(i.xTaskRemoveFromEventList)
    xTaskResumeAll                           0x08009465   Thumb Code   168  tasks.o(i.xTaskResumeAll)
    tcp_persist_backoff                      0x080095d4   Data           7  tcp.o(.constdata)
    tcp_backoff                              0x080095db   Data          13  tcp.o(.constdata)
    ip_addr_any                              0x080095e8   Data           4  ip_addr.o(.constdata)
    ip_addr_broadcast                        0x080095ec   Data           4  ip_addr.o(.constdata)
    ethbroadcast                             0x080095f0   Data           6  etharp.o(.constdata)
    ethzero                                  0x080095f6   Data           6  etharp.o(.constdata)
    ASCII16x24_Table                         0x080095fc   Data        4560  stm324xg_eval_lcd.o(.constdata)
    WelcomeStr                               0x0800a7cc   Data         936  stm324xg_eval_lcd.o(.constdata)
    COM_TX_PIN                               0x0800ab74   Data           4  stm324xg_eval.o(.constdata)
    COM_RX_PIN                               0x0800ab78   Data           4  stm324xg_eval.o(.constdata)
    COM_TX_PIN_SOURCE                        0x0800ab7c   Data           4  stm324xg_eval.o(.constdata)
    COM_RX_PIN_SOURCE                        0x0800ab80   Data           4  stm324xg_eval.o(.constdata)
    COM_TX_AF                                0x0800ab84   Data           4  stm324xg_eval.o(.constdata)
    COM_RX_AF                                0x0800ab88   Data           4  stm324xg_eval.o(.constdata)
    GPIO_PIN                                 0x0800ab8c   Data           8  stm324xg_eval.o(.constdata)
    BUTTON_PIN                               0x0800ab94   Data           8  stm324xg_eval.o(.constdata)
    BUTTON_EXTI_LINE                         0x0800ab9c   Data           8  stm324xg_eval.o(.constdata)
    BUTTON_PORT_SOURCE                       0x0800aba4   Data           8  stm324xg_eval.o(.constdata)
    BUTTON_PIN_SOURCE                        0x0800abac   Data           8  stm324xg_eval.o(.constdata)
    BUTTON_IRQn                              0x0800abb4   Data           8  stm324xg_eval.o(.constdata)
    COM_USART_CLK                            0x0800abbc   Data           8  stm324xg_eval.o(.constdata)
    COM_TX_PORT_CLK                          0x0800abc4   Data           8  stm324xg_eval.o(.constdata)
    COM_RX_PORT_CLK                          0x0800abcc   Data           8  stm324xg_eval.o(.constdata)
    GPIO_CLK                                 0x0800abd4   Data          16  stm324xg_eval.o(.constdata)
    BUTTON_CLK                               0x0800abe4   Data          16  stm324xg_eval.o(.constdata)
    __ctype_table                            0x0800abf4   Data         129  ctype_o.o(.constdata)
    Region$$Table$$Base                      0x0800ace4   Number         0  anon$$obj.o(Region$$Table)
    Region$$Table$$Limit                     0x0800ad04   Number         0  anon$$obj.o(Region$$Table)
    SystemCoreClock                          0x20000000   Data           4  system_stm32f4xx.o(.data)
    AHBPrescTable                            0x20000004   Data          16  system_stm32f4xx.o(.data)
    EthLinkStatus                            0x20000014   Data           1  stm32f4x7_eth_bsp.o(.data)
    EthInitStatus                            0x20000018   Data           4  stm32f4x7_eth_bsp.o(.data)
    xNewConnQue                              0x2000001c   Data           4  myserver.o(.data)
    netif_list                               0x20000054   Data           4  netif.o(.data)
    netif_default                            0x20000058   Data           4  netif.o(.data)
    tcp_ticks                                0x20000068   Data           4  tcp.o(.data)
    tcp_bound_pcbs                           0x2000006c   Data           4  tcp.o(.data)
    tcp_listen_pcbs                          0x20000070   Data           4  tcp.o(.data)
    tcp_active_pcbs                          0x20000074   Data           4  tcp.o(.data)
    tcp_tw_pcbs                              0x20000078   Data           4  tcp.o(.data)
    tcp_tmp_pcb                              0x2000007c   Data           4  tcp.o(.data)
    tcp_state_str                            0x20000080   Data          44  tcp.o(.data)
    tcp_input_pcb                            0x200000c4   Data           4  tcp_in.o(.data)
    udp_pcbs                                 0x200000c8   Data           4  udp.o(.data)
    current_netif                            0x200000d0   Data           4  ip.o(.data)
    current_header                           0x200000d4   Data           4  ip.o(.data)
    s_xSemaphore                             0x200000e0   Data           4  ethernetif.o(.data)
    DMATxDescToSet                           0x200000fc   Data           4  stm32f4x7_eth.o(.data)
    DMARxDescToGet                           0x20000100   Data           4  stm32f4x7_eth.o(.data)
    DMA_RX_FRAME_infos                       0x20000104   Data           4  stm32f4x7_eth.o(.data)
    TextColor                                0x20000108   Data           2  stm324xg_eval_lcd.o(.data)
    BackColor                                0x2000010a   Data           2  stm324xg_eval_lcd.o(.data)
    DeviceCode                               0x2000010c   Data           2  stm324xg_eval_lcd.o(.data)
    Font16x24                                0x20000114   Data           8  stm324xg_eval_lcd.o(.data)
    NVIC_InitStructure                       0x2000011c   Data           4  stm324xg_eval.o(.data)
    COM_USART                                0x20000120   Data           8  stm324xg_eval.o(.data)
    COM_TX_PORT                              0x20000128   Data           8  stm324xg_eval.o(.data)
    COM_RX_PORT                              0x20000130   Data           8  stm324xg_eval.o(.data)
    GPIO_PORT                                0x20000138   Data          16  stm324xg_eval.o(.data)
    BUTTON_PORT                              0x20000148   Data          16  stm324xg_eval.o(.data)
    pxCurrentTCB                             0x20000174   Data           4  tasks.o(.data)
    __stdout                                 0x200001c0   Data           4  stdout.o(.data)
    xnetif                                   0x200001c8   Data          56  netconf.o(.bss)
    DMARxDscrTab                             0x20005270   Data         160  stm32f4x7_eth.o(.bss)
    DMATxDscrTab                             0x20005310   Data         160  stm32f4x7_eth.o(.bss)
    Rx_Buff                                  0x200053b0   Data        7620  stm32f4x7_eth.o(.bss)
    Tx_Buff                                  0x20007174   Data        7620  stm32f4x7_eth.o(.bss)
    RX_Frame_Descriptor                      0x20008f38   Data          12  stm32f4x7_eth.o(.bss)
    __initial_sp                             0x2000d070   Data           0  startup_stm32f4xx.o(STACK)



==============================================================================

Memory Map of the image

  Image Entry point : 0x08000189

  Load Region LR_IROM1 (Base: 0x08000000, Size: 0x0000aecc, Max: 0x00100000, ABSOLUTE, COMPRESSED[0x0000ad74])

    Execution Region ER_IROM1 (Base: 0x08000000, Size: 0x0000ad04, Max: 0x00100000, ABSOLUTE)

    Base Addr    Size         Type   Attr      Idx    E Section Name        Object

    0x08000000   0x00000188   Data   RO          139    RESET               startup_stm32f4xx.o
    0x08000188   0x00000000   Code   RO         6014  * .ARM.Collect$$$$00000000  mc_w.l(entry.o)
    0x08000188   0x00000004   Code   RO         6306    .ARM.Collect$$$$00000001  mc_w.l(entry2.o)
    0x0800018c   0x00000004   Code   RO         6309    .ARM.Collect$$$$00000004  mc_w.l(entry5.o)
    0x08000190   0x00000000   Code   RO         6311    .ARM.Collect$$$$00000008  mc_w.l(entry7b.o)
    0x08000190   0x00000008   Code   RO         6312    .ARM.Collect$$$$00000009  mc_w.l(entry8.o)
    0x08000198   0x00000004   Code   RO         6307    .ARM.Collect$$$$00002712  mc_w.l(entry2.o)
    0x0800019c   0x00000088   Code   RO         5535    .emb_text           port.o
    0x08000224   0x00000024   Code   RO          140    .text               startup_stm32f4xx.o
    0x08000248   0x00000024   Code   RO         6017    .text               mc_w.l(memcpya.o)
    0x0800026c   0x00000026   Code   RO         6019    .text               mc_w.l(memseta.o)
    0x08000292   0x0000002c   Code   RO         6023    .text               mc_w.l(strstr.o)
    0x080002be   0x00000018   Code   RO         6025    .text               mc_w.l(strncpy.o)
    0x080002d6   0x00000010   Code   RO         6027    .text               mc_w.l(strlen.o)
    0x080002e6   0x0000001a   Code   RO         6031    .text               mc_w.l(memcmp.o)
    0x08000300   0x0000001a   Code   RO         6296    .text               mc_w.l(atol.o)
    0x0800031a   0x0000002c   Code   RO         6314    .text               mc_w.l(uidiv.o)
    0x08000346   0x00000070   Code   RO         6327    .text               mc_w.l(strtol.o)
    0x080003b6   0x00000002   PAD
    0x080003b8   0x00000024   Code   RO         6340    .text               mc_w.l(init.o)
    0x080003dc   0x00000008   Code   RO         6350    .text               mc_w.l(ctype_o.o)
    0x080003e4   0x0000009e   Code   RO         6384    .text               mc_w.l(_strtoul.o)
    0x08000482   0x0000001c   Code   RO         6389    .text               mc_w.l(_chval.o)
    0x0800049e   0x0000005c   Code   RO         6405    .text               mc_w.l(__dczerorl2.o)
    0x080004fa   0x00000002   PAD
    0x080004fc   0x00000020   Code   RO          440    i.BusFault_Handler  stm32f4xx_it.o
    0x0800051c   0x00000002   Code   RO          441    i.DebugMon_Handler  stm32f4xx_it.o
    0x0800051e   0x00000002   PAD
    0x08000520   0x000000a0   Code   RO          393    i.ETH_BSP_Config    stm32f4x7_eth_bsp.o
    0x080005c0   0x0000000c   Code   RO         4561    i.ETH_DMAClearITPendingBit  stm32f4x7_eth.o
    0x080005cc   0x00000018   Code   RO         4562    i.ETH_DMAITConfig   stm32f4x7_eth.o
    0x080005e4   0x0000001c   Code   RO         4563    i.ETH_DMAReceptionCmd  stm32f4x7_eth.o
    0x08000600   0x00000058   Code   RO         4564    i.ETH_DMARxDescChainInit  stm32f4x7_eth.o
    0x08000658   0x00000012   Code   RO         4565    i.ETH_DMARxDescReceiveITConfig  stm32f4x7_eth.o
    0x0800066a   0x00000002   PAD
    0x0800066c   0x0000001c   Code   RO         4566    i.ETH_DMATransmissionCmd  stm32f4x7_eth.o
    0x08000688   0x00000048   Code   RO         4569    i.ETH_DMATxDescChainInit  stm32f4x7_eth.o
    0x080006d0   0x00000008   Code   RO         4570    i.ETH_DMATxDescChecksumInsertionConfig  stm32f4x7_eth.o
    0x080006d8   0x00000018   Code   RO         4575    i.ETH_DeInit        stm32f4x7_eth.o
    0x080006f0   0x0000000a   Code   RO         4576    i.ETH_Delay         stm32f4x7_eth.o
    0x080006fa   0x00000002   PAD
    0x080006fc   0x00000010   Code   RO         4578    i.ETH_FlushTransmitFIFO  stm32f4x7_eth.o
    0x0800070c   0x000000d4   Code   RO          394    i.ETH_GPIO_Config   stm32f4x7_eth_bsp.o
    0x080007e0   0x00000014   Code   RO         4584    i.ETH_GetDMAFlagStatus  stm32f4x7_eth.o
    0x080007f4   0x00000014   Code   RO         4604    i.ETH_GetSoftwareResetStatus  stm32f4x7_eth.o
    0x08000808   0x0000008c   Code   RO         4607    i.ETH_Get_Received_Frame_interrupt  stm32f4x7_eth.o
    0x08000894   0x0000003c   Code   RO          442    i.ETH_IRQHandler    stm32f4xx_it.o
    0x080008d0   0x00000238   Code   RO         4609    i.ETH_Init          stm32f4x7_eth.o
    0x08000b08   0x0000001c   Code   RO         4611    i.ETH_MACAddressConfig  stm32f4x7_eth.o
    0x08000b24   0x00000084   Code   RO          395    i.ETH_MACDMA_Config  stm32f4x7_eth_bsp.o
    0x08000ba8   0x0000001c   Code   RO         4616    i.ETH_MACReceptionCmd  stm32f4x7_eth.o
    0x08000bc4   0x0000001c   Code   RO         4617    i.ETH_MACTransmissionCmd  stm32f4x7_eth.o
    0x08000be0   0x000000ac   Code   RO         4628    i.ETH_Prepare_Transmit_Descriptors  stm32f4x7_eth.o
    0x08000c8c   0x00000050   Code   RO         4629    i.ETH_ReadPHYRegister  stm32f4x7_eth.o
    0x08000cdc   0x00000010   Code   RO         4637    i.ETH_SoftwareReset  stm32f4x7_eth.o
    0x08000cec   0x00000022   Code   RO         4638    i.ETH_Start         stm32f4x7_eth.o
    0x08000d0e   0x00000088   Code   RO         4639    i.ETH_StructInit    stm32f4x7_eth.o
    0x08000d96   0x00000002   PAD
    0x08000d98   0x0000004c   Code   RO         4641    i.ETH_WritePHYRegister  stm32f4x7_eth.o
    0x08000de4   0x0000001e   Code   RO          443    i.EXTI3_IRQHandler  stm32f4xx_it.o
    0x08000e02   0x00000002   PAD
    0x08000e04   0x0000000c   Code   RO         3373    i.EXTI_ClearITPendingBit  stm32f4xx_exti.o
    0x08000e10   0x00000020   Code   RO         3377    i.EXTI_GetITStatus  stm32f4xx_exti.o
    0x08000e30   0x00000070   Code   RO         3378    i.EXTI_Init         stm32f4xx_exti.o
    0x08000ea0   0x00000074   Code   RO          396    i.Eth_Link_EXTIConfig  stm32f4x7_eth_bsp.o
    0x08000f14   0x000000bc   Code   RO          397    i.Eth_Link_ITHandler  stm32f4x7_eth_bsp.o
    0x08000fd0   0x00000036   Code   RO          398    i.Eth_Link_PHYITConfig  stm32f4x7_eth_bsp.o
    0x08001006   0x00000002   PAD
    0x08001008   0x00000020   Code   RO         3631    i.FSMC_NORSRAMCmd   stm32f4xx_fsmc.o
    0x08001028   0x000000c0   Code   RO         3633    i.FSMC_NORSRAMInit  stm32f4xx_fsmc.o
    0x080010e8   0x0000007c   Code   RO         3745    i.GPIO_Init         stm32f4xx_gpio.o
    0x08001164   0x00000020   Code   RO         3746    i.GPIO_PinAFConfig  stm32f4xx_gpio.o
    0x08001184   0x00000004   Code   RO         3753    i.GPIO_SetBits      stm32f4xx_gpio.o
    0x08001188   0x00000020   Code   RO          444    i.HardFault_Handler  stm32f4xx_it.o
    0x080011a8   0x00000026   Code   RO         5075    i.LCD_Clear         stm324xg_eval_lcd.o
    0x080011ce   0x00000002   PAD
    0x080011d0   0x0000016c   Code   RO         5079    i.LCD_CtrlLinesConfig  stm324xg_eval_lcd.o
    0x0800133c   0x00000020   Code   RO         5081    i.LCD_DisplayChar   stm324xg_eval_lcd.o
    0x0800135c   0x00000038   Code   RO         5084    i.LCD_DisplayStringLine  stm324xg_eval_lcd.o
    0x08001394   0x00000034   Code   RO         5085    i.LCD_DisplayWelcomeStr  stm324xg_eval_lcd.o
    0x080013c8   0x00000098   Code   RO         5086    i.LCD_DrawChar      stm324xg_eval_lcd.o
    0x08001460   0x0000006a   Code   RO         5087    i.LCD_DrawChinaChar  stm324xg_eval_lcd.o
    0x080014ca   0x0000006e   Code   RO         5095    i.LCD_FSMCConfig    stm324xg_eval_lcd.o
    0x08001538   0x0000000c   Code   RO         5098    i.LCD_GetFont       stm324xg_eval_lcd.o
    0x08001544   0x000000e0   Code   RO          145    i.LCD_LED_Init      main.o
    0x08001624   0x0000000a   Code   RO         5105    i.LCD_ReadReg       stm324xg_eval_lcd.o
    0x0800162e   0x00000002   PAD
    0x08001630   0x0000000c   Code   RO         5106    i.LCD_SetBackColor  stm324xg_eval_lcd.o
    0x0800163c   0x0000000c   Code   RO         5107    i.LCD_SetColors     stm324xg_eval_lcd.o
    0x08001648   0x00000058   Code   RO         5108    i.LCD_SetCursor     stm324xg_eval_lcd.o
    0x080016a0   0x0000000c   Code   RO         5112    i.LCD_SetTextColor  stm324xg_eval_lcd.o
    0x080016ac   0x0000000a   Code   RO         5117    i.LCD_WriteReg      stm324xg_eval_lcd.o
    0x080016b6   0x00000002   PAD
    0x080016b8   0x000000e4   Code   RO          328    i.LwIP_Init         netconf.o
    0x0800179c   0x00000020   Code   RO          445    i.MemManage_Handler  stm32f4xx_it.o
    0x080017bc   0x00000002   Code   RO          446    i.NMI_Handler       stm32f4xx_it.o
    0x080017be   0x00000002   PAD
    0x080017c0   0x00000064   Code   RO         2970    i.NVIC_Init         misc.o
    0x08001824   0x00000014   Code   RO         2971    i.NVIC_PriorityGroupConfig  misc.o
    0x08001838   0x000000ac   Code   RO         5467    i.Printf_Init       printf.o
    0x080018e4   0x00000018   Code   RO         3838    i.RCC_AHB1PeriphClockCmd  stm32f4xx_rcc.o
    0x080018fc   0x00000018   Code   RO         3840    i.RCC_AHB1PeriphResetCmd  stm32f4xx_rcc.o
    0x08001914   0x00000018   Code   RO         3844    i.RCC_AHB3PeriphClockCmd  stm32f4xx_rcc.o
    0x0800192c   0x00000018   Code   RO         3847    i.RCC_APB1PeriphClockCmd  stm32f4xx_rcc.o
    0x08001944   0x00000018   Code   RO         3850    i.RCC_APB2PeriphClockCmd  stm32f4xx_rcc.o
    0x0800195c   0x00000098   Code   RO         3859    i.RCC_GetClocksFreq  stm32f4xx_rcc.o
    0x080019f4   0x000006e4   Code   RO         5119    i.STM324xG_LCD_Init  stm324xg_eval_lcd.o
    0x080020d8   0x000000dc   Code   RO         5372    i.STM_EVAL_COMInit  stm324xg_eval.o
    0x080021b4   0x00000048   Code   RO         5373    i.STM_EVAL_LEDInit  stm324xg_eval.o
    0x080021fc   0x0000001c   Code   RO         5376    i.STM_EVAL_LEDToggle  stm324xg_eval.o
    0x08002218   0x0000000c   Code   RO         4306    i.SYSCFG_ETH_MediaInterfaceConfig  stm32f4xx_syscfg.o
    0x08002224   0x00000028   Code   RO         4307    i.SYSCFG_EXTILineConfig  stm32f4xx_syscfg.o
    0x0800224c   0x0000009c   Code   RO            2    i.SetSysClock       system_stm32f4xx.o
    0x080022e8   0x00000004   Code   RO          449    i.SysTick_Handler   stm32f4xx_it.o
    0x080022ec   0x0000007c   Code   RO            3    i.SystemCoreClockUpdate  system_stm32f4xx.o
    0x08002368   0x00000050   Code   RO            4    i.SystemInit        system_stm32f4xx.o
    0x080023b8   0x0000000e   Code   RO          147    i.ToggleLed2        main.o
    0x080023c6   0x00000014   Code   RO         2790    i.USART_Cmd         stm32f4xx_usart.o
    0x080023da   0x0000000e   Code   RO         2793    i.USART_GetFlagStatus  stm32f4xx_usart.o
    0x080023e8   0x00000030   Code   RO         2796    i.USART_ITConfig    stm32f4xx_usart.o
    0x08002418   0x000000b8   Code   RO         2797    i.USART_Init        stm32f4xx_usart.o
    0x080024d0   0x00000008   Code   RO         2807    i.USART_SendData    stm32f4xx_usart.o
    0x080024d8   0x00000020   Code   RO          450    i.UsageFault_Handler  stm32f4xx_it.o
    0x080024f8   0x00000020   Code   RO         6124    i.__0printf$3       mc_w.l(printf3.o)
    0x08002518   0x00000028   Code   RO         6126    i.__0sprintf$3      mc_w.l(printf3.o)
    0x08002540   0x00000008   Code   RO         6318    i.__aeabi_errno_addr  mc_w.l(errno.o)
    0x08002548   0x0000000e   Code   RO         6399    i.__scatterload_copy  mc_w.l(handlers.o)
    0x08002556   0x00000002   Code   RO         6400    i.__scatterload_null  mc_w.l(handlers.o)
    0x08002558   0x0000000e   Code   RO         6401    i.__scatterload_zeroinit  mc_w.l(handlers.o)
    0x08002566   0x00000002   PAD
    0x08002568   0x000001b4   Code   RO         6131    i._printf_core      mc_w.l(printf3.o)
    0x0800271c   0x0000000a   Code   RO         6133    i._sputc            mc_w.l(printf3.o)
    0x08002726   0x00000058   Code   RO          803    i.accept_function   api_msg.o
    0x0800277e   0x00000002   PAD
    0x08002780   0x0000005c   Code   RO         1040    i.alloc_socket      sockets.o
    0x080027dc   0x0000001c   Code   RO         1205    i.arp_timer         tcpip.o
    0x080027f8   0x0000001c   Code   RO         2630    i.arp_timer         ethernetif.o
    0x08002814   0x00000028   Code   RO         2309    i.autoip_arp_announce  autoip.o
    0x0800283c   0x0000009a   Code   RO         2310    i.autoip_arp_reply  autoip.o
    0x080028d6   0x00000002   Code   RO         2311    i.autoip_init       autoip.o
    0x080028d8   0x00000098   Code   RO         2313    i.autoip_start      autoip.o
    0x08002970   0x00000044   Code   RO         2314    i.autoip_start_probing  autoip.o
    0x080029b4   0x00000018   Code   RO         1206    i.autoip_timer      tcpip.o
    0x080029cc   0x00000120   Code   RO         2316    i.autoip_tmr        autoip.o
    0x08002aec   0x00000014   Code   RO         5120    i.delay             stm324xg_eval_lcd.o
    0x08002b00   0x0000001e   Code   RO         1335    i.dhcp_arp_reply    dhcp.o
    0x08002b1e   0x00000002   PAD
    0x08002b20   0x000000d8   Code   RO         1336    i.dhcp_bind         dhcp.o
    0x08002bf8   0x00000026   Code   RO         1337    i.dhcp_check        dhcp.o
    0x08002c1e   0x00000002   PAD
    0x08002c20   0x00000060   Code   RO         1338    i.dhcp_coarse_tmr   dhcp.o
    0x08002c80   0x00000104   Code   RO         1339    i.dhcp_create_request  dhcp.o
    0x08002d84   0x0000007c   Code   RO         1340    i.dhcp_decline      dhcp.o
    0x08002e00   0x0000001c   Code   RO         1341    i.dhcp_delete_request  dhcp.o
    0x08002e1c   0x000000c8   Code   RO         1342    i.dhcp_discover     dhcp.o
    0x08002ee4   0x00000034   Code   RO         1343    i.dhcp_fine_tmr     dhcp.o
    0x08002f18   0x00000020   Code   RO         1350    i.dhcp_option       dhcp.o
    0x08002f38   0x00000010   Code   RO         1351    i.dhcp_option_byte  dhcp.o
    0x08002f48   0x00000042   Code   RO         1352    i.dhcp_option_long  dhcp.o
    0x08002f8a   0x00000022   Code   RO         1353    i.dhcp_option_short  dhcp.o
    0x08002fac   0x00000030   Code   RO         1354    i.dhcp_option_trailer  dhcp.o
    0x08002fdc   0x00000094   Code   RO         1355    i.dhcp_rebind       dhcp.o
    0x08003070   0x000000ac   Code   RO         1356    i.dhcp_reboot       dhcp.o
    0x0800311c   0x000000b4   Code   RO         1358    i.dhcp_release      dhcp.o
    0x080031d0   0x00000090   Code   RO         1359    i.dhcp_renew        dhcp.o
    0x08003260   0x000000f0   Code   RO         1360    i.dhcp_select       dhcp.o
    0x08003350   0x0000000e   Code   RO         1361    i.dhcp_set_state    dhcp.o
    0x0800335e   0x00000088   Code   RO         1364    i.dhcp_timeout      dhcp.o
    0x080033e6   0x00000002   PAD
    0x080033e8   0x0000001c   Code   RO         1207    i.dhcp_timer_coarse  tcpip.o
    0x08003404   0x0000001c   Code   RO         1208    i.dhcp_timer_fine   tcpip.o
    0x08003420   0x0000005c   Code   RO          804    i.do_bind           api_msg.o
    0x0800347c   0x000000a8   Code   RO          806    i.do_close_internal  api_msg.o
    0x08003524   0x00000068   Code   RO          809    i.do_delconn        api_msg.o
    0x0800358c   0x00000072   Code   RO          811    i.do_getaddr        api_msg.o
    0x080035fe   0x00000002   PAD
    0x08003600   0x00000094   Code   RO          812    i.do_listen         api_msg.o
    0x08003694   0x0000001c   Code   RO          813    i.do_newconn        api_msg.o
    0x080036b0   0x0000003c   Code   RO          814    i.do_recv           api_msg.o
    0x080036ec   0x000000b8   Code   RO          817    i.do_writemore      api_msg.o
    0x080037a4   0x00000064   Code   RO          818    i.err_tcp           api_msg.o
    0x08003808   0x00000100   Code   RO         2531    i.etharp_arp_input  etharp.o
    0x08003908   0x000000b8   Code   RO         2534    i.etharp_output     etharp.o
    0x080039c0   0x0000008c   Code   RO         2535    i.etharp_query      etharp.o
    0x08003a4c   0x000000b8   Code   RO         2536    i.etharp_raw        etharp.o
    0x08003b04   0x00000024   Code   RO         2537    i.etharp_request    etharp.o
    0x08003b28   0x00000036   Code   RO         2538    i.etharp_send_ip    etharp.o
    0x08003b5e   0x00000002   PAD
    0x08003b60   0x0000003c   Code   RO         2539    i.etharp_tmr        etharp.o
    0x08003b9c   0x0000004c   Code   RO         2540    i.ethernet_input    etharp.o
    0x08003be8   0x00000038   Code   RO         2631    i.ethernetif_init   ethernetif.o
    0x08003c20   0x00000030   Code   RO         2632    i.ethernetif_input  ethernetif.o
    0x08003c50   0x000000e8   Code   RO         1041    i.event_callback    sockets.o
    0x08003d38   0x000000e4   Code   RO         2541    i.find_entry        etharp.o
    0x08003e1c   0x00000024   Code   RO         5476    i.fputc             printf.o
    0x08003e40   0x00000054   Code   RO          646    i.getJsonValueAsInt  myjason.o
    0x08003e94   0x00000058   Code   RO          647    i.getJsonValueAsString  myjason.o
    0x08003eec   0x00000098   Code   RO          648    i.get_json_str      myjason.o
    0x08003f84   0x0000001c   Code   RO         1042    i.get_socket        sockets.o
    0x08003fa0   0x000004b4   Code   RO          590    i.handleLongConnTask  myserver.o
    0x08004454   0x00000004   Code   RO         2388    i.htonl             inet.o
    0x08004458   0x00000004   Code   RO         2389    i.htons             inet.o
    0x0800445c   0x00000066   Code   RO         2364    i.icmp_dest_unreach  icmp.o
    0x080044c2   0x00000114   Code   RO         2365    i.icmp_input        icmp.o
    0x080045d6   0x0000000c   Code   RO         2437    i.inet_chksum       inet_chksum.o
    0x080045e2   0x00000048   Code   RO         2438    i.inet_chksum_pbuf  inet_chksum.o
    0x0800462a   0x00000030   Code   RO         2502    i.ip_addr_isbroadcast  ip_addr.o
    0x0800465a   0x00000002   PAD
    0x0800465c   0x0000017c   Code   RO         2466    i.ip_input          ip.o
    0x080047d8   0x00000034   Code   RO         2467    i.ip_output         ip.o
    0x0800480c   0x000000b0   Code   RO         2468    i.ip_output_if      ip.o
    0x080048bc   0x00000048   Code   RO         2469    i.ip_route          ip.o
    0x08004904   0x00000078   Code   RO          649    i.isHead            myjason.o
    0x0800497c   0x000000cc   Code   RO         2633    i.low_level_init    ethernetif.o
    0x08004a48   0x00000088   Code   RO         2634    i.low_level_input   ethernetif.o
    0x08004ad0   0x00000070   Code   RO         2635    i.low_level_output  ethernetif.o
    0x08004b40   0x0000011c   Code   RO         1043    i.lwip_accept       sockets.o
    0x08004c5c   0x00000058   Code   RO         1044    i.lwip_bind         sockets.o
    0x08004cb4   0x00000040   Code   RO         1045    i.lwip_close        sockets.o
    0x08004cf4   0x0000001a   Code   RO         1515    i.lwip_init         init.o
    0x08004d0e   0x00000002   PAD
    0x08004d10   0x0000004c   Code   RO         1053    i.lwip_listen       sockets.o
    0x08004d5c   0x0000000e   Code   RO         1055    i.lwip_recv         sockets.o
    0x08004d6a   0x00000002   PAD
    0x08004d6c   0x00000184   Code   RO         1056    i.lwip_recvfrom     sockets.o
    0x08004ef0   0x00000184   Code   RO         1057    i.lwip_select       sockets.o
    0x08005074   0x000000a2   Code   RO         1058    i.lwip_selscan      sockets.o
    0x08005116   0x00000002   PAD
    0x08005118   0x00000058   Code   RO         1064    i.lwip_socket       sockets.o
    0x08005170   0x0000001c   Code   RO         1065    i.lwip_socket_init  sockets.o
    0x0800518c   0x0000003a   Code   RO         2440    i.lwip_standard_chksum  inet_chksum.o
    0x080051c6   0x00000002   PAD
    0x080051c8   0x00000108   Code   RO          150    i.main              main.o
    0x080052d0   0x00000040   Code   RO         1545    i.mem_free          mem.o
    0x08005310   0x0000003c   Code   RO         1546    i.mem_init          mem.o
    0x0800534c   0x000000c0   Code   RO         1547    i.mem_malloc        mem.o
    0x0800540c   0x000000d8   Code   RO         1548    i.mem_realloc       mem.o
    0x080054e4   0x00000018   Code   RO         1588    i.memp_free         memp.o
    0x080054fc   0x00000058   Code   RO         1589    i.memp_init         memp.o
    0x08005554   0x00000020   Code   RO         1590    i.memp_malloc       memp.o
    0x08005574   0x0000009c   Code   RO          592    i.my_server_socket_init  myserver.o
    0x08005610   0x00000110   Code   RO          593    i.my_server_socket_thread  myserver.o
    0x08005720   0x00000022   Code   RO          968    i.netbuf_delete     netbuf.o
    0x08005742   0x00000002   PAD
    0x08005744   0x00000040   Code   RO          696    i.netconn_accept    api_lib.o
    0x08005784   0x00000074   Code   RO          819    i.netconn_alloc     api_msg.o
    0x080057f8   0x0000002c   Code   RO          697    i.netconn_bind      api_lib.o
    0x08005824   0x00000028   Code   RO          700    i.netconn_delete    api_lib.o
    0x0800584c   0x00000068   Code   RO          820    i.netconn_free      api_msg.o
    0x080058b4   0x00000034   Code   RO          702    i.netconn_getaddr   api_lib.o
    0x080058e8   0x0000002c   Code   RO          703    i.netconn_listen_with_backlog  api_lib.o
    0x08005914   0x00000048   Code   RO          704    i.netconn_new_with_proto_and_callback  api_lib.o
    0x0800595c   0x000000d0   Code   RO          705    i.netconn_recv      api_lib.o
    0x08005a2c   0x0000004c   Code   RO         1629    i.netif_add         netif.o
    0x08005a78   0x0000000a   Code   RO         1631    i.netif_is_up       netif.o
    0x08005a82   0x00000020   Code   RO         1633    i.netif_set_addr    netif.o
    0x08005aa2   0x00000002   PAD
    0x08005aa4   0x0000000c   Code   RO         1634    i.netif_set_default  netif.o
    0x08005ab0   0x00000012   Code   RO         1635    i.netif_set_down    netif.o
    0x08005ac2   0x00000008   Code   RO         1636    i.netif_set_gw      netif.o
    0x08005aca   0x00000002   PAD
    0x08005acc   0x00000064   Code   RO         1637    i.netif_set_ipaddr  netif.o
    0x08005b30   0x00000008   Code   RO         1638    i.netif_set_netmask  netif.o
    0x08005b38   0x0000001c   Code   RO         1639    i.netif_set_up      netif.o
    0x08005b54   0x00000004   Code   RO         2393    i.ntohl             inet.o
    0x08005b58   0x00000004   Code   RO         2394    i.ntohs             inet.o
    0x08005b5c   0x00000110   Code   RO         1708    i.pbuf_alloc        pbuf.o
    0x08005c6c   0x00000028   Code   RO         1709    i.pbuf_cat          pbuf.o
    0x08005c94   0x00000012   Code   RO         1710    i.pbuf_chain        pbuf.o
    0x08005ca6   0x00000012   Code   RO         1711    i.pbuf_clen         pbuf.o
    0x08005cb8   0x00000090   Code   RO         1713    i.pbuf_copy         pbuf.o
    0x08005d48   0x00000068   Code   RO         1714    i.pbuf_copy_partial  pbuf.o
    0x08005db0   0x00000044   Code   RO         1716    i.pbuf_free         pbuf.o
    0x08005df4   0x00000060   Code   RO         1717    i.pbuf_header       pbuf.o
    0x08005e54   0x00000050   Code   RO         1718    i.pbuf_realloc      pbuf.o
    0x08005ea4   0x0000000c   Code   RO         1719    i.pbuf_ref          pbuf.o
    0x08005eb0   0x00000090   Code   RO          821    i.pcb_new           api_msg.o
    0x08005f40   0x00000054   Code   RO         1549    i.plug_holes        mem.o
    0x08005f94   0x0000001c   Code   RO          822    i.poll_tcp          api_msg.o
    0x08005fb0   0x00000060   Code   RO         5628    i.prvCheckTasksWaitingTermination  tasks.o
    0x08006010   0x0000002a   Code   RO         5914    i.prvCopyDataFromQueue  queue.o
    0x0800603a   0x0000005a   Code   RO         5915    i.prvCopyDataToQueue  queue.o
    0x08006094   0x00000018   Code   RO         5629    i.prvIdleTask       tasks.o
    0x080060ac   0x00000064   Code   RO         5916    i.prvUnlockQueue    queue.o
    0x08006110   0x000000b0   Code   RO         5589    i.pvPortMalloc      heap_2.o
    0x080061c0   0x0000001c   Code   RO         5536    i.pxPortInitialiseStack  port.o
    0x080061dc   0x0000000a   Code   RO         1795    i.raw_bind          raw.o
    0x080061e6   0x00000002   PAD
    0x080061e8   0x0000006c   Code   RO         1797    i.raw_input         raw.o
    0x08006254   0x0000002c   Code   RO         1798    i.raw_new           raw.o
    0x08006280   0x00000006   Code   RO         1799    i.raw_recv          raw.o
    0x08006286   0x00000002   PAD
    0x08006288   0x0000002c   Code   RO         1800    i.raw_remove        raw.o
    0x080062b4   0x00000072   Code   RO          823    i.recv_raw          api_msg.o
    0x08006326   0x00000040   Code   RO          824    i.recv_tcp          api_msg.o
    0x08006366   0x00000068   Code   RO          825    i.recv_udp          api_msg.o
    0x080063ce   0x00000042   Code   RO          826    i.sent_tcp          api_msg.o
    0x08006410   0x00000044   Code   RO          827    i.setup_tcp         api_msg.o
    0x08006454   0x0000000c   Code   RO         1857    i.sswt_handler      sys.o
    0x08006460   0x0000004c   Code   RO         2674    i.sys_arch_mbox_fetch  sys_arch.o
    0x080064ac   0x0000001c   Code   RO         2675    i.sys_arch_mbox_tryfetch  sys_arch.o
    0x080064c8   0x00000042   Code   RO         2677    i.sys_arch_sem_wait  sys_arch.o
    0x0800650a   0x00000002   PAD
    0x0800650c   0x00000030   Code   RO         2678    i.sys_arch_timeouts  sys_arch.o
    0x0800653c   0x00000028   Code   RO         2681    i.sys_init          sys_arch.o
    0x08006564   0x00000060   Code   RO         1858    i.sys_mbox_fetch    sys.o
    0x080065c4   0x00000012   Code   RO         2682    i.sys_mbox_free     sys_arch.o
    0x080065d6   0x00000008   Code   RO         2683    i.sys_mbox_new      sys_arch.o
    0x080065de   0x0000001a   Code   RO         2684    i.sys_mbox_post     sys_arch.o
    0x080065f8   0x0000001a   Code   RO         2685    i.sys_mbox_trypost  sys_arch.o
    0x08006612   0x00000004   Code   RO         2686    i.sys_sem_free      sys_arch.o
    0x08006616   0x00000032   Code   RO         2687    i.sys_sem_new       sys_arch.o
    0x08006648   0x0000000a   Code   RO         2688    i.sys_sem_signal    sys_arch.o
    0x08006652   0x00000056   Code   RO         1860    i.sys_sem_wait      sys.o
    0x080066a8   0x00000040   Code   RO         1861    i.sys_sem_wait_timeout  sys.o
    0x080066e8   0x00000050   Code   RO         2689    i.sys_thread_new    sys_arch.o
    0x08006738   0x00000062   Code   RO         1862    i.sys_timeout       sys.o
    0x0800679a   0x0000004e   Code   RO         1863    i.sys_untimeout     sys.o
    0x080067e8   0x00000094   Code   RO         1913    i.tcp_abandon       tcp.o
    0x0800687c   0x00000004   Code   RO         1914    i.tcp_accept        tcp.o
    0x08006880   0x00000006   Code   RO         1915    i.tcp_accept_null   tcp.o
    0x08006886   0x00000002   PAD
    0x08006888   0x000000f0   Code   RO         1916    i.tcp_alloc         tcp.o
    0x08006978   0x00000004   Code   RO         1917    i.tcp_arg           tcp.o
    0x0800697c   0x000000c0   Code   RO         1918    i.tcp_bind          tcp.o
    0x08006a3c   0x000000a0   Code   RO         1919    i.tcp_close         tcp.o
    0x08006adc   0x00000020   Code   RO         1922    i.tcp_eff_send_mss  tcp.o
    0x08006afc   0x00000342   Code   RO         2144    i.tcp_enqueue       tcp_out.o
    0x08006e3e   0x00000006   Code   RO         1923    i.tcp_err           tcp.o
    0x08006e44   0x0000005c   Code   RO         1924    i.tcp_fasttmr       tcp.o
    0x08006ea0   0x000002f8   Code   RO         2096    i.tcp_input         tcp_in.o
    0x08007198   0x00000046   Code   RO         2145    i.tcp_keepalive     tcp_out.o
    0x080071de   0x00000002   PAD
    0x080071e0   0x00000108   Code   RO         2097    i.tcp_listen_input  tcp_in.o
    0x080072e8   0x00000094   Code   RO         1925    i.tcp_listen_with_backlog  tcp.o
    0x0800737c   0x00000006   Code   RO         1926    i.tcp_new           tcp.o
    0x08007382   0x00000002   PAD
    0x08007384   0x00000060   Code   RO         1927    i.tcp_new_port      tcp.o
    0x080073e4   0x00000010   Code   RO         1928    i.tcp_next_iss      tcp.o
    0x080073f4   0x000001b4   Code   RO         2146    i.tcp_output        tcp_out.o
    0x080075a8   0x000000b4   Code   RO         2147    i.tcp_output_segment  tcp_out.o
    0x0800765c   0x0000007c   Code   RO         2148    i.tcp_output_set_header  tcp_out.o
    0x080076d8   0x0000007c   Code   RO         2098    i.tcp_parseopt      tcp_in.o
    0x08007754   0x00000064   Code   RO         1929    i.tcp_pcb_purge     tcp.o
    0x080077b8   0x0000005c   Code   RO         1930    i.tcp_pcb_remove    tcp.o
    0x08007814   0x0000000a   Code   RO         1931    i.tcp_poll          tcp.o
    0x0800781e   0x00000002   PAD
    0x08007820   0x00000354   Code   RO         2099    i.tcp_process       tcp_in.o
    0x08007b74   0x0000043c   Code   RO         2100    i.tcp_receive       tcp_in.o
    0x08007fb0   0x00000006   Code   RO         1932    i.tcp_recv          tcp.o
    0x08007fb6   0x00000024   Code   RO         1933    i.tcp_recv_null     tcp.o
    0x08007fda   0x0000003c   Code   RO         1934    i.tcp_recved        tcp.o
    0x08008016   0x0000004e   Code   RO         2149    i.tcp_rexmit        tcp_out.o
    0x08008064   0x00000056   Code   RO         2150    i.tcp_rexmit_fast   tcp_out.o
    0x080080ba   0x0000002e   Code   RO         2151    i.tcp_rexmit_rto    tcp_out.o
    0x080080e8   0x0000009c   Code   RO         2152    i.tcp_rst           tcp_out.o
    0x08008184   0x00000020   Code   RO         1935    i.tcp_seg_free      tcp.o
    0x080081a4   0x0000001a   Code   RO         1936    i.tcp_segs_free     tcp.o
    0x080081be   0x00000016   Code   RO         2153    i.tcp_send_ctrl     tcp_out.o
    0x080081d4   0x00000056   Code   RO         2154    i.tcp_send_empty_ack  tcp_out.o
    0x0800822a   0x00000006   Code   RO         1937    i.tcp_sent          tcp.o
    0x08008230   0x0000022c   Code   RO         1939    i.tcp_slowtmr       tcp.o
    0x0800845c   0x00000034   Code   RO         1212    i.tcp_timer_needed  tcpip.o
    0x08008490   0x0000006c   Code   RO         2101    i.tcp_timewait_input  tcp_in.o
    0x080084fc   0x00000020   Code   RO         1940    i.tcp_tmr           tcp.o
    0x0800851c   0x00000036   Code   RO         1941    i.tcp_update_rcv_ann_wnd  tcp.o
    0x08008552   0x0000002e   Code   RO         2155    i.tcp_write         tcp_out.o
    0x08008580   0x00000090   Code   RO         2156    i.tcp_zero_window_probe  tcp_out.o
    0x08008610   0x00000034   Code   RO         1213    i.tcpip_apimsg      tcpip.o
    0x08008644   0x0000003c   Code   RO         1215    i.tcpip_init        tcpip.o
    0x08008680   0x00000048   Code   RO         1216    i.tcpip_input       tcpip.o
    0x080086c8   0x00000038   Code   RO         1217    i.tcpip_tcp_timer   tcpip.o
    0x08008700   0x000000b4   Code   RO         1218    i.tcpip_thread      tcpip.o
    0x080087b4   0x0000005c   Code   RO         2226    i.udp_bind          udp.o
    0x08008810   0x00000164   Code   RO         2229    i.udp_input         udp.o
    0x08008974   0x0000001a   Code   RO         2230    i.udp_new           udp.o
    0x0800898e   0x00000006   Code   RO         2231    i.udp_recv          udp.o
    0x08008994   0x0000002c   Code   RO         2232    i.udp_remove        udp.o
    0x080089c0   0x000000b2   Code   RO         2235    i.udp_sendto_if     udp.o
    0x08008a72   0x00000002   PAD
    0x08008a74   0x00000070   Code   RO         2542    i.update_arp_entry  etharp.o
    0x08008ae4   0x00000012   Code   RO         5917    i.uxQueueMessagesWaiting  queue.o
    0x08008af6   0x00000016   Code   RO         5878    i.vListInitialise   list.o
    0x08008b0c   0x00000006   Code   RO         5879    i.vListInitialiseItem  list.o
    0x08008b12   0x00000030   Code   RO         5880    i.vListInsert       list.o
    0x08008b42   0x0000001c   Code   RO         5881    i.vListInsertEnd    list.o
    0x08008b5e   0x00000024   Code   RO         5882    i.vListRemove       list.o
    0x08008b82   0x00000002   PAD
    0x08008b84   0x00000014   Code   RO         5538    i.vPortEnterCritical  port.o
    0x08008b98   0x00000014   Code   RO         5539    i.vPortExitCritical  port.o
    0x08008bac   0x0000003c   Code   RO         5590    i.vPortFree         heap_2.o
    0x08008be8   0x00000010   Code   RO         5540    i.vPortYieldFromISR  port.o
    0x08008bf8   0x00000014   Code   RO         5919    i.vQueueDelete      queue.o
    0x08008c0c   0x00000048   Code   RO         5634    i.vTaskDelay        tasks.o
    0x08008c54   0x0000007c   Code   RO         5637    i.vTaskIncrementTick  tasks.o
    0x08008cd0   0x0000000c   Code   RO         5639    i.vTaskMissedYield  tasks.o
    0x08008cdc   0x00000054   Code   RO         5640    i.vTaskPlaceOnEventList  tasks.o
    0x08008d30   0x00000048   Code   RO         5641    i.vTaskPriorityDisinherit  tasks.o
    0x08008d78   0x00000064   Code   RO         5642    i.vTaskPriorityInherit  tasks.o
    0x08008ddc   0x00000010   Code   RO         5645    i.vTaskSetTimeOutState  tasks.o
    0x08008dec   0x00000044   Code   RO         5646    i.vTaskStartScheduler  tasks.o
    0x08008e30   0x00000068   Code   RO         5648    i.vTaskSuspend      tasks.o
    0x08008e98   0x00000010   Code   RO         5649    i.vTaskSuspendAll   tasks.o
    0x08008ea8   0x00000088   Code   RO         5650    i.vTaskSwitchContext  tasks.o
    0x08008f30   0x0000003c   Code   RO         5541    i.xPortStartScheduler  port.o
    0x08008f6c   0x00000020   Code   RO         5542    i.xPortSysTickHandler  port.o
    0x08008f8c   0x0000005e   Code   RO         5920    i.xQueueCreate      queue.o
    0x08008fea   0x00000012   Code   RO         5921    i.xQueueCreateCountingSemaphore  queue.o
    0x08008ffc   0x00000108   Code   RO         5923    i.xQueueGenericReceive  queue.o
    0x08009104   0x000000d2   Code   RO         5924    i.xQueueGenericSend  queue.o
    0x080091d6   0x00000054   Code   RO         5925    i.xQueueGenericSendFromISR  queue.o
    0x0800922a   0x00000002   PAD
    0x0800922c   0x0000004c   Code   RO         5651    i.xTaskCheckForTimeOut  tasks.o
    0x08009278   0x00000168   Code   RO         5652    i.xTaskGenericCreate  tasks.o
    0x080093e0   0x0000000c   Code   RO         5653    i.xTaskGetCurrentTaskHandle  tasks.o
    0x080093ec   0x00000018   Code   RO         5654    i.xTaskGetTickCount  tasks.o
    0x08009404   0x00000060   Code   RO         5657    i.xTaskRemoveFromEventList  tasks.o
    0x08009464   0x000000b0   Code   RO         5658    i.xTaskResumeAll    tasks.o
    0x08009514   0x00000054   Data   RO          151    .constdata          main.o
    0x08009568   0x0000003c   Data   RO         1068    .constdata          sockets.o
    0x080095a4   0x00000030   Data   RO         1592    .constdata          memp.o
    0x080095d4   0x00000014   Data   RO         1942    .constdata          tcp.o
    0x080095e8   0x00000004   Data   RO         2503    .constdata          ip_addr.o
    0x080095ec   0x00000004   Data   RO         2504    .constdata          ip_addr.o
    0x080095f0   0x0000000c   Data   RO         2544    .constdata          etharp.o
    0x080095fc   0x000011d0   Data   RO         5121    .constdata          stm324xg_eval_lcd.o
    0x0800a7cc   0x000003a8   Data   RO         5125    .constdata          stm324xg_eval_lcd.o
    0x0800ab74   0x00000080   Data   RO         5383    .constdata          stm324xg_eval.o
    0x0800abf4   0x00000081   Data   RO         6351    .constdata          mc_w.l(ctype_o.o)
    0x0800ac75   0x00000003   PAD
    0x0800ac78   0x00000004   Data   RO         6352    .constdata          mc_w.l(ctype_o.o)
    0x0800ac7c   0x00000068   Data   RO         1943    .conststring        tcp.o
    0x0800ace4   0x00000020   Data   RO         6397    Region$$Table       anon$$obj.o


    Execution Region RW_IRAM1 (Base: 0x20000000, Size: 0x0000d070, Max: 0x00020000, ABSOLUTE, COMPRESSED[0x00000070])

    Base Addr    Size         Type   Attr      Idx    E Section Name        Object

    0x20000000   0x00000014   Data   RW            5    .data               system_stm32f4xx.o
    0x20000014   0x00000008   Data   RW          399    .data               stm32f4x7_eth_bsp.o
    0x2000001c   0x00000004   Data   RW          594    .data               myserver.o
    0x20000020   0x0000000c   Data   RW         1069    .data               sockets.o
    0x2000002c   0x00000010   Data   RW         1221    .data               tcpip.o
    0x2000003c   0x00000004   Data   RW         1366    .data               dhcp.o
    0x20000040   0x00000010   Data   RW         1551    .data               mem.o
    0x20000050   0x0000000c   Data   RW         1640    .data               netif.o
    0x2000005c   0x00000004   Data   RW         1803    .data               raw.o
    0x20000060   0x0000004c   Data   RW         1944    .data               tcp.o
    0x200000ac   0x0000001c   Data   RW         2103    .data               tcp_in.o
    0x200000c8   0x00000004   Data   RW         2236    .data               udp.o
    0x200000cc   0x0000000c   Data   RW         2470    .data               ip.o
    0x200000d8   0x00000001   Data   RW         2545    .data               etharp.o
    0x200000d9   0x00000003   PAD
    0x200000dc   0x0000000c   Data   RW         2636    .data               ethernetif.o
    0x200000e8   0x00000002   Data   RW         2691    .data               sys_arch.o
    0x200000ea   0x00000010   Data   RW         3882    .data               stm32f4xx_rcc.o
    0x200000fa   0x00000002   PAD
    0x200000fc   0x0000000c   Data   RW         4647    .data               stm32f4x7_eth.o
    0x20000108   0x00000014   Data   RW         5126    .data               stm324xg_eval_lcd.o
    0x2000011c   0x0000003c   Data   RW         5384    .data               stm324xg_eval.o
    0x20000158   0x00000004   Data   RW         5543    .data               port.o
    0x2000015c   0x00000018   Data   RW         5594    .data               heap_2.o
    0x20000174   0x0000004c   Data   RW         5661    .data               tasks.o
    0x200001c0   0x00000004   Data   RW         6313    .data               mc_w.l(stdout.o)
    0x200001c4   0x00000004   Data   RW         6321    .data               mc_w.l(errno.o)
    0x200001c8   0x00000038   Zero   RW          329    .bss                netconf.o
    0x20000200   0x00000050   Zero   RW         1067    .bss                sockets.o
    0x20000250   0x00001414   Zero   RW         1550    .bss                mem.o
    0x20001664   0x00003b27   Zero   RW         1591    .bss                memp.o
    0x2000518b   0x00000001   PAD
    0x2000518c   0x00000014   Zero   RW         2102    .bss                tcp_in.o
    0x200051a0   0x000000a0   Zero   RW         2543    .bss                etharp.o
    0x20005240   0x00000030   Zero   RW         2690    .bss                sys_arch.o
    0x20005270   0x000000a0   Zero   RW         4642    .bss                stm32f4x7_eth.o
    0x20005310   0x000000a0   Zero   RW         4643    .bss                stm32f4x7_eth.o
    0x200053b0   0x00001dc4   Zero   RW         4644    .bss                stm32f4x7_eth.o
    0x20007174   0x00001dc4   Zero   RW         4645    .bss                stm32f4x7_eth.o
    0x20008f38   0x0000000c   Zero   RW         4646    .bss                stm32f4x7_eth.o
    0x20008f44   0x00000004   PAD
    0x20008f48   0x00003c00   Zero   RW         5593    .bss                heap_2.o
    0x2000cb48   0x00000122   Zero   RW         5660    .bss                tasks.o
    0x2000cc6a   0x00000006   PAD
    0x2000cc70   0x00000400   Zero   RW          137    STACK               startup_stm32f4xx.o


==============================================================================

Image component sizes


      Code (inc. data)   RO Data    RW Data    ZI Data      Debug   Object Name

       524         32          0          0          0      20998   api_lib.o
      1894         42          0          0          0      14654   api_msg.o
       704         42          0          0          0       5909   autoip.o
      2274         60          0          4          0      15667   dhcp.o
      1330         44         12          1        160      11973   etharp.o
       584         78          0         12          0       6098   ethernetif.o
       236         12          0         24      15360       4987   heap_2.o
       378          0          0          0          0       2681   icmp.o
        16          0          0          0          0       3088   inet.o
       142          0          0          0          0       2873   inet_chksum.o
        26          0          0          0          0       1851   init.o
       680         24          0         12          0       7372   ip.o
        48          0          8          0          0       5777   ip_addr.o
       140          0          0          0          0       3401   list.o
       502        280         84          0          0      62350   main.o
       616         28          0         16       5140       5233   mem.o
       144         20         48          0      15143       3446   memp.o
       120         18          0          0          0       1675   misc.o
       444         50          0          0          0       3527   myjason.o
      1632        678          0          4          0      11295   myserver.o
        34          0          0          0          0       1132   netbuf.o
       228         90          0          0         56       9179   netconf.o
       292         18          0         12          0       8042   netif.o
       852          0          0          0          0       8729   pbuf.o
       312         46          0          4          0       5881   port.o
       208         14          0          0          0       1298   printf.o
       940          0          0          0          0      10025   queue.o
       212         16          0          4          0       4197   raw.o
      1932         74         60         12         80      14280   sockets.o
        36          8        392          0       1024        756   startup_stm32f4xx.o
       320         26        128         60          0       4031   stm324xg_eval.o
      2850        200       5496         20          0      15572   stm324xg_eval_lcd.o
      1674        174          0         12      15572      17418   stm32f4x7_eth.o
       862        148          0          8          0       4225   stm32f4x7_eth_bsp.o
       156         14          0          0          0       2392   stm32f4xx_exti.o
       224          4          0          0          0       2065   stm32f4xx_fsmc.o
       160          0          0          0          0       2510   stm32f4xx_gpio.o
       226        100          0          0          0       3943   stm32f4xx_it.o
       272         48          0         16          0       5997   stm32f4xx_rcc.o
        52         12          0          0          0       1314   stm32f4xx_syscfg.o
       274         10          0          0          0       4417   stm32f4xx_usart.o
       434          6          0          0          0       5357   sys.o
       480         26          0          2         48      10271   sys_arch.o
       360         52          0         20          0     264445   system_stm32f4xx.o
      1668        148          0         76        290      17831   tasks.o
      2160         92        124         76          0      27254   tcp.o
      3192         86          0         28         20      15356   tcp_in.o
      2308         14          0          0          0      12746   tcp_out.o
       580        106          0         16          0      17034   tcpip.o
       702         14          0          4          0      14731   udp.o

    ----------------------------------------------------------------------
     36502       2954       6384        448      52904     707283   Object Totals
         0          0         32          0          0          0   (incl. Generated)
        68          0          0          5         11          0   (incl. Padding)

    ----------------------------------------------------------------------

      Code (inc. data)   RO Data    RW Data    ZI Data      Debug   Library Member Name

        92          0          0          0          0          0   __dczerorl2.o
        28          0          0          0          0         68   _chval.o
       158          0          0          0          0         92   _strtoul.o
        26          0          0          0          0         80   atol.o
         8          4        133          0          0         68   ctype_o.o
         0          0          0          0          0          0   entry.o
         8          4          0          0          0          0   entry2.o
         4          0          0          0          0          0   entry5.o
         0          0          0          0          0          0   entry7b.o
         8          4          0          0          0          0   entry8.o
         8          4          0          4          0         68   errno.o
        30          0          0          0          0          0   handlers.o
        36          8          0          0          0         68   init.o
        26          0          0          0          0         80   memcmp.o
        36          0          0          0          0         68   memcpya.o
        38          0          0          0          0        108   memseta.o
       518         20          0          0          0        332   printf3.o
         0          0          0          4          0          0   stdout.o
        16          0          0          0          0         68   strlen.o
        24          0          0          0          0         76   strncpy.o
        44          0          0          0          0         80   strstr.o
       112          0          0          0          0         88   strtol.o
        44          0          0          0          0         80   uidiv.o

    ----------------------------------------------------------------------
      1270         44        136          8          0       1424   Library Totals
         6          0          3          0          0          0   (incl. Padding)

    ----------------------------------------------------------------------

      Code (inc. data)   RO Data    RW Data    ZI Data      Debug   Library Name

      1264         44        133          8          0       1424   mc_w.l

    ----------------------------------------------------------------------
      1270         44        136          8          0       1424   Library Totals

    ----------------------------------------------------------------------

==============================================================================


      Code (inc. data)   RO Data    RW Data    ZI Data      Debug   

     37772       2998       6520        456      52904     689883   Grand Totals
     37772       2998       6520        112      52904     689883   ELF Image Totals (compressed)
     37772       2998       6520        112          0          0   ROM Totals

==============================================================================

    Total RO  Size (Code + RO Data)                44292 (  43.25kB)
    Total RW  Size (RW Data + ZI Data)             53360 (  52.11kB)
    Total ROM Size (Code + RO Data + RW Data)      44404 (  43.36kB)

==============================================================================

