<html>
<body>
<pre>
<h1>µVision Build Log</h1>
<h2>Project:</h2>
D:\Work\Keil\STM32\F407ZG\RTOS\Project\FreeRTOS\STM32F407-RTOS-SOCKET4IPHONETEST\MDK-ARM\Project.uvproj
Project File Date:  11/16/2013

<h2>Output:</h2>
Build target 'STM324xG_EVAL'
compiling main.c...
compiling Myserver.c...
..\inc\jsonAction.h(26): error:  #130: expected a "{"
..\inc\jsonAction.h(34): warning:  #1-D: last line of file ends without a newline
..\src\Myserver.c(28): warning:  #12-D: parsing restarts here after previous syntax error
..\src\Myserver.c(37): warning:  #117-D: non-void function "splitJsonTCPStr" should return a value
..\src\Myserver.c(48): warning:  #117-D: non-void function "splitJsonTCPStr" should return a value
..\src\Myserver.c(78): warning:  #177-D: variable "jasonLen" was declared but never referenced
..\src\Myserver.c(79): warning:  #177-D: variable "recStatus" was declared but never referenced
..\src\Myserver.c(80): warning:  #177-D: variable "smxgHeader" was declared but never referenced
..\src\Myserver.c(82): warning:  #177-D: variable "jasonReCvBuf" was declared but never referenced
..\src\Myserver.c(84): warning:  #177-D: variable "cmd_obj" was declared but never referenced
..\src\Myserver.c(85): warning:  #177-D: variable "temp_obj" was declared but never referenced
..\src\Myserver.c(86): warning:  #177-D: variable "type" was declared but never referenced
..\src\Myserver.c(87): warning:  #177-D: variable "addr" was declared but never referenced
..\src\Myserver.c(88): warning:  #177-D: variable "value" was declared but never referenced
..\src\Myserver.c(89): warning:  #177-D: variable "temp" was declared but never referenced
..\src\Myserver.c(90): warning:  #177-D: variable "tempVal" was declared but never referenced
..\src\Myserver.c(91): warning:  #177-D: variable "headIndex" was declared but never referenced
..\src\Myserver.c(91): warning:  #177-D: variable "index" was declared but never referenced
..\src\Myserver.c(160): warning:  #177-D: variable "Socket" was declared but never referenced
..\src\Myserver.c(166): warning:  #177-D: variable "Ret" was declared but never referenced
..\src\Myserver.c(273): error:  #20: identifier "my_server_socket_thread" is undefined
compiling myjason.c...
compiling jsonAction.c...
..\inc\jsonAction.h(20): error:  #20: identifier "xQueueHandle" is undefined
..\inc\jsonAction.h(21): error:  #20: identifier "xQueueHandle" is undefined
..\inc\jsonAction.h(26): error:  #130: expected a "{"
..\inc\jsonAction.h(34): warning:  #1-D: last line of file ends without a newline
..\src\jsonAction.c(7): warning:  #12-D: parsing restarts here after previous syntax error
..\src\jsonAction.c(7): warning:  #174-D: expression has no effect
..\src\jsonAction.c(7): error:  #65: expected a ";"
..\src\jsonAction.c(7): warning:  #940-D: missing return statement at end of non-void function "splitJsonTCPStr"
..\src\jsonAction.c(11): error:  #247: function "splitJsonTCPStr" has already been defined
..\src\jsonAction.c(18): error:  #20: identifier "token" is undefined
..\src\jsonAction.c(18): warning:  #167-D: argument of type "unsigned char *" is incompatible with parameter of type "char *restrict"
..\src\jsonAction.c(18): warning:  #167-D: argument of type "unsigned char *" is incompatible with parameter of type "const char *restrict"
..\src\jsonAction.c(23): warning:  #223-D: function "printf" declared implicitly
..\src\jsonAction.c(25): warning:  #167-D: argument of type "unsigned char *" is incompatible with parameter of type "const char *restrict"
..\src\jsonAction.c(31): warning:  #940-D: missing return statement at end of non-void function "splitJsonTCPStr"
..\src\jsonAction.c(13): warning:  #177-D: variable "readIndex" was declared but never referenced
..\src\jsonAction.c(38): warning:  #223-D: function "printf" declared implicitly
..\src\jsonAction.c(53): warning:  #1-D: last line of file ends without a newline
Target not created
Build target 'STM324xG_EVAL'
compiling Myserver.c...
..\inc\jsonAction.h(34): warning:  #1-D: last line of file ends without a newline
..\src\Myserver.c(78): warning:  #177-D: variable "jasonLen" was declared but never referenced
..\src\Myserver.c(79): warning:  #177-D: variable "recStatus" was declared but never referenced
..\src\Myserver.c(80): warning:  #177-D: variable "smxgHeader" was declared but never referenced
..\src\Myserver.c(82): warning:  #177-D: variable "jasonReCvBuf" was declared but never referenced
..\src\Myserver.c(84): warning:  #177-D: variable "cmd_obj" was declared but never referenced
..\src\Myserver.c(85): warning:  #177-D: variable "temp_obj" was declared but never referenced
..\src\Myserver.c(86): warning:  #177-D: variable "type" was declared but never referenced
..\src\Myserver.c(87): warning:  #177-D: variable "addr" was declared but never referenced
..\src\Myserver.c(88): warning:  #177-D: variable "value" was declared but never referenced
..\src\Myserver.c(89): warning:  #177-D: variable "temp" was declared but never referenced
..\src\Myserver.c(90): warning:  #177-D: variable "tempVal" was declared but never referenced
..\src\Myserver.c(91): warning:  #177-D: variable "headIndex" was declared but never referenced
..\src\Myserver.c(91): warning:  #177-D: variable "index" was declared but never referenced
..\src\Myserver.c(160): warning:  #177-D: variable "Socket" was declared but never referenced
..\src\Myserver.c(166): warning:  #177-D: variable "Ret" was declared but never referenced
compiling jsonAction.c...
..\inc\jsonAction.h(20): error:  #20: identifier "xQueueHandle" is undefined
..\inc\jsonAction.h(21): error:  #20: identifier "xQueueHandle" is undefined
..\inc\jsonAction.h(34): warning:  #1-D: last line of file ends without a newline
..\src\jsonAction.c(5): error:  #20: identifier "xQueueHandle" is undefined
..\src\jsonAction.c(6): error:  #20: identifier "xQueueHandle" is undefined
..\src\jsonAction.c(18): error:  #20: identifier "token" is undefined
..\src\jsonAction.c(18): warning:  #167-D: argument of type "unsigned char *" is incompatible with parameter of type "char *restrict"
..\src\jsonAction.c(18): warning:  #167-D: argument of type "unsigned char *" is incompatible with parameter of type "const char *restrict"
..\src\jsonAction.c(23): warning:  #223-D: function "printf" declared implicitly
..\src\jsonAction.c(25): warning:  #167-D: argument of type "unsigned char *" is incompatible with parameter of type "const char *restrict"
..\src\jsonAction.c(31): warning:  #940-D: missing return statement at end of non-void function "splitJsonTCPStr"
..\src\jsonAction.c(13): warning:  #177-D: variable "readIndex" was declared but never referenced
..\src\jsonAction.c(38): warning:  #223-D: function "printf" declared implicitly
..\src\jsonAction.c(53): warning:  #1-D: last line of file ends without a newline
Target not created
Build target 'STM324xG_EVAL'
compiling Myserver.c...
..\inc\jsonAction.h(35): warning:  #1-D: last line of file ends without a newline
..\src\Myserver.c(78): warning:  #177-D: variable "jasonLen" was declared but never referenced
..\src\Myserver.c(79): warning:  #177-D: variable "recStatus" was declared but never referenced
..\src\Myserver.c(80): warning:  #177-D: variable "smxgHeader" was declared but never referenced
..\src\Myserver.c(82): warning:  #177-D: variable "jasonReCvBuf" was declared but never referenced
..\src\Myserver.c(84): warning:  #177-D: variable "cmd_obj" was declared but never referenced
..\src\Myserver.c(85): warning:  #177-D: variable "temp_obj" was declared but never referenced
..\src\Myserver.c(86): warning:  #177-D: variable "type" was declared but never referenced
..\src\Myserver.c(87): warning:  #177-D: variable "addr" was declared but never referenced
..\src\Myserver.c(88): warning:  #177-D: variable "value" was declared but never referenced
..\src\Myserver.c(89): warning:  #177-D: variable "temp" was declared but never referenced
..\src\Myserver.c(90): warning:  #177-D: variable "tempVal" was declared but never referenced
..\src\Myserver.c(91): warning:  #177-D: variable "headIndex" was declared but never referenced
..\src\Myserver.c(91): warning:  #177-D: variable "index" was declared but never referenced
..\src\Myserver.c(160): warning:  #177-D: variable "Socket" was declared but never referenced
..\src\Myserver.c(166): warning:  #177-D: variable "Ret" was declared but never referenced
compiling jsonAction.c...
..\inc\jsonAction.h(35): warning:  #1-D: last line of file ends without a newline
..\src\jsonAction.c(18): error:  #20: identifier "token" is undefined
..\src\jsonAction.c(18): warning:  #167-D: argument of type "unsigned char *" is incompatible with parameter of type "char *restrict"
..\src\jsonAction.c(18): warning:  #167-D: argument of type "unsigned char *" is incompatible with parameter of type "const char *restrict"
..\src\jsonAction.c(23): warning:  #223-D: function "printf" declared implicitly
..\src\jsonAction.c(25): warning:  #167-D: argument of type "unsigned char *" is incompatible with parameter of type "const char *restrict"
..\src\jsonAction.c(31): warning:  #940-D: missing return statement at end of non-void function "splitJsonTCPStr"
..\src\jsonAction.c(13): warning:  #177-D: variable "readIndex" was declared but never referenced
..\src\jsonAction.c(38): warning:  #223-D: function "printf" declared implicitly
..\src\jsonAction.c(53): warning:  #1-D: last line of file ends without a newline
Target not created
Build target 'STM324xG_EVAL'
compiling jsonAction.c...
..\inc\jsonAction.h(35): warning:  #1-D: last line of file ends without a newline
..\src\jsonAction.c(19): warning:  #167-D: argument of type "unsigned char *" is incompatible with parameter of type "char *restrict"
..\src\jsonAction.c(19): warning:  #167-D: argument of type "unsigned char *" is incompatible with parameter of type "const char *restrict"
..\src\jsonAction.c(24): warning:  #223-D: function "printf" declared implicitly
..\src\jsonAction.c(26): warning:  #167-D: argument of type "unsigned char *" is incompatible with parameter of type "const char *restrict"
..\src\jsonAction.c(32): warning:  #940-D: missing return statement at end of non-void function "splitJsonTCPStr"
..\src\jsonAction.c(13): warning:  #177-D: variable "readIndex" was declared but never referenced
..\src\jsonAction.c(39): warning:  #223-D: function "printf" declared implicitly
..\src\jsonAction.c(54): warning:  #1-D: last line of file ends without a newline
linking...
Program Size: Code=36548 RO-data=6464 RW-data=464 ZI-data=53544  
FromELF: creating hex file...
".\STM324xG_EVAL\STM324xG_EVAL.axf" - 0 Error(s), 9 Warning(s).
Load "D:\\Work\\Keil\\STM32\\F407ZG\\RTOS\\Project\\FreeRTOS\\STM32F407-RTOS-SOCKET4IPHONETEST\\MDK-ARM\\STM324xG_EVAL\\STM324xG_EVAL.AXF" 
Set JLink Project File to "D:\Work\Keil\STM32\F407ZG\RTOS\Project\FreeRTOS\STM32F407-RTOS-SOCKET4IPHONETEST\MDK-ARM\JLinkSettings.ini"
 
JLink info:
------------
DLL: V4.35b, compiled Sep  2 2011 18:34:46
Firmware: J-Link ARM V8 compiled Dec  6 2011 18:57:44
Hardware: V8.00
S/N : 805306163 
Feature(s) : RDI,FlashDL,FlashBP,JFlash,GDBFull 
 
* JLink Info: Found SWD-DP with ID 0x2BA01477
* JLink Info: TPIU fitted.
* JLink Info: ETM fitted.
* JLink Info:   FPUnit: 6 code (BP) slots and 2 literal slots
* JLink Info: Found Cortex-M4 r0p1, Little endian.
ROMTableAddr = 0xE00FF003
* JLink Info: Found SWD-DP with ID 0x2BA01477
* JLink Info: TPIU fitted.
* JLink Info: ETM fitted.
* JLink Info:   FPUnit: 6 code (BP) slots and 2 literal slots
* JLink Info: Found Cortex-M4 r0p1, Little endian.
 
Target info:
------------
Device: STM32F407IG
VTarget = 3.267V
State of Pins: 
TCK: 0, TDI: 1, TDO: 1, TMS: 0, TRES: 1, TRST: 1
Hardware-Breakpoints: 6
Software-Breakpoints: 8192
Watchpoints:          4
JTAG speed: 4000 kHz
 
Erase Done.
Programming Done.
Verify OK.
Build target 'STM324xG_EVAL'
compiling Myserver.c...
..\src\Myserver.c(78): warning:  #177-D: variable "jasonLen" was declared but never referenced
..\src\Myserver.c(79): warning:  #177-D: variable "recStatus" was declared but never referenced
..\src\Myserver.c(80): warning:  #177-D: variable "smxgHeader" was declared but never referenced
..\src\Myserver.c(82): warning:  #177-D: variable "jasonReCvBuf" was declared but never referenced
..\src\Myserver.c(84): warning:  #177-D: variable "cmd_obj" was declared but never referenced
..\src\Myserver.c(85): warning:  #177-D: variable "temp_obj" was declared but never referenced
..\src\Myserver.c(86): warning:  #177-D: variable "type" was declared but never referenced
..\src\Myserver.c(87): warning:  #177-D: variable "addr" was declared but never referenced
..\src\Myserver.c(88): warning:  #177-D: variable "value" was declared but never referenced
..\src\Myserver.c(89): warning:  #177-D: variable "temp" was declared but never referenced
..\src\Myserver.c(90): warning:  #177-D: variable "tempVal" was declared but never referenced
..\src\Myserver.c(91): warning:  #177-D: variable "headIndex" was declared but never referenced
..\src\Myserver.c(91): warning:  #177-D: variable "index" was declared but never referenced
..\src\Myserver.c(161): warning:  #177-D: variable "Socket" was declared but never referenced
..\src\Myserver.c(167): warning:  #177-D: variable "Ret" was declared but never referenced
compiling jsonAction.c...
..\src\jsonAction.c(16): warning:  #223-D: function "printf" declared implicitly
..\src\jsonAction.c(18): error:  #65: expected a ";"
..\src\jsonAction.c(32): warning:  #12-D: parsing restarts here after previous syntax error
..\src\jsonAction.c(32): warning:  #940-D: missing return statement at end of non-void function "splitJsonTCPStr"
..\src\jsonAction.c(13): warning:  #177-D: variable "readIndex" was declared but never referenced
..\src\jsonAction.c(14): warning:  #177-D: variable "seps" was declared but never referenced
..\src\jsonAction.c(15): warning:  #177-D: variable "token" was declared but never referenced
..\src\jsonAction.c(39): warning:  #223-D: function "printf" declared implicitly
..\src\jsonAction.c(54): warning:  #1-D: last line of file ends without a newline
Target not created
Build target 'STM324xG_EVAL'
compiling jsonAction.c...
..\src\jsonAction.c(16): warning:  #223-D: function "printf" declared implicitly
..\src\jsonAction.c(19): warning:  #167-D: argument of type "unsigned char *" is incompatible with parameter of type "char *restrict"
..\src\jsonAction.c(19): warning:  #167-D: argument of type "unsigned char *" is incompatible with parameter of type "const char *restrict"
..\src\jsonAction.c(26): warning:  #167-D: argument of type "unsigned char *" is incompatible with parameter of type "const char *restrict"
..\src\jsonAction.c(32): warning:  #940-D: missing return statement at end of non-void function "splitJsonTCPStr"
..\src\jsonAction.c(13): warning:  #177-D: variable "readIndex" was declared but never referenced
..\src\jsonAction.c(39): warning:  #223-D: function "printf" declared implicitly
..\src\jsonAction.c(54): warning:  #1-D: last line of file ends without a newline
linking...
Program Size: Code=36564 RO-data=6464 RW-data=464 ZI-data=53544  
FromELF: creating hex file...
".\STM324xG_EVAL\STM324xG_EVAL.axf" - 0 Error(s), 8 Warning(s).
Load "D:\\Work\\Keil\\STM32\\F407ZG\\RTOS\\Project\\FreeRTOS\\STM32F407-RTOS-SOCKET4IPHONETEST\\MDK-ARM\\STM324xG_EVAL\\STM324xG_EVAL.AXF" 
Set JLink Project File to "D:\Work\Keil\STM32\F407ZG\RTOS\Project\FreeRTOS\STM32F407-RTOS-SOCKET4IPHONETEST\MDK-ARM\JLinkSettings.ini"
 
JLink info:
------------
DLL: V4.35b, compiled Sep  2 2011 18:34:46
Firmware: J-Link ARM V8 compiled Dec  6 2011 18:57:44
Hardware: V8.00
S/N : 805306163 
Feature(s) : RDI,FlashDL,FlashBP,JFlash,GDBFull 
 
* JLink Info: Found SWD-DP with ID 0x2BA01477
* JLink Info: TPIU fitted.
* JLink Info: ETM fitted.
* JLink Info:   FPUnit: 6 code (BP) slots and 2 literal slots
* JLink Info: Found Cortex-M4 r0p1, Little endian.
ROMTableAddr = 0xE00FF003
* JLink Info: Found SWD-DP with ID 0x2BA01477
* JLink Info: TPIU fitted.
* JLink Info: ETM fitted.
* JLink Info:   FPUnit: 6 code (BP) slots and 2 literal slots
* JLink Info: Found Cortex-M4 r0p1, Little endian.
 
Target info:
------------
Device: STM32F407IG
VTarget = 3.267V
State of Pins: 
TCK: 0, TDI: 1, TDO: 1, TMS: 0, TRES: 1, TRST: 1
Hardware-Breakpoints: 6
Software-Breakpoints: 8192
Watchpoints:          0
JTAG speed: 4000 kHz
 
Erase Done.
Programming Done.
Verify OK.
Build target 'STM324xG_EVAL'
compiling Myserver.c...
..\src\Myserver.c(78): warning:  #177-D: variable "jasonLen" was declared but never referenced
..\src\Myserver.c(79): warning:  #177-D: variable "recStatus" was declared but never referenced
..\src\Myserver.c(80): warning:  #177-D: variable "smxgHeader" was declared but never referenced
..\src\Myserver.c(82): warning:  #177-D: variable "jasonReCvBuf" was declared but never referenced
..\src\Myserver.c(84): warning:  #177-D: variable "cmd_obj" was declared but never referenced
..\src\Myserver.c(85): warning:  #177-D: variable "temp_obj" was declared but never referenced
..\src\Myserver.c(86): warning:  #177-D: variable "type" was declared but never referenced
..\src\Myserver.c(87): warning:  #177-D: variable "addr" was declared but never referenced
..\src\Myserver.c(88): warning:  #177-D: variable "value" was declared but never referenced
..\src\Myserver.c(89): warning:  #177-D: variable "temp" was declared but never referenced
..\src\Myserver.c(90): warning:  #177-D: variable "tempVal" was declared but never referenced
..\src\Myserver.c(91): warning:  #177-D: variable "headIndex" was declared but never referenced
..\src\Myserver.c(91): warning:  #177-D: variable "index" was declared but never referenced
..\src\Myserver.c(161): warning:  #177-D: variable "Socket" was declared but never referenced
..\src\Myserver.c(167): warning:  #177-D: variable "Ret" was declared but never referenced
linking...
Program Size: Code=36632 RO-data=6464 RW-data=464 ZI-data=53544  
FromELF: creating hex file...
".\STM324xG_EVAL\STM324xG_EVAL.axf" - 0 Error(s), 15 Warning(s).
Build target 'STM324xG_EVAL'
compiling Myserver.c...
..\src\Myserver.c(78): warning:  #177-D: variable "jasonLen" was declared but never referenced
..\src\Myserver.c(79): warning:  #177-D: variable "recStatus" was declared but never referenced
..\src\Myserver.c(80): warning:  #177-D: variable "smxgHeader" was declared but never referenced
..\src\Myserver.c(82): warning:  #177-D: variable "jasonReCvBuf" was declared but never referenced
..\src\Myserver.c(84): warning:  #177-D: variable "cmd_obj" was declared but never referenced
..\src\Myserver.c(85): warning:  #177-D: variable "temp_obj" was declared but never referenced
..\src\Myserver.c(86): warning:  #177-D: variable "type" was declared but never referenced
..\src\Myserver.c(87): warning:  #177-D: variable "addr" was declared but never referenced
..\src\Myserver.c(88): warning:  #177-D: variable "value" was declared but never referenced
..\src\Myserver.c(89): warning:  #177-D: variable "temp" was declared but never referenced
..\src\Myserver.c(90): warning:  #177-D: variable "tempVal" was declared but never referenced
..\src\Myserver.c(91): warning:  #177-D: variable "headIndex" was declared but never referenced
..\src\Myserver.c(91): warning:  #177-D: variable "index" was declared but never referenced
..\src\Myserver.c(161): warning:  #177-D: variable "Socket" was declared but never referenced
..\src\Myserver.c(167): warning:  #177-D: variable "Ret" was declared but never referenced
linking...
Program Size: Code=36640 RO-data=6464 RW-data=464 ZI-data=53544  
FromELF: creating hex file...
".\STM324xG_EVAL\STM324xG_EVAL.axf" - 0 Error(s), 15 Warning(s).
Load "D:\\Work\\Keil\\STM32\\F407ZG\\RTOS\\Project\\FreeRTOS\\STM32F407-RTOS-SOCKET4IPHONETEST\\MDK-ARM\\STM324xG_EVAL\\STM324xG_EVAL.AXF" 
Set JLink Project File to "D:\Work\Keil\STM32\F407ZG\RTOS\Project\FreeRTOS\STM32F407-RTOS-SOCKET4IPHONETEST\MDK-ARM\JLinkSettings.ini"
 
JLink info:
------------
DLL: V4.35b, compiled Sep  2 2011 18:34:46
Firmware: J-Link ARM V8 compiled Dec  6 2011 18:57:44
Hardware: V8.00
S/N : 805306163 
Feature(s) : RDI,FlashDL,FlashBP,JFlash,GDBFull 
 
* JLink Info: Found SWD-DP with ID 0x2BA01477
* JLink Info: TPIU fitted.
* JLink Info: ETM fitted.
* JLink Info:   FPUnit: 6 code (BP) slots and 2 literal slots
* JLink Info: Found Cortex-M4 r0p1, Little endian.
ROMTableAddr = 0xE00FF003
* JLink Info: Found SWD-DP with ID 0x2BA01477
* JLink Info: TPIU fitted.
* JLink Info: ETM fitted.
* JLink Info:   FPUnit: 6 code (BP) slots and 2 literal slots
* JLink Info: Found Cortex-M4 r0p1, Little endian.
 
Target info:
------------
Device: STM32F407IG
VTarget = 3.267V
State of Pins: 
TCK: 0, TDI: 1, TDO: 1, TMS: 0, TRES: 1, TRST: 1
Hardware-Breakpoints: 6
Software-Breakpoints: 8192
Watchpoints:          0
JTAG speed: 4000 kHz
 
Erase Done.
Programming Done.
Verify OK.
Build target 'STM324xG_EVAL'
compiling Myserver.c...
..\src\Myserver.c(78): warning:  #177-D: variable "jasonLen" was declared but never referenced
..\src\Myserver.c(79): warning:  #177-D: variable "recStatus" was declared but never referenced
..\src\Myserver.c(80): warning:  #177-D: variable "smxgHeader" was declared but never referenced
..\src\Myserver.c(82): warning:  #177-D: variable "jasonReCvBuf" was declared but never referenced
..\src\Myserver.c(84): warning:  #177-D: variable "cmd_obj" was declared but never referenced
..\src\Myserver.c(85): warning:  #177-D: variable "temp_obj" was declared but never referenced
..\src\Myserver.c(86): warning:  #177-D: variable "type" was declared but never referenced
..\src\Myserver.c(87): warning:  #177-D: variable "addr" was declared but never referenced
..\src\Myserver.c(88): warning:  #177-D: variable "value" was declared but never referenced
..\src\Myserver.c(89): warning:  #177-D: variable "temp" was declared but never referenced
..\src\Myserver.c(90): warning:  #177-D: variable "tempVal" was declared but never referenced
..\src\Myserver.c(91): warning:  #177-D: variable "headIndex" was declared but never referenced
..\src\Myserver.c(91): warning:  #177-D: variable "index" was declared but never referenced
..\src\Myserver.c(161): warning:  #177-D: variable "Socket" was declared but never referenced
..\src\Myserver.c(167): warning:  #177-D: variable "Ret" was declared but never referenced
compiling jsonAction.c...
..\src\jsonAction.c(16): warning:  #223-D: function "printf" declared implicitly
..\src\jsonAction.c(19): warning:  #167-D: argument of type "unsigned char *" is incompatible with parameter of type "char *restrict"
..\src\jsonAction.c(19): warning:  #167-D: argument of type "unsigned char *" is incompatible with parameter of type "const char *restrict"
..\src\jsonAction.c(26): warning:  #167-D: argument of type "unsigned char *" is incompatible with parameter of type "const char *restrict"
..\src\jsonAction.c(32): warning:  #940-D: missing return statement at end of non-void function "splitJsonTCPStr"
..\src\jsonAction.c(13): warning:  #177-D: variable "readIndex" was declared but never referenced
..\src\jsonAction.c(39): warning:  #223-D: function "printf" declared implicitly
..\src\jsonAction.c(54): warning:  #1-D: last line of file ends without a newline
linking...
Program Size: Code=36448 RO-data=6464 RW-data=460 ZI-data=53540  
FromELF: creating hex file...
".\STM324xG_EVAL\STM324xG_EVAL.axf" - 0 Error(s), 23 Warning(s).
Load "D:\\Work\\Keil\\STM32\\F407ZG\\RTOS\\Project\\FreeRTOS\\STM32F407-RTOS-SOCKET4IPHONETEST\\MDK-ARM\\STM324xG_EVAL\\STM324xG_EVAL.AXF" 
Set JLink Project File to "D:\Work\Keil\STM32\F407ZG\RTOS\Project\FreeRTOS\STM32F407-RTOS-SOCKET4IPHONETEST\MDK-ARM\JLinkSettings.ini"
 
JLink info:
------------
DLL: V4.35b, compiled Sep  2 2011 18:34:46
Firmware: J-Link ARM V8 compiled Dec  6 2011 18:57:44
Hardware: V8.00
S/N : 805306163 
Feature(s) : RDI,FlashDL,FlashBP,JFlash,GDBFull 
 
* JLink Info: Found SWD-DP with ID 0x2BA01477
* JLink Info: TPIU fitted.
* JLink Info: ETM fitted.
* JLink Info:   FPUnit: 6 code (BP) slots and 2 literal slots
* JLink Info: Found Cortex-M4 r0p1, Little endian.
ROMTableAddr = 0xE00FF003
* JLink Info: Found SWD-DP with ID 0x2BA01477
* JLink Info: TPIU fitted.
* JLink Info: ETM fitted.
* JLink Info:   FPUnit: 6 code (BP) slots and 2 literal slots
* JLink Info: Found Cortex-M4 r0p1, Little endian.
 
Target info:
------------
Device: STM32F407IG
VTarget = 3.267V
State of Pins: 
TCK: 0, TDI: 1, TDO: 1, TMS: 0, TRES: 1, TRST: 1
Hardware-Breakpoints: 6
Software-Breakpoints: 8192
Watchpoints:          0
JTAG speed: 4000 kHz
 
Erase Done.
Programming Done.
Verify OK.
Build target 'STM324xG_EVAL'
compiling Myserver.c...
..\src\Myserver.c(78): warning:  #177-D: variable "jasonLen" was declared but never referenced
..\src\Myserver.c(79): warning:  #177-D: variable "recStatus" was declared but never referenced
..\src\Myserver.c(80): warning:  #177-D: variable "smxgHeader" was declared but never referenced
..\src\Myserver.c(82): warning:  #177-D: variable "jasonReCvBuf" was declared but never referenced
..\src\Myserver.c(84): warning:  #177-D: variable "cmd_obj" was declared but never referenced
..\src\Myserver.c(85): warning:  #177-D: variable "temp_obj" was declared but never referenced
..\src\Myserver.c(86): warning:  #177-D: variable "type" was declared but never referenced
..\src\Myserver.c(87): warning:  #177-D: variable "addr" was declared but never referenced
..\src\Myserver.c(88): warning:  #177-D: variable "value" was declared but never referenced
..\src\Myserver.c(89): warning:  #177-D: variable "temp" was declared but never referenced
..\src\Myserver.c(90): warning:  #177-D: variable "tempVal" was declared but never referenced
..\src\Myserver.c(91): warning:  #177-D: variable "headIndex" was declared but never referenced
..\src\Myserver.c(91): warning:  #177-D: variable "index" was declared but never referenced
..\src\Myserver.c(161): warning:  #177-D: variable "Socket" was declared but never referenced
..\src\Myserver.c(167): warning:  #177-D: variable "Ret" was declared but never referenced
linking...
Program Size: Code=36444 RO-data=6464 RW-data=460 ZI-data=53540  
FromELF: creating hex file...
".\STM324xG_EVAL\STM324xG_EVAL.axf" - 0 Error(s), 15 Warning(s).
Load "D:\\Work\\Keil\\STM32\\F407ZG\\RTOS\\Project\\FreeRTOS\\STM32F407-RTOS-SOCKET4IPHONETEST\\MDK-ARM\\STM324xG_EVAL\\STM324xG_EVAL.AXF" 
Set JLink Project File to "D:\Work\Keil\STM32\F407ZG\RTOS\Project\FreeRTOS\STM32F407-RTOS-SOCKET4IPHONETEST\MDK-ARM\JLinkSettings.ini"
 
JLink info:
------------
DLL: V4.35b, compiled Sep  2 2011 18:34:46
Firmware: J-Link ARM V8 compiled Dec  6 2011 18:57:44
Hardware: V8.00
S/N : 805306163 
Feature(s) : RDI,FlashDL,FlashBP,JFlash,GDBFull 
 
* JLink Info: Found SWD-DP with ID 0x2BA01477
* JLink Info: TPIU fitted.
* JLink Info: ETM fitted.
* JLink Info:   FPUnit: 6 code (BP) slots and 2 literal slots
* JLink Info: Found Cortex-M4 r0p1, Little endian.
ROMTableAddr = 0xE00FF003
* JLink Info: Found SWD-DP with ID 0x2BA01477
* JLink Info: TPIU fitted.
* JLink Info: ETM fitted.
* JLink Info:   FPUnit: 6 code (BP) slots and 2 literal slots
* JLink Info: Found Cortex-M4 r0p1, Little endian.
 
Target info:
------------
Device: STM32F407IG
VTarget = 3.267V
State of Pins: 
TCK: 0, TDI: 1, TDO: 1, TMS: 0, TRES: 1, TRST: 1
Hardware-Breakpoints: 6
Software-Breakpoints: 8192
Watchpoints:          0
JTAG speed: 4000 kHz
 
Erase Done.
Programming Done.
Verify OK.
Build target 'STM324xG_EVAL'
compiling Myserver.c...
..\src\Myserver.c(78): warning:  #177-D: variable "jasonLen" was declared but never referenced
..\src\Myserver.c(79): warning:  #177-D: variable "recStatus" was declared but never referenced
..\src\Myserver.c(80): warning:  #177-D: variable "smxgHeader" was declared but never referenced
..\src\Myserver.c(82): warning:  #177-D: variable "jasonReCvBuf" was declared but never referenced
..\src\Myserver.c(84): warning:  #177-D: variable "cmd_obj" was declared but never referenced
..\src\Myserver.c(85): warning:  #177-D: variable "temp_obj" was declared but never referenced
..\src\Myserver.c(86): warning:  #177-D: variable "type" was declared but never referenced
..\src\Myserver.c(87): warning:  #177-D: variable "addr" was declared but never referenced
..\src\Myserver.c(88): warning:  #177-D: variable "value" was declared but never referenced
..\src\Myserver.c(89): warning:  #177-D: variable "temp" was declared but never referenced
..\src\Myserver.c(90): warning:  #177-D: variable "tempVal" was declared but never referenced
..\src\Myserver.c(91): warning:  #177-D: variable "headIndex" was declared but never referenced
..\src\Myserver.c(91): warning:  #177-D: variable "index" was declared but never referenced
..\src\Myserver.c(161): warning:  #177-D: variable "Socket" was declared but never referenced
..\src\Myserver.c(167): warning:  #177-D: variable "Ret" was declared but never referenced
linking...
Program Size: Code=36448 RO-data=6464 RW-data=460 ZI-data=53540  
FromELF: creating hex file...
".\STM324xG_EVAL\STM324xG_EVAL.axf" - 0 Error(s), 15 Warning(s).
Load "D:\\Work\\Keil\\STM32\\F407ZG\\RTOS\\Project\\FreeRTOS\\STM32F407-RTOS-SOCKET4IPHONETEST\\MDK-ARM\\STM324xG_EVAL\\STM324xG_EVAL.AXF" 
Set JLink Project File to "D:\Work\Keil\STM32\F407ZG\RTOS\Project\FreeRTOS\STM32F407-RTOS-SOCKET4IPHONETEST\MDK-ARM\JLinkSettings.ini"
 
JLink info:
------------
DLL: V4.35b, compiled Sep  2 2011 18:34:46
Firmware: J-Link ARM V8 compiled Dec  6 2011 18:57:44
Hardware: V8.00
S/N : 805306163 
Feature(s) : RDI,FlashDL,FlashBP,JFlash,GDBFull 
 
* JLink Info: Found SWD-DP with ID 0x2BA01477
* JLink Info: TPIU fitted.
* JLink Info: ETM fitted.
* JLink Info:   FPUnit: 6 code (BP) slots and 2 literal slots
* JLink Info: Found Cortex-M4 r0p1, Little endian.
ROMTableAddr = 0xE00FF003
* JLink Info: Found SWD-DP with ID 0x2BA01477
* JLink Info: TPIU fitted.
* JLink Info: ETM fitted.
* JLink Info:   FPUnit: 6 code (BP) slots and 2 literal slots
* JLink Info: Found Cortex-M4 r0p1, Little endian.
 
Target info:
------------
Device: STM32F407IG
VTarget = 3.267V
State of Pins: 
TCK: 0, TDI: 1, TDO: 1, TMS: 0, TRES: 1, TRST: 1
Hardware-Breakpoints: 6
Software-Breakpoints: 8192
Watchpoints:          0
JTAG speed: 4000 kHz
 
Erase Done.
Programming Done.
Verify OK.
Build target 'STM324xG_EVAL'
compiling Myserver.c...
..\src\Myserver.c(78): warning:  #177-D: variable "jasonLen" was declared but never referenced
..\src\Myserver.c(79): warning:  #177-D: variable "recStatus" was declared but never referenced
..\src\Myserver.c(80): warning:  #177-D: variable "smxgHeader" was declared but never referenced
..\src\Myserver.c(82): warning:  #177-D: variable "jasonReCvBuf" was declared but never referenced
..\src\Myserver.c(84): warning:  #177-D: variable "cmd_obj" was declared but never referenced
..\src\Myserver.c(85): warning:  #177-D: variable "temp_obj" was declared but never referenced
..\src\Myserver.c(86): warning:  #177-D: variable "type" was declared but never referenced
..\src\Myserver.c(87): warning:  #177-D: variable "addr" was declared but never referenced
..\src\Myserver.c(88): warning:  #177-D: variable "value" was declared but never referenced
..\src\Myserver.c(89): warning:  #177-D: variable "temp" was declared but never referenced
..\src\Myserver.c(90): warning:  #177-D: variable "tempVal" was declared but never referenced
..\src\Myserver.c(91): warning:  #177-D: variable "headIndex" was declared but never referenced
..\src\Myserver.c(91): warning:  #177-D: variable "index" was declared but never referenced
..\src\Myserver.c(161): warning:  #177-D: variable "Socket" was declared but never referenced
..\src\Myserver.c(167): warning:  #177-D: variable "Ret" was declared but never referenced
linking...
Program Size: Code=36456 RO-data=6464 RW-data=460 ZI-data=53540  
FromELF: creating hex file...
".\STM324xG_EVAL\STM324xG_EVAL.axf" - 0 Error(s), 15 Warning(s).
Load "D:\\Work\\Keil\\STM32\\F407ZG\\RTOS\\Project\\FreeRTOS\\STM32F407-RTOS-SOCKET4IPHONETEST\\MDK-ARM\\STM324xG_EVAL\\STM324xG_EVAL.AXF" 
Set JLink Project File to "D:\Work\Keil\STM32\F407ZG\RTOS\Project\FreeRTOS\STM32F407-RTOS-SOCKET4IPHONETEST\MDK-ARM\JLinkSettings.ini"
 
JLink info:
------------
DLL: V4.35b, compiled Sep  2 2011 18:34:46
Firmware: J-Link ARM V8 compiled Dec  6 2011 18:57:44
Hardware: V8.00
S/N : 805306163 
Feature(s) : RDI,FlashDL,FlashBP,JFlash,GDBFull 
 
* JLink Info: Found SWD-DP with ID 0x2BA01477
* JLink Info: TPIU fitted.
* JLink Info: ETM fitted.
* JLink Info:   FPUnit: 6 code (BP) slots and 2 literal slots
* JLink Info: Found Cortex-M4 r0p1, Little endian.
ROMTableAddr = 0xE00FF003
* JLink Info: Found SWD-DP with ID 0x2BA01477
* JLink Info: TPIU fitted.
* JLink Info: ETM fitted.
* JLink Info:   FPUnit: 6 code (BP) slots and 2 literal slots
* JLink Info: Found Cortex-M4 r0p1, Little endian.
 
Target info:
------------
Device: STM32F407IG
VTarget = 3.267V
State of Pins: 
TCK: 0, TDI: 1, TDO: 1, TMS: 0, TRES: 1, TRST: 1
Hardware-Breakpoints: 6
Software-Breakpoints: 8192
Watchpoints:          0
JTAG speed: 4000 kHz
 
Erase Done.
Programming Done.
Verify OK.
Build target 'STM324xG_EVAL'
compiling Myserver.c...
..\src\Myserver.c(78): warning:  #177-D: variable "jasonLen" was declared but never referenced
..\src\Myserver.c(79): warning:  #177-D: variable "recStatus" was declared but never referenced
..\src\Myserver.c(80): warning:  #177-D: variable "smxgHeader" was declared but never referenced
..\src\Myserver.c(82): warning:  #177-D: variable "jasonReCvBuf" was declared but never referenced
..\src\Myserver.c(83): warning:  #177-D: variable "timeVal" was declared but never referenced
..\src\Myserver.c(84): warning:  #177-D: variable "cmd_obj" was declared but never referenced
..\src\Myserver.c(85): warning:  #177-D: variable "temp_obj" was declared but never referenced
..\src\Myserver.c(86): warning:  #177-D: variable "type" was declared but never referenced
..\src\Myserver.c(87): warning:  #177-D: variable "addr" was declared but never referenced
..\src\Myserver.c(88): warning:  #177-D: variable "value" was declared but never referenced
..\src\Myserver.c(89): warning:  #177-D: variable "temp" was declared but never referenced
..\src\Myserver.c(91): warning:  #177-D: variable "headIndex" was declared but never referenced
..\src\Myserver.c(91): warning:  #177-D: variable "index" was declared but never referenced
..\src\Myserver.c(133): warning:  #177-D: variable "Socket" was declared but never referenced
..\src\Myserver.c(139): warning:  #177-D: variable "Ret" was declared but never referenced
linking...
Program Size: Code=35528 RO-data=6464 RW-data=460 ZI-data=53540  
FromELF: creating hex file...
".\STM324xG_EVAL\STM324xG_EVAL.axf" - 0 Error(s), 15 Warning(s).
Load "D:\\Work\\Keil\\STM32\\F407ZG\\RTOS\\Project\\FreeRTOS\\STM32F407-RTOS-SOCKET4IPHONETEST\\MDK-ARM\\STM324xG_EVAL\\STM324xG_EVAL.AXF" 
Set JLink Project File to "D:\Work\Keil\STM32\F407ZG\RTOS\Project\FreeRTOS\STM32F407-RTOS-SOCKET4IPHONETEST\MDK-ARM\JLinkSettings.ini"
 
JLink info:
------------
DLL: V4.35b, compiled Sep  2 2011 18:34:46
Firmware: J-Link ARM V8 compiled Dec  6 2011 18:57:44
Hardware: V8.00
S/N : 805306163 
Feature(s) : RDI,FlashDL,FlashBP,JFlash,GDBFull 
 
* JLink Info: Found SWD-DP with ID 0x2BA01477
* JLink Info: TPIU fitted.
* JLink Info: ETM fitted.
* JLink Info:   FPUnit: 6 code (BP) slots and 2 literal slots
* JLink Info: Found Cortex-M4 r0p1, Little endian.
ROMTableAddr = 0xE00FF003
* JLink Info: Found SWD-DP with ID 0x2BA01477
* JLink Info: TPIU fitted.
* JLink Info: ETM fitted.
* JLink Info:   FPUnit: 6 code (BP) slots and 2 literal slots
* JLink Info: Found Cortex-M4 r0p1, Little endian.
 
Target info:
------------
Device: STM32F407IG
VTarget = 3.267V
State of Pins: 
TCK: 0, TDI: 1, TDO: 1, TMS: 0, TRES: 1, TRST: 1
Hardware-Breakpoints: 6
Software-Breakpoints: 8192
Watchpoints:          0
JTAG speed: 4000 kHz
 
Erase Done.
Programming Done.
Verify OK.
Build target 'STM324xG_EVAL'
compiling Myserver.c...
..\src\Myserver.c(78): warning:  #177-D: variable "jasonLen" was declared but never referenced
..\src\Myserver.c(79): warning:  #177-D: variable "recStatus" was declared but never referenced
..\src\Myserver.c(80): warning:  #177-D: variable "smxgHeader" was declared but never referenced
..\src\Myserver.c(83): warning:  #177-D: variable "timeVal" was declared but never referenced
..\src\Myserver.c(84): warning:  #177-D: variable "cmd_obj" was declared but never referenced
..\src\Myserver.c(85): warning:  #177-D: variable "temp_obj" was declared but never referenced
..\src\Myserver.c(86): warning:  #177-D: variable "type" was declared but never referenced
..\src\Myserver.c(87): warning:  #177-D: variable "addr" was declared but never referenced
..\src\Myserver.c(88): warning:  #177-D: variable "value" was declared but never referenced
..\src\Myserver.c(89): warning:  #177-D: variable "temp" was declared but never referenced
..\src\Myserver.c(91): warning:  #177-D: variable "headIndex" was declared but never referenced
..\src\Myserver.c(91): warning:  #177-D: variable "index" was declared but never referenced
..\src\Myserver.c(133): warning:  #177-D: variable "Socket" was declared but never referenced
..\src\Myserver.c(139): warning:  #177-D: variable "Ret" was declared but never referenced
linking...
Program Size: Code=35520 RO-data=6464 RW-data=460 ZI-data=53540  
FromELF: creating hex file...
".\STM324xG_EVAL\STM324xG_EVAL.axf" - 0 Error(s), 14 Warning(s).
Build target 'STM324xG_EVAL'
compiling Myserver.c...
..\src\Myserver.c(78): warning:  #177-D: variable "jasonLen" was declared but never referenced
..\src\Myserver.c(79): warning:  #177-D: variable "recStatus" was declared but never referenced
..\src\Myserver.c(80): warning:  #177-D: variable "smxgHeader" was declared but never referenced
..\src\Myserver.c(83): warning:  #177-D: variable "timeVal" was declared but never referenced
..\src\Myserver.c(84): warning:  #177-D: variable "cmd_obj" was declared but never referenced
..\src\Myserver.c(85): warning:  #177-D: variable "temp_obj" was declared but never referenced
..\src\Myserver.c(86): warning:  #177-D: variable "type" was declared but never referenced
..\src\Myserver.c(87): warning:  #177-D: variable "addr" was declared but never referenced
..\src\Myserver.c(88): warning:  #177-D: variable "value" was declared but never referenced
..\src\Myserver.c(89): warning:  #177-D: variable "temp" was declared but never referenced
..\src\Myserver.c(91): warning:  #177-D: variable "headIndex" was declared but never referenced
..\src\Myserver.c(91): warning:  #177-D: variable "index" was declared but never referenced
..\src\Myserver.c(133): warning:  #177-D: variable "Socket" was declared but never referenced
..\src\Myserver.c(139): warning:  #177-D: variable "Ret" was declared but never referenced
linking...
Program Size: Code=35520 RO-data=6464 RW-data=460 ZI-data=53540  
FromELF: creating hex file...
".\STM324xG_EVAL\STM324xG_EVAL.axf" - 0 Error(s), 14 Warning(s).
Load "D:\\Work\\Keil\\STM32\\F407ZG\\RTOS\\Project\\FreeRTOS\\STM32F407-RTOS-SOCKET4IPHONETEST\\MDK-ARM\\STM324xG_EVAL\\STM324xG_EVAL.AXF" 
Set JLink Project File to "D:\Work\Keil\STM32\F407ZG\RTOS\Project\FreeRTOS\STM32F407-RTOS-SOCKET4IPHONETEST\MDK-ARM\JLinkSettings.ini"
 
JLink info:
------------
DLL: V4.35b, compiled Sep  2 2011 18:34:46
Firmware: J-Link ARM V8 compiled Dec  6 2011 18:57:44
Hardware: V8.00
S/N : 805306163 
Feature(s) : RDI,FlashDL,FlashBP,JFlash,GDBFull 
 
* JLink Info: Found SWD-DP with ID 0x2BA01477
* JLink Info: TPIU fitted.
* JLink Info: ETM fitted.
* JLink Info:   FPUnit: 6 code (BP) slots and 2 literal slots
* JLink Info: Found Cortex-M4 r0p1, Little endian.
ROMTableAddr = 0xE00FF003
* JLink Info: Found SWD-DP with ID 0x2BA01477
* JLink Info: TPIU fitted.
* JLink Info: ETM fitted.
* JLink Info:   FPUnit: 6 code (BP) slots and 2 literal slots
* JLink Info: Found Cortex-M4 r0p1, Little endian.
 
Target info:
------------
Device: STM32F407IG
VTarget = 3.267V
State of Pins: 
TCK: 0, TDI: 1, TDO: 1, TMS: 0, TRES: 1, TRST: 1
Hardware-Breakpoints: 6
Software-Breakpoints: 8192
Watchpoints:          0
JTAG speed: 4000 kHz
 
Erase Done.
Programming Done.
Verify OK.
Build target 'STM324xG_EVAL'
compiling Myserver.c...
..\src\Myserver.c(78): warning:  #177-D: variable "jasonLen" was declared but never referenced
..\src\Myserver.c(79): warning:  #177-D: variable "recStatus" was declared but never referenced
..\src\Myserver.c(80): warning:  #177-D: variable "smxgHeader" was declared but never referenced
..\src\Myserver.c(83): warning:  #177-D: variable "timeVal" was declared but never referenced
..\src\Myserver.c(84): warning:  #177-D: variable "cmd_obj" was declared but never referenced
..\src\Myserver.c(85): warning:  #177-D: variable "temp_obj" was declared but never referenced
..\src\Myserver.c(86): warning:  #177-D: variable "type" was declared but never referenced
..\src\Myserver.c(87): warning:  #177-D: variable "addr" was declared but never referenced
..\src\Myserver.c(88): warning:  #177-D: variable "value" was declared but never referenced
..\src\Myserver.c(89): warning:  #177-D: variable "temp" was declared but never referenced
..\src\Myserver.c(91): warning:  #177-D: variable "headIndex" was declared but never referenced
..\src\Myserver.c(91): warning:  #177-D: variable "index" was declared but never referenced
..\src\Myserver.c(138): warning:  #177-D: variable "Socket" was declared but never referenced
..\src\Myserver.c(144): warning:  #177-D: variable "Ret" was declared but never referenced
linking...
Program Size: Code=35560 RO-data=6464 RW-data=460 ZI-data=53540  
FromELF: creating hex file...
".\STM324xG_EVAL\STM324xG_EVAL.axf" - 0 Error(s), 14 Warning(s).
Load "D:\\Work\\Keil\\STM32\\F407ZG\\RTOS\\Project\\FreeRTOS\\STM32F407-RTOS-SOCKET4IPHONETEST\\MDK-ARM\\STM324xG_EVAL\\STM324xG_EVAL.AXF" 
Set JLink Project File to "D:\Work\Keil\STM32\F407ZG\RTOS\Project\FreeRTOS\STM32F407-RTOS-SOCKET4IPHONETEST\MDK-ARM\JLinkSettings.ini"
 
JLink info:
------------
DLL: V4.35b, compiled Sep  2 2011 18:34:46
Firmware: J-Link ARM V8 compiled Dec  6 2011 18:57:44
Hardware: V8.00
S/N : 805306163 
Feature(s) : RDI,FlashDL,FlashBP,JFlash,GDBFull 
 
* JLink Info: Found SWD-DP with ID 0x2BA01477
* JLink Info: TPIU fitted.
* JLink Info: ETM fitted.
* JLink Info:   FPUnit: 6 code (BP) slots and 2 literal slots
* JLink Info: Found Cortex-M4 r0p1, Little endian.
ROMTableAddr = 0xE00FF003
* JLink Info: Found SWD-DP with ID 0x2BA01477
* JLink Info: TPIU fitted.
* JLink Info: ETM fitted.
* JLink Info:   FPUnit: 6 code (BP) slots and 2 literal slots
* JLink Info: Found Cortex-M4 r0p1, Little endian.
 
Target info:
------------
Device: STM32F407IG
VTarget = 3.267V
State of Pins: 
TCK: 0, TDI: 1, TDO: 1, TMS: 0, TRES: 1, TRST: 1
Hardware-Breakpoints: 6
Software-Breakpoints: 8192
Watchpoints:          0
JTAG speed: 4000 kHz
 
Erase Done.
Programming Done.
Verify OK.
Build target 'STM324xG_EVAL'
compiling Myserver.c...
..\src\Myserver.c(78): warning:  #177-D: variable "jasonLen" was declared but never referenced
..\src\Myserver.c(79): warning:  #177-D: variable "recStatus" was declared but never referenced
..\src\Myserver.c(80): warning:  #177-D: variable "smxgHeader" was declared but never referenced
..\src\Myserver.c(83): warning:  #177-D: variable "timeVal" was declared but never referenced
..\src\Myserver.c(84): warning:  #177-D: variable "cmd_obj" was declared but never referenced
..\src\Myserver.c(85): warning:  #177-D: variable "temp_obj" was declared but never referenced
..\src\Myserver.c(86): warning:  #177-D: variable "type" was declared but never referenced
..\src\Myserver.c(87): warning:  #177-D: variable "addr" was declared but never referenced
..\src\Myserver.c(88): warning:  #177-D: variable "value" was declared but never referenced
..\src\Myserver.c(89): warning:  #177-D: variable "temp" was declared but never referenced
..\src\Myserver.c(91): warning:  #177-D: variable "headIndex" was declared but never referenced
..\src\Myserver.c(91): warning:  #177-D: variable "index" was declared but never referenced
..\src\Myserver.c(139): warning:  #177-D: variable "Socket" was declared but never referenced
..\src\Myserver.c(145): warning:  #177-D: variable "Ret" was declared but never referenced
linking...
Program Size: Code=35592 RO-data=6464 RW-data=460 ZI-data=53540  
FromELF: creating hex file...
".\STM324xG_EVAL\STM324xG_EVAL.axf" - 0 Error(s), 14 Warning(s).
Load "D:\\Work\\Keil\\STM32\\F407ZG\\RTOS\\Project\\FreeRTOS\\STM32F407-RTOS-SOCKET4IPHONETEST\\MDK-ARM\\STM324xG_EVAL\\STM324xG_EVAL.AXF" 
Set JLink Project File to "D:\Work\Keil\STM32\F407ZG\RTOS\Project\FreeRTOS\STM32F407-RTOS-SOCKET4IPHONETEST\MDK-ARM\JLinkSettings.ini"
 
JLink info:
------------
DLL: V4.35b, compiled Sep  2 2011 18:34:46
Firmware: J-Link ARM V8 compiled Dec  6 2011 18:57:44
Hardware: V8.00
S/N : 805306163 
Feature(s) : RDI,FlashDL,FlashBP,JFlash,GDBFull 
 
* JLink Info: Found SWD-DP with ID 0x2BA01477
* JLink Info: TPIU fitted.
* JLink Info: ETM fitted.
* JLink Info:   FPUnit: 6 code (BP) slots and 2 literal slots
* JLink Info: Found Cortex-M4 r0p1, Little endian.
ROMTableAddr = 0xE00FF003
* JLink Info: Found SWD-DP with ID 0x2BA01477
* JLink Info: TPIU fitted.
* JLink Info: ETM fitted.
* JLink Info:   FPUnit: 6 code (BP) slots and 2 literal slots
* JLink Info: Found Cortex-M4 r0p1, Little endian.
 
Target info:
------------
Device: STM32F407IG
VTarget = 3.267V
State of Pins: 
TCK: 0, TDI: 1, TDO: 1, TMS: 0, TRES: 1, TRST: 1
Hardware-Breakpoints: 6
Software-Breakpoints: 8192
Watchpoints:          0
JTAG speed: 4000 kHz
 
Erase Done.
Programming Done.
Verify OK.
Build target 'STM324xG_EVAL'
compiling Myserver.c...
..\src\Myserver.c(78): warning:  #177-D: variable "jasonLen" was declared but never referenced
..\src\Myserver.c(79): warning:  #177-D: variable "recStatus" was declared but never referenced
..\src\Myserver.c(80): warning:  #177-D: variable "smxgHeader" was declared but never referenced
..\src\Myserver.c(83): warning:  #177-D: variable "timeVal" was declared but never referenced
..\src\Myserver.c(84): warning:  #177-D: variable "cmd_obj" was declared but never referenced
..\src\Myserver.c(85): warning:  #177-D: variable "temp_obj" was declared but never referenced
..\src\Myserver.c(86): warning:  #177-D: variable "type" was declared but never referenced
..\src\Myserver.c(87): warning:  #177-D: variable "addr" was declared but never referenced
..\src\Myserver.c(88): warning:  #177-D: variable "value" was declared but never referenced
..\src\Myserver.c(89): warning:  #177-D: variable "temp" was declared but never referenced
..\src\Myserver.c(91): warning:  #177-D: variable "headIndex" was declared but never referenced
..\src\Myserver.c(91): warning:  #177-D: variable "index" was declared but never referenced
..\src\Myserver.c(140): warning:  #177-D: variable "Socket" was declared but never referenced
..\src\Myserver.c(146): warning:  #177-D: variable "Ret" was declared but never referenced
linking...
Program Size: Code=35596 RO-data=6464 RW-data=460 ZI-data=53540  
FromELF: creating hex file...
".\STM324xG_EVAL\STM324xG_EVAL.axf" - 0 Error(s), 14 Warning(s).
Load "D:\\Work\\Keil\\STM32\\F407ZG\\RTOS\\Project\\FreeRTOS\\STM32F407-RTOS-SOCKET4IPHONETEST\\MDK-ARM\\STM324xG_EVAL\\STM324xG_EVAL.AXF" 
Set JLink Project File to "D:\Work\Keil\STM32\F407ZG\RTOS\Project\FreeRTOS\STM32F407-RTOS-SOCKET4IPHONETEST\MDK-ARM\JLinkSettings.ini"
 
JLink info:
------------
DLL: V4.35b, compiled Sep  2 2011 18:34:46
Firmware: J-Link ARM V8 compiled Dec  6 2011 18:57:44
Hardware: V8.00
S/N : 805306163 
Feature(s) : RDI,FlashDL,FlashBP,JFlash,GDBFull 
 
* JLink Info: Found SWD-DP with ID 0x2BA01477
* JLink Info: TPIU fitted.
* JLink Info: ETM fitted.
* JLink Info:   FPUnit: 6 code (BP) slots and 2 literal slots
* JLink Info: Found Cortex-M4 r0p1, Little endian.
ROMTableAddr = 0xE00FF003
* JLink Info: Found SWD-DP with ID 0x2BA01477
* JLink Info: TPIU fitted.
* JLink Info: ETM fitted.
* JLink Info:   FPUnit: 6 code (BP) slots and 2 literal slots
* JLink Info: Found Cortex-M4 r0p1, Little endian.
 
Target info:
------------
Device: STM32F407IG
VTarget = 3.267V
State of Pins: 
TCK: 0, TDI: 1, TDO: 1, TMS: 0, TRES: 1, TRST: 1
Hardware-Breakpoints: 6
Software-Breakpoints: 8192
Watchpoints:          0
JTAG speed: 4000 kHz
 
Erase Done.
Programming Done.
Verify OK.
Build target 'STM324xG_EVAL'
compiling Myserver.c...
..\src\Myserver.c(81): warning:  #177-D: variable "jasonLen" was declared but never referenced
..\src\Myserver.c(82): warning:  #177-D: variable "recStatus" was declared but never referenced
..\src\Myserver.c(83): warning:  #177-D: variable "smxgHeader" was declared but never referenced
..\src\Myserver.c(86): warning:  #177-D: variable "timeVal" was declared but never referenced
..\src\Myserver.c(87): warning:  #177-D: variable "cmd_obj" was declared but never referenced
..\src\Myserver.c(88): warning:  #177-D: variable "temp_obj" was declared but never referenced
..\src\Myserver.c(89): warning:  #177-D: variable "type" was declared but never referenced
..\src\Myserver.c(90): warning:  #177-D: variable "addr" was declared but never referenced
..\src\Myserver.c(91): warning:  #177-D: variable "value" was declared but never referenced
..\src\Myserver.c(92): warning:  #177-D: variable "temp" was declared but never referenced
..\src\Myserver.c(94): warning:  #177-D: variable "headIndex" was declared but never referenced
..\src\Myserver.c(94): warning:  #177-D: variable "index" was declared but never referenced
..\src\Myserver.c(143): warning:  #177-D: variable "Socket" was declared but never referenced
..\src\Myserver.c(149): warning:  #177-D: variable "Ret" was declared but never referenced
linking...
Program Size: Code=35664 RO-data=6464 RW-data=460 ZI-data=53540  
FromELF: creating hex file...
".\STM324xG_EVAL\STM324xG_EVAL.axf" - 0 Error(s), 14 Warning(s).
Load "D:\\Work\\Keil\\STM32\\F407ZG\\RTOS\\Project\\FreeRTOS\\STM32F407-RTOS-SOCKET4IPHONETEST\\MDK-ARM\\STM324xG_EVAL\\STM324xG_EVAL.AXF" 
Set JLink Project File to "D:\Work\Keil\STM32\F407ZG\RTOS\Project\FreeRTOS\STM32F407-RTOS-SOCKET4IPHONETEST\MDK-ARM\JLinkSettings.ini"
 
JLink info:
------------
DLL: V4.35b, compiled Sep  2 2011 18:34:46
Firmware: J-Link ARM V8 compiled Dec  6 2011 18:57:44
Hardware: V8.00
S/N : 805306163 
Feature(s) : RDI,FlashDL,FlashBP,JFlash,GDBFull 
 
* JLink Info: Found SWD-DP with ID 0x2BA01477
* JLink Info: TPIU fitted.
* JLink Info: ETM fitted.
* JLink Info:   FPUnit: 6 code (BP) slots and 2 literal slots
* JLink Info: Found Cortex-M4 r0p1, Little endian.
ROMTableAddr = 0xE00FF003
* JLink Info: Found SWD-DP with ID 0x2BA01477
* JLink Info: TPIU fitted.
* JLink Info: ETM fitted.
* JLink Info:   FPUnit: 6 code (BP) slots and 2 literal slots
* JLink Info: Found Cortex-M4 r0p1, Little endian.
 
Target info:
------------
Device: STM32F407IG
VTarget = 3.267V
State of Pins: 
TCK: 0, TDI: 1, TDO: 1, TMS: 0, TRES: 1, TRST: 1
Hardware-Breakpoints: 6
Software-Breakpoints: 8192
Watchpoints:          0
JTAG speed: 4000 kHz
 
Erase Done.
Programming Done.
Verify OK.
Build target 'STM324xG_EVAL'
compiling Myserver.c...
..\src\Myserver.c(81): warning:  #177-D: variable "jasonLen" was declared but never referenced
..\src\Myserver.c(82): warning:  #177-D: variable "recStatus" was declared but never referenced
..\src\Myserver.c(83): warning:  #177-D: variable "smxgHeader" was declared but never referenced
..\src\Myserver.c(86): warning:  #177-D: variable "timeVal" was declared but never referenced
..\src\Myserver.c(87): warning:  #177-D: variable "cmd_obj" was declared but never referenced
..\src\Myserver.c(88): warning:  #177-D: variable "temp_obj" was declared but never referenced
..\src\Myserver.c(89): warning:  #177-D: variable "type" was declared but never referenced
..\src\Myserver.c(90): warning:  #177-D: variable "addr" was declared but never referenced
..\src\Myserver.c(91): warning:  #177-D: variable "value" was declared but never referenced
..\src\Myserver.c(92): warning:  #177-D: variable "temp" was declared but never referenced
..\src\Myserver.c(94): warning:  #177-D: variable "headIndex" was declared but never referenced
..\src\Myserver.c(94): warning:  #177-D: variable "index" was declared but never referenced
..\src\Myserver.c(143): warning:  #177-D: variable "Socket" was declared but never referenced
..\src\Myserver.c(149): warning:  #177-D: variable "Ret" was declared but never referenced
compiling jsonAction.c...
..\src\jsonAction.c(19): warning:  #167-D: argument of type "unsigned char *" is incompatible with parameter of type "char *restrict"
..\src\jsonAction.c(19): warning:  #167-D: argument of type "unsigned char *" is incompatible with parameter of type "const char *restrict"
..\src\jsonAction.c(24): warning:  #223-D: function "printf" declared implicitly
..\src\jsonAction.c(26): warning:  #167-D: argument of type "unsigned char *" is incompatible with parameter of type "const char *restrict"
..\src\jsonAction.c(32): warning:  #940-D: missing return statement at end of non-void function "splitJsonTCPStr"
..\src\jsonAction.c(13): warning:  #177-D: variable "readIndex" was declared but never referenced
..\src\jsonAction.c(39): warning:  #223-D: function "printf" declared implicitly
..\src\jsonAction.c(54): warning:  #1-D: last line of file ends without a newline
linking...
Program Size: Code=35784 RO-data=6464 RW-data=464 ZI-data=53544  
FromELF: creating hex file...
".\STM324xG_EVAL\STM324xG_EVAL.axf" - 0 Error(s), 22 Warning(s).
Load "D:\\Work\\Keil\\STM32\\F407ZG\\RTOS\\Project\\FreeRTOS\\STM32F407-RTOS-SOCKET4IPHONETEST\\MDK-ARM\\STM324xG_EVAL\\STM324xG_EVAL.AXF" 
Set JLink Project File to "D:\Work\Keil\STM32\F407ZG\RTOS\Project\FreeRTOS\STM32F407-RTOS-SOCKET4IPHONETEST\MDK-ARM\JLinkSettings.ini"
 
JLink info:
------------
DLL: V4.35b, compiled Sep  2 2011 18:34:46
Firmware: J-Link ARM V8 compiled Dec  6 2011 18:57:44
Hardware: V8.00
S/N : 805306163 
Feature(s) : RDI,FlashDL,FlashBP,JFlash,GDBFull 
 
* JLink Info: Found SWD-DP with ID 0x2BA01477
* JLink Info: TPIU fitted.
* JLink Info: ETM fitted.
* JLink Info:   FPUnit: 6 code (BP) slots and 2 literal slots
* JLink Info: Found Cortex-M4 r0p1, Little endian.
ROMTableAddr = 0xE00FF003
* JLink Info: Found SWD-DP with ID 0x2BA01477
* JLink Info: TPIU fitted.
* JLink Info: ETM fitted.
* JLink Info:   FPUnit: 6 code (BP) slots and 2 literal slots
* JLink Info: Found Cortex-M4 r0p1, Little endian.
 
Target info:
------------
Device: STM32F407IG
VTarget = 3.267V
State of Pins: 
TCK: 0, TDI: 1, TDO: 1, TMS: 0, TRES: 1, TRST: 1
Hardware-Breakpoints: 6
Software-Breakpoints: 8192
Watchpoints:          0
JTAG speed: 4000 kHz
 
Erase Done.
Programming Done.
Verify OK.
Build target 'STM324xG_EVAL'
compiling jsonAction.c...
..\src\jsonAction.c(19): warning:  #167-D: argument of type "unsigned char *" is incompatible with parameter of type "char *restrict"
..\src\jsonAction.c(19): warning:  #167-D: argument of type "unsigned char *" is incompatible with parameter of type "const char *restrict"
..\src\jsonAction.c(24): warning:  #223-D: function "printf" declared implicitly
..\src\jsonAction.c(26): warning:  #167-D: argument of type "unsigned char *" is incompatible with parameter of type "const char *restrict"
..\src\jsonAction.c(32): warning:  #940-D: missing return statement at end of non-void function "splitJsonTCPStr"
..\src\jsonAction.c(13): warning:  #177-D: variable "readIndex" was declared but never referenced
..\src\jsonAction.c(39): warning:  #223-D: function "printf" declared implicitly
..\src\jsonAction.c(54): warning:  #1-D: last line of file ends without a newline
linking...
Program Size: Code=35784 RO-data=6464 RW-data=464 ZI-data=53544  
FromELF: creating hex file...
".\STM324xG_EVAL\STM324xG_EVAL.axf" - 0 Error(s), 8 Warning(s).
Load "D:\\Work\\Keil\\STM32\\F407ZG\\RTOS\\Project\\FreeRTOS\\STM32F407-RTOS-SOCKET4IPHONETEST\\MDK-ARM\\STM324xG_EVAL\\STM324xG_EVAL.AXF" 
Set JLink Project File to "D:\Work\Keil\STM32\F407ZG\RTOS\Project\FreeRTOS\STM32F407-RTOS-SOCKET4IPHONETEST\MDK-ARM\JLinkSettings.ini"
 
JLink info:
------------
DLL: V4.35b, compiled Sep  2 2011 18:34:46
Firmware: J-Link ARM V8 compiled Dec  6 2011 18:57:44
Hardware: V8.00
S/N : 805306163 
Feature(s) : RDI,FlashDL,FlashBP,JFlash,GDBFull 
 
* JLink Info: Found SWD-DP with ID 0x2BA01477
* JLink Info: TPIU fitted.
* JLink Info: ETM fitted.
* JLink Info:   FPUnit: 6 code (BP) slots and 2 literal slots
* JLink Info: Found Cortex-M4 r0p1, Little endian.
ROMTableAddr = 0xE00FF003
* JLink Info: Found SWD-DP with ID 0x2BA01477
* JLink Info: TPIU fitted.
* JLink Info: ETM fitted.
* JLink Info:   FPUnit: 6 code (BP) slots and 2 literal slots
* JLink Info: Found Cortex-M4 r0p1, Little endian.
 
Target info:
------------
Device: STM32F407IG
VTarget = 3.267V
State of Pins: 
TCK: 0, TDI: 1, TDO: 1, TMS: 0, TRES: 1, TRST: 1
Hardware-Breakpoints: 6
Software-Breakpoints: 8192
Watchpoints:          0
JTAG speed: 4000 kHz
 
Erase Done.
Programming Done.
Verify OK.
Build target 'STM324xG_EVAL'
compiling jsonAction.c...
..\src\jsonAction.c(19): warning:  #167-D: argument of type "unsigned char *" is incompatible with parameter of type "char *restrict"
..\src\jsonAction.c(19): warning:  #167-D: argument of type "unsigned char *" is incompatible with parameter of type "const char *restrict"
..\src\jsonAction.c(24): warning:  #223-D: function "printf" declared implicitly
..\src\jsonAction.c(26): warning:  #167-D: argument of type "unsigned char *" is incompatible with parameter of type "const char *restrict"
..\src\jsonAction.c(32): warning:  #940-D: missing return statement at end of non-void function "splitJsonTCPStr"
..\src\jsonAction.c(13): warning:  #177-D: variable "readIndex" was declared but never referenced
..\src\jsonAction.c(39): warning:  #223-D: function "printf" declared implicitly
..\src\jsonAction.c(54): warning:  #1-D: last line of file ends without a newline
linking...
Program Size: Code=35784 RO-data=6464 RW-data=464 ZI-data=53544  
FromELF: creating hex file...
".\STM324xG_EVAL\STM324xG_EVAL.axf" - 0 Error(s), 8 Warning(s).
Load "D:\\Work\\Keil\\STM32\\F407ZG\\RTOS\\Project\\FreeRTOS\\STM32F407-RTOS-SOCKET4IPHONETEST\\MDK-ARM\\STM324xG_EVAL\\STM324xG_EVAL.AXF" 
Set JLink Project File to "D:\Work\Keil\STM32\F407ZG\RTOS\Project\FreeRTOS\STM32F407-RTOS-SOCKET4IPHONETEST\MDK-ARM\JLinkSettings.ini"
 
JLink info:
------------
DLL: V4.35b, compiled Sep  2 2011 18:34:46
Firmware: J-Link ARM V8 compiled Dec  6 2011 18:57:44
Hardware: V8.00
S/N : 805306163 
Feature(s) : RDI,FlashDL,FlashBP,JFlash,GDBFull 
 
* JLink Info: Found SWD-DP with ID 0x2BA01477
* JLink Info: TPIU fitted.
* JLink Info: ETM fitted.
* JLink Info:   FPUnit: 6 code (BP) slots and 2 literal slots
* JLink Info: Found Cortex-M4 r0p1, Little endian.
ROMTableAddr = 0xE00FF003
* JLink Info: Found SWD-DP with ID 0x2BA01477
* JLink Info: TPIU fitted.
* JLink Info: ETM fitted.
* JLink Info:   FPUnit: 6 code (BP) slots and 2 literal slots
* JLink Info: Found Cortex-M4 r0p1, Little endian.
 
Target info:
------------
Device: STM32F407IG
VTarget = 3.267V
State of Pins: 
TCK: 0, TDI: 1, TDO: 1, TMS: 0, TRES: 1, TRST: 1
Hardware-Breakpoints: 6
Software-Breakpoints: 8192
Watchpoints:          0
JTAG speed: 4000 kHz
 
Erase Done.
Programming Done.
Verify OK.
Build target 'STM324xG_EVAL'
compiling jsonAction.c...
..\src\jsonAction.c(19): warning:  #167-D: argument of type "unsigned char *" is incompatible with parameter of type "char *restrict"
..\src\jsonAction.c(19): warning:  #167-D: argument of type "unsigned char *" is incompatible with parameter of type "const char *restrict"
..\src\jsonAction.c(24): warning:  #223-D: function "sscanf" declared implicitly
..\src\jsonAction.c(24): error:  #20: identifier "buf" is undefined
..\src\jsonAction.c(25): warning:  #223-D: function "printf" declared implicitly
..\src\jsonAction.c(28): warning:  #167-D: argument of type "unsigned char *" is incompatible with parameter of type "const char *restrict"
..\src\jsonAction.c(34): warning:  #940-D: missing return statement at end of non-void function "splitJsonTCPStr"
..\src\jsonAction.c(13): warning:  #177-D: variable "readIndex" was declared but never referenced
..\src\jsonAction.c(41): warning:  #223-D: function "printf" declared implicitly
..\src\jsonAction.c(56): warning:  #1-D: last line of file ends without a newline
Target not created
Build target 'STM324xG_EVAL'
compiling jsonAction.c...
..\src\jsonAction.c(20): warning:  #167-D: argument of type "unsigned char *" is incompatible with parameter of type "char *restrict"
..\src\jsonAction.c(20): warning:  #167-D: argument of type "unsigned char *" is incompatible with parameter of type "const char *restrict"
..\src\jsonAction.c(25): warning:  #223-D: function "sscanf" declared implicitly
..\src\jsonAction.c(26): warning:  #223-D: function "printf" declared implicitly
..\src\jsonAction.c(29): warning:  #167-D: argument of type "unsigned char *" is incompatible with parameter of type "const char *restrict"
..\src\jsonAction.c(35): warning:  #940-D: missing return statement at end of non-void function "splitJsonTCPStr"
..\src\jsonAction.c(13): warning:  #177-D: variable "readIndex" was declared but never referenced
..\src\jsonAction.c(42): warning:  #223-D: function "printf" declared implicitly
..\src\jsonAction.c(57): warning:  #1-D: last line of file ends without a newline
linking...
Program Size: Code=37044 RO-data=6600 RW-data=464 ZI-data=53544  
FromELF: creating hex file...
".\STM324xG_EVAL\STM324xG_EVAL.axf" - 0 Error(s), 9 Warning(s).
Load "D:\\Work\\Keil\\STM32\\F407ZG\\RTOS\\Project\\FreeRTOS\\STM32F407-RTOS-SOCKET4IPHONETEST\\MDK-ARM\\STM324xG_EVAL\\STM324xG_EVAL.AXF" 
Set JLink Project File to "D:\Work\Keil\STM32\F407ZG\RTOS\Project\FreeRTOS\STM32F407-RTOS-SOCKET4IPHONETEST\MDK-ARM\JLinkSettings.ini"
 
JLink info:
------------
DLL: V4.35b, compiled Sep  2 2011 18:34:46
Firmware: J-Link ARM V8 compiled Dec  6 2011 18:57:44
Hardware: V8.00
S/N : 805306163 
Feature(s) : RDI,FlashDL,FlashBP,JFlash,GDBFull 
 
* JLink Info: Found SWD-DP with ID 0x2BA01477
* JLink Info: TPIU fitted.
* JLink Info: ETM fitted.
* JLink Info:   FPUnit: 6 code (BP) slots and 2 literal slots
* JLink Info: Found Cortex-M4 r0p1, Little endian.
ROMTableAddr = 0xE00FF003
* JLink Info: Found SWD-DP with ID 0x2BA01477
* JLink Info: TPIU fitted.
* JLink Info: ETM fitted.
* JLink Info:   FPUnit: 6 code (BP) slots and 2 literal slots
* JLink Info: Found Cortex-M4 r0p1, Little endian.
 
Target info:
------------
Device: STM32F407IG
VTarget = 3.267V
State of Pins: 
TCK: 0, TDI: 1, TDO: 1, TMS: 0, TRES: 1, TRST: 1
Hardware-Breakpoints: 6
Software-Breakpoints: 8192
Watchpoints:          0
JTAG speed: 4000 kHz
 
Erase Done.
Programming Done.
Verify OK.
Build target 'STM324xG_EVAL'
compiling jsonAction.c...
..\src\jsonAction.c(20): warning:  #167-D: argument of type "unsigned char *" is incompatible with parameter of type "char *restrict"
..\src\jsonAction.c(20): warning:  #167-D: argument of type "unsigned char *" is incompatible with parameter of type "const char *restrict"
..\src\jsonAction.c(25): warning:  #223-D: function "sscanf" declared implicitly
..\src\jsonAction.c(26): warning:  #223-D: function "printf" declared implicitly
..\src\jsonAction.c(29): warning:  #167-D: argument of type "unsigned char *" is incompatible with parameter of type "const char *restrict"
..\src\jsonAction.c(35): warning:  #940-D: missing return statement at end of non-void function "splitJsonTCPStr"
..\src\jsonAction.c(13): warning:  #177-D: variable "readIndex" was declared but never referenced
..\src\jsonAction.c(42): warning:  #223-D: function "printf" declared implicitly
..\src\jsonAction.c(57): warning:  #1-D: last line of file ends without a newline
linking...
Program Size: Code=37044 RO-data=6600 RW-data=464 ZI-data=53544  
FromELF: creating hex file...
".\STM324xG_EVAL\STM324xG_EVAL.axf" - 0 Error(s), 9 Warning(s).
Load "D:\\Work\\Keil\\STM32\\F407ZG\\RTOS\\Project\\FreeRTOS\\STM32F407-RTOS-SOCKET4IPHONETEST\\MDK-ARM\\STM324xG_EVAL\\STM324xG_EVAL.AXF" 
Set JLink Project File to "D:\Work\Keil\STM32\F407ZG\RTOS\Project\FreeRTOS\STM32F407-RTOS-SOCKET4IPHONETEST\MDK-ARM\JLinkSettings.ini"
 
JLink info:
------------
DLL: V4.35b, compiled Sep  2 2011 18:34:46
Firmware: J-Link ARM V8 compiled Dec  6 2011 18:57:44
Hardware: V8.00
S/N : 805306163 
Feature(s) : RDI,FlashDL,FlashBP,JFlash,GDBFull 
 
* JLink Info: Found SWD-DP with ID 0x2BA01477
* JLink Info: TPIU fitted.
* JLink Info: ETM fitted.
* JLink Info:   FPUnit: 6 code (BP) slots and 2 literal slots
* JLink Info: Found Cortex-M4 r0p1, Little endian.
ROMTableAddr = 0xE00FF003
* JLink Info: Found SWD-DP with ID 0x2BA01477
* JLink Info: TPIU fitted.
* JLink Info: ETM fitted.
* JLink Info:   FPUnit: 6 code (BP) slots and 2 literal slots
* JLink Info: Found Cortex-M4 r0p1, Little endian.
 
Target info:
------------
Device: STM32F407IG
VTarget = 3.267V
State of Pins: 
TCK: 0, TDI: 1, TDO: 1, TMS: 0, TRES: 1, TRST: 1
Hardware-Breakpoints: 6
Software-Breakpoints: 8192
Watchpoints:          0
JTAG speed: 4000 kHz
 
Erase Done.
Programming Done.
Verify OK.
Build target 'STM324xG_EVAL'
compiling jsonAction.c...
..\src\jsonAction.c(21): warning:  #167-D: argument of type "unsigned char *" is incompatible with parameter of type "char *restrict"
..\src\jsonAction.c(21): warning:  #167-D: argument of type "unsigned char *" is incompatible with parameter of type "const char *restrict"
..\src\jsonAction.c(26): warning:  #223-D: function "sscanf" declared implicitly
..\src\jsonAction.c(27): warning:  #223-D: function "printf" declared implicitly
..\src\jsonAction.c(30): warning:  #167-D: argument of type "unsigned char *" is incompatible with parameter of type "const char *restrict"
..\src\jsonAction.c(36): warning:  #940-D: missing return statement at end of non-void function "splitJsonTCPStr"
..\src\jsonAction.c(13): warning:  #177-D: variable "readIndex" was declared but never referenced
..\src\jsonAction.c(43): warning:  #223-D: function "printf" declared implicitly
..\src\jsonAction.c(58): warning:  #1-D: last line of file ends without a newline
linking...
Program Size: Code=37052 RO-data=6600 RW-data=464 ZI-data=53544  
FromELF: creating hex file...
".\STM324xG_EVAL\STM324xG_EVAL.axf" - 0 Error(s), 9 Warning(s).
Load "D:\\Work\\Keil\\STM32\\F407ZG\\RTOS\\Project\\FreeRTOS\\STM32F407-RTOS-SOCKET4IPHONETEST\\MDK-ARM\\STM324xG_EVAL\\STM324xG_EVAL.AXF" 
Set JLink Project File to "D:\Work\Keil\STM32\F407ZG\RTOS\Project\FreeRTOS\STM32F407-RTOS-SOCKET4IPHONETEST\MDK-ARM\JLinkSettings.ini"
 
JLink info:
------------
DLL: V4.35b, compiled Sep  2 2011 18:34:46
Firmware: J-Link ARM V8 compiled Dec  6 2011 18:57:44
Hardware: V8.00
S/N : 805306163 
Feature(s) : RDI,FlashDL,FlashBP,JFlash,GDBFull 
 
* JLink Info: Found SWD-DP with ID 0x2BA01477
* JLink Info: TPIU fitted.
* JLink Info: ETM fitted.
* JLink Info:   FPUnit: 6 code (BP) slots and 2 literal slots
* JLink Info: Found Cortex-M4 r0p1, Little endian.
ROMTableAddr = 0xE00FF003
* JLink Info: Found SWD-DP with ID 0x2BA01477
* JLink Info: TPIU fitted.
* JLink Info: ETM fitted.
* JLink Info:   FPUnit: 6 code (BP) slots and 2 literal slots
* JLink Info: Found Cortex-M4 r0p1, Little endian.
 
Target info:
------------
Device: STM32F407IG
VTarget = 3.267V
State of Pins: 
TCK: 0, TDI: 1, TDO: 1, TMS: 0, TRES: 1, TRST: 1
Hardware-Breakpoints: 6
Software-Breakpoints: 8192
Watchpoints:          0
JTAG speed: 4000 kHz
 
Erase Done.
Programming Done.
Verify OK.
Build target 'STM324xG_EVAL'
compiling jsonAction.c...
..\src\jsonAction.c(22): warning:  #167-D: argument of type "unsigned char *" is incompatible with parameter of type "char *restrict"
..\src\jsonAction.c(22): warning:  #167-D: argument of type "unsigned char *" is incompatible with parameter of type "const char *restrict"
..\src\jsonAction.c(27): warning:  #223-D: function "sscanf" declared implicitly
..\src\jsonAction.c(31): warning:  #223-D: function "atoi" declared implicitly
..\src\jsonAction.c(32): warning:  #223-D: function "printf" declared implicitly
..\src\jsonAction.c(35): warning:  #167-D: argument of type "unsigned char *" is incompatible with parameter of type "const char *restrict"
..\src\jsonAction.c(39): warning:  #223-D: function "printf" declared implicitly
..\src\jsonAction.c(41): warning:  #167-D: argument of type "unsigned char *" is incompatible with parameter of type "const char *restrict"
..\src\jsonAction.c(47): warning:  #940-D: missing return statement at end of non-void function "splitJsonTCPStr"
..\src\jsonAction.c(13): warning:  #177-D: variable "readIndex" was declared but never referenced
..\src\jsonAction.c(18): warning:  #177-D: variable "ret" was declared but never referenced
..\src\jsonAction.c(54): warning:  #223-D: function "printf" declared implicitly
..\src\jsonAction.c(69): warning:  #1-D: last line of file ends without a newline
..\src\jsonAction.c(17): warning: C3017W: pakLen may be used before being set
linking...
Program Size: Code=37484 RO-data=6600 RW-data=468 ZI-data=53540  
FromELF: creating hex file...
".\STM324xG_EVAL\STM324xG_EVAL.axf" - 0 Error(s), 14 Warning(s).
Load "D:\\Work\\Keil\\STM32\\F407ZG\\RTOS\\Project\\FreeRTOS\\STM32F407-RTOS-SOCKET4IPHONETEST\\MDK-ARM\\STM324xG_EVAL\\STM324xG_EVAL.AXF" 
Set JLink Project File to "D:\Work\Keil\STM32\F407ZG\RTOS\Project\FreeRTOS\STM32F407-RTOS-SOCKET4IPHONETEST\MDK-ARM\JLinkSettings.ini"
 
JLink info:
------------
DLL: V4.35b, compiled Sep  2 2011 18:34:46
Firmware: J-Link ARM V8 compiled Dec  6 2011 18:57:44
Hardware: V8.00
S/N : 805306163 
Feature(s) : RDI,FlashDL,FlashBP,JFlash,GDBFull 
 
* JLink Info: Found SWD-DP with ID 0x2BA01477
* JLink Info: TPIU fitted.
* JLink Info: ETM fitted.
* JLink Info:   FPUnit: 6 code (BP) slots and 2 literal slots
* JLink Info: Found Cortex-M4 r0p1, Little endian.
ROMTableAddr = 0xE00FF003
* JLink Info: Found SWD-DP with ID 0x2BA01477
* JLink Info: TPIU fitted.
* JLink Info: ETM fitted.
* JLink Info:   FPUnit: 6 code (BP) slots and 2 literal slots
* JLink Info: Found Cortex-M4 r0p1, Little endian.
 
Target info:
------------
Device: STM32F407IG
VTarget = 3.267V
State of Pins: 
TCK: 0, TDI: 1, TDO: 1, TMS: 0, TRES: 1, TRST: 1
Hardware-Breakpoints: 6
Software-Breakpoints: 8192
Watchpoints:          0
JTAG speed: 4000 kHz
 
Erase Done.
Programming Done.
Verify OK.
Build target 'STM324xG_EVAL'
compiling jsonAction.c...
..\src\jsonAction.c(22): warning:  #167-D: argument of type "unsigned char *" is incompatible with parameter of type "char *restrict"
..\src\jsonAction.c(22): warning:  #167-D: argument of type "unsigned char *" is incompatible with parameter of type "const char *restrict"
..\src\jsonAction.c(27): warning:  #223-D: function "sscanf" declared implicitly
..\src\jsonAction.c(31): warning:  #223-D: function "atoi" declared implicitly
..\src\jsonAction.c(32): warning:  #223-D: function "printf" declared implicitly
..\src\jsonAction.c(35): warning:  #167-D: argument of type "unsigned char *" is incompatible with parameter of type "const char *restrict"
..\src\jsonAction.c(39): warning:  #223-D: function "printf" declared implicitly
..\src\jsonAction.c(41): warning:  #167-D: argument of type "unsigned char *" is incompatible with parameter of type "const char *restrict"
..\src\jsonAction.c(47): warning:  #940-D: missing return statement at end of non-void function "splitJsonTCPStr"
..\src\jsonAction.c(13): warning:  #177-D: variable "readIndex" was declared but never referenced
..\src\jsonAction.c(18): warning:  #177-D: variable "ret" was declared but never referenced
..\src\jsonAction.c(54): warning:  #223-D: function "printf" declared implicitly
..\src\jsonAction.c(69): warning:  #1-D: last line of file ends without a newline
..\src\jsonAction.c(17): warning: C3017W: pakLen may be used before being set
linking...
Program Size: Code=37500 RO-data=6600 RW-data=468 ZI-data=53540  
FromELF: creating hex file...
".\STM324xG_EVAL\STM324xG_EVAL.axf" - 0 Error(s), 14 Warning(s).
Load "D:\\Work\\Keil\\STM32\\F407ZG\\RTOS\\Project\\FreeRTOS\\STM32F407-RTOS-SOCKET4IPHONETEST\\MDK-ARM\\STM324xG_EVAL\\STM324xG_EVAL.AXF" 
Set JLink Project File to "D:\Work\Keil\STM32\F407ZG\RTOS\Project\FreeRTOS\STM32F407-RTOS-SOCKET4IPHONETEST\MDK-ARM\JLinkSettings.ini"
 
JLink info:
------------
DLL: V4.35b, compiled Sep  2 2011 18:34:46
Firmware: J-Link ARM V8 compiled Dec  6 2011 18:57:44
Hardware: V8.00
S/N : 805306163 
Feature(s) : RDI,FlashDL,FlashBP,JFlash,GDBFull 
 
* JLink Info: Found SWD-DP with ID 0x2BA01477
* JLink Info: TPIU fitted.
* JLink Info: ETM fitted.
* JLink Info:   FPUnit: 6 code (BP) slots and 2 literal slots
* JLink Info: Found Cortex-M4 r0p1, Little endian.
ROMTableAddr = 0xE00FF003
* JLink Info: Found SWD-DP with ID 0x2BA01477
* JLink Info: TPIU fitted.
* JLink Info: ETM fitted.
* JLink Info:   FPUnit: 6 code (BP) slots and 2 literal slots
* JLink Info: Found Cortex-M4 r0p1, Little endian.
 
Target info:
------------
Device: STM32F407IG
VTarget = 3.267V
State of Pins: 
TCK: 0, TDI: 1, TDO: 1, TMS: 0, TRES: 1, TRST: 1
Hardware-Breakpoints: 6
Software-Breakpoints: 8192
Watchpoints:          0
JTAG speed: 4000 kHz
 
Erase Done.
Programming Done.
Verify OK.
Build target 'STM324xG_EVAL'
compiling jsonAction.c...
..\src\jsonAction.c(22): warning:  #167-D: argument of type "unsigned char *" is incompatible with parameter of type "char *restrict"
..\src\jsonAction.c(22): warning:  #167-D: argument of type "unsigned char *" is incompatible with parameter of type "const char *restrict"
..\src\jsonAction.c(27): warning:  #223-D: function "sscanf" declared implicitly
..\src\jsonAction.c(31): warning:  #223-D: function "atoi" declared implicitly
..\src\jsonAction.c(32): warning:  #223-D: function "printf" declared implicitly
..\src\jsonAction.c(35): warning:  #167-D: argument of type "unsigned char *" is incompatible with parameter of type "const char *restrict"
..\src\jsonAction.c(39): warning:  #223-D: function "printf" declared implicitly
..\src\jsonAction.c(41): warning:  #167-D: argument of type "unsigned char *" is incompatible with parameter of type "const char *restrict"
..\src\jsonAction.c(47): warning:  #940-D: missing return statement at end of non-void function "splitJsonTCPStr"
..\src\jsonAction.c(13): warning:  #177-D: variable "readIndex" was declared but never referenced
..\src\jsonAction.c(18): warning:  #177-D: variable "ret" was declared but never referenced
..\src\jsonAction.c(54): warning:  #223-D: function "printf" declared implicitly
..\src\jsonAction.c(69): warning:  #1-D: last line of file ends without a newline
..\src\jsonAction.c(17): warning: C3017W: pakLen may be used before being set
linking...
Program Size: Code=37496 RO-data=6600 RW-data=468 ZI-data=53540  
FromELF: creating hex file...
".\STM324xG_EVAL\STM324xG_EVAL.axf" - 0 Error(s), 14 Warning(s).
Load "D:\\Work\\Keil\\STM32\\F407ZG\\RTOS\\Project\\FreeRTOS\\STM32F407-RTOS-SOCKET4IPHONETEST\\MDK-ARM\\STM324xG_EVAL\\STM324xG_EVAL.AXF" 
Set JLink Project File to "D:\Work\Keil\STM32\F407ZG\RTOS\Project\FreeRTOS\STM32F407-RTOS-SOCKET4IPHONETEST\MDK-ARM\JLinkSettings.ini"
 
JLink info:
------------
DLL: V4.35b, compiled Sep  2 2011 18:34:46
Firmware: J-Link ARM V8 compiled Dec  6 2011 18:57:44
Hardware: V8.00
S/N : 805306163 
Feature(s) : RDI,FlashDL,FlashBP,JFlash,GDBFull 
 
* JLink Info: Found SWD-DP with ID 0x2BA01477
* JLink Info: TPIU fitted.
* JLink Info: ETM fitted.
* JLink Info:   FPUnit: 6 code (BP) slots and 2 literal slots
* JLink Info: Found Cortex-M4 r0p1, Little endian.
ROMTableAddr = 0xE00FF003
* JLink Info: Found SWD-DP with ID 0x2BA01477
* JLink Info: TPIU fitted.
* JLink Info: ETM fitted.
* JLink Info:   FPUnit: 6 code (BP) slots and 2 literal slots
* JLink Info: Found Cortex-M4 r0p1, Little endian.
 
Target info:
------------
Device: STM32F407IG
VTarget = 3.267V
State of Pins: 
TCK: 0, TDI: 1, TDO: 1, TMS: 0, TRES: 1, TRST: 1
Hardware-Breakpoints: 6
Software-Breakpoints: 8192
Watchpoints:          0
JTAG speed: 4000 kHz
 
Erase Done.
Programming Done.
Verify OK.
Build target 'STM324xG_EVAL'
compiling jsonAction.c...
..\src\jsonAction.c(22): warning:  #167-D: argument of type "unsigned char *" is incompatible with parameter of type "char *restrict"
..\src\jsonAction.c(22): warning:  #167-D: argument of type "unsigned char *" is incompatible with parameter of type "const char *restrict"
..\src\jsonAction.c(27): warning:  #223-D: function "sscanf" declared implicitly
..\src\jsonAction.c(31): warning:  #223-D: function "atoi" declared implicitly
..\src\jsonAction.c(32): warning:  #223-D: function "printf" declared implicitly
..\src\jsonAction.c(35): warning:  #167-D: argument of type "unsigned char *" is incompatible with parameter of type "const char *restrict"
..\src\jsonAction.c(39): warning:  #223-D: function "printf" declared implicitly
..\src\jsonAction.c(41): warning:  #167-D: argument of type "unsigned char *" is incompatible with parameter of type "const char *restrict"
..\src\jsonAction.c(47): warning:  #940-D: missing return statement at end of non-void function "splitJsonTCPStr"
..\src\jsonAction.c(13): warning:  #177-D: variable "readIndex" was declared but never referenced
..\src\jsonAction.c(18): warning:  #177-D: variable "ret" was declared but never referenced
..\src\jsonAction.c(54): warning:  #223-D: function "printf" declared implicitly
..\src\jsonAction.c(69): warning:  #1-D: last line of file ends without a newline
..\src\jsonAction.c(17): warning: C3017W: pakLen may be used before being set
linking...
Program Size: Code=37500 RO-data=6600 RW-data=468 ZI-data=53540  
FromELF: creating hex file...
".\STM324xG_EVAL\STM324xG_EVAL.axf" - 0 Error(s), 14 Warning(s).
Load "D:\\Work\\Keil\\STM32\\F407ZG\\RTOS\\Project\\FreeRTOS\\STM32F407-RTOS-SOCKET4IPHONETEST\\MDK-ARM\\STM324xG_EVAL\\STM324xG_EVAL.AXF" 
Set JLink Project File to "D:\Work\Keil\STM32\F407ZG\RTOS\Project\FreeRTOS\STM32F407-RTOS-SOCKET4IPHONETEST\MDK-ARM\JLinkSettings.ini"
 
JLink info:
------------
DLL: V4.35b, compiled Sep  2 2011 18:34:46
Firmware: J-Link ARM V8 compiled Dec  6 2011 18:57:44
Hardware: V8.00
S/N : 805306163 
Feature(s) : RDI,FlashDL,FlashBP,JFlash,GDBFull 
 
* JLink Info: Found SWD-DP with ID 0x2BA01477
* JLink Info: TPIU fitted.
* JLink Info: ETM fitted.
* JLink Info:   FPUnit: 6 code (BP) slots and 2 literal slots
* JLink Info: Found Cortex-M4 r0p1, Little endian.
ROMTableAddr = 0xE00FF003
* JLink Info: Found SWD-DP with ID 0x2BA01477
* JLink Info: TPIU fitted.
* JLink Info: ETM fitted.
* JLink Info:   FPUnit: 6 code (BP) slots and 2 literal slots
* JLink Info: Found Cortex-M4 r0p1, Little endian.
 
Target info:
------------
Device: STM32F407IG
VTarget = 3.267V
State of Pins: 
TCK: 0, TDI: 1, TDO: 1, TMS: 0, TRES: 1, TRST: 1
Hardware-Breakpoints: 6
Software-Breakpoints: 8192
Watchpoints:          0
JTAG speed: 4000 kHz
 
Erase Done.
Programming Done.
Verify OK.
Build target 'STM324xG_EVAL'
compiling jsonAction.c...
..\src\jsonAction.c(23): warning:  #167-D: argument of type "unsigned char *" is incompatible with parameter of type "char *restrict"
..\src\jsonAction.c(23): warning:  #167-D: argument of type "unsigned char *" is incompatible with parameter of type "const char *restrict"
..\src\jsonAction.c(33): warning:  #223-D: function "atoi" declared implicitly
..\src\jsonAction.c(34): warning:  #223-D: function "printf" declared implicitly
..\src\jsonAction.c(35): warning:  #167-D: argument of type "unsigned char *" is incompatible with parameter of type "const char *restrict"
..\src\jsonAction.c(49): warning:  #223-D: function "printf" declared implicitly
..\src\jsonAction.c(51): warning:  #167-D: argument of type "unsigned char *" is incompatible with parameter of type "const char *restrict"
..\src\jsonAction.c(57): warning:  #940-D: missing return statement at end of non-void function "splitJsonTCPStr"
[...]
..\src\Myserver.c(88): warning:  #177-D: variable "timeVal" was declared but never referenced
..\src\Myserver.c(89): warning:  #177-D: variable "cmd_obj" was declared but never referenced
..\src\Myserver.c(90): warning:  #177-D: variable "temp_obj" was declared but never referenced
..\src\Myserver.c(91): warning:  #177-D: variable "type" was declared but never referenced
..\src\Myserver.c(92): warning:  #177-D: variable "addr" was declared but never referenced
..\src\Myserver.c(93): warning:  #177-D: variable "value" was declared but never referenced
..\src\Myserver.c(94): warning:  #177-D: variable "temp" was declared but never referenced
..\src\Myserver.c(96): warning:  #177-D: variable "headIndex" was declared but never referenced
..\src\Myserver.c(96): warning:  #177-D: variable "index" was declared but never referenced
..\src\Myserver.c(144): warning:  #177-D: variable "bufFilled" was declared but never referenced
linking...
Program Size: Code=36864 RO-data=6672 RW-data=472 ZI-data=54224  
FromELF: creating hex file...
".\STM324xG_EVAL\STM324xG_EVAL.axf" - 0 Error(s), 13 Warning(s).
Load "D:\\Work\\Keil\\STM32\\F407ZG\\RTOS\\Project\\FreeRTOS\\STM32F407-RTOS-SOCKET4IPHONETEST\\MDK-ARM\\STM324xG_EVAL\\STM324xG_EVAL.AXF" 
Set JLink Project File to "D:\Work\Keil\STM32\F407ZG\RTOS\Project\FreeRTOS\STM32F407-RTOS-SOCKET4IPHONETEST\MDK-ARM\JLinkSettings.ini"
 
JLink info:
------------
DLL: V4.35b, compiled Sep  2 2011 18:34:46
Firmware: J-Link ARM V8 compiled Dec  6 2011 18:57:44
Hardware: V8.00
S/N : 805306163 
Feature(s) : RDI,FlashDL,FlashBP,JFlash,GDBFull 
 
* JLink Info: Found SWD-DP with ID 0x2BA01477
* JLink Info: TPIU fitted.
* JLink Info: ETM fitted.
* JLink Info:   FPUnit: 6 code (BP) slots and 2 literal slots
* JLink Info: Found Cortex-M4 r0p1, Little endian.
ROMTableAddr = 0xE00FF003
* JLink Info: Found SWD-DP with ID 0x2BA01477
* JLink Info: TPIU fitted.
* JLink Info: ETM fitted.
* JLink Info:   FPUnit: 6 code (BP) slots and 2 literal slots
* JLink Info: Found Cortex-M4 r0p1, Little endian.
 
Target info:
------------
Device: STM32F407IG
VTarget = 3.274V
State of Pins: 
TCK: 0, TDI: 1, TDO: 1, TMS: 0, TRES: 1, TRST: 1
Hardware-Breakpoints: 6
Software-Breakpoints: 8192
Watchpoints:          0
JTAG speed: 4000 kHz
 
Erase Done.
Programming Done.
Verify OK.
Build target 'STM324xG_EVAL'
compiling Myserver.c...
..\src\Myserver.c(83): warning:  #177-D: variable "jasonLen" was declared but never referenced
..\src\Myserver.c(84): warning:  #177-D: variable "recStatus" was declared but never referenced
..\src\Myserver.c(85): warning:  #177-D: variable "smxgHeader" was declared but never referenced
..\src\Myserver.c(88): warning:  #177-D: variable "timeVal" was declared but never referenced
..\src\Myserver.c(89): warning:  #177-D: variable "cmd_obj" was declared but never referenced
..\src\Myserver.c(90): warning:  #177-D: variable "temp_obj" was declared but never referenced
..\src\Myserver.c(91): warning:  #177-D: variable "type" was declared but never referenced
..\src\Myserver.c(92): warning:  #177-D: variable "addr" was declared but never referenced
..\src\Myserver.c(93): warning:  #177-D: variable "value" was declared but never referenced
..\src\Myserver.c(94): warning:  #177-D: variable "temp" was declared but never referenced
..\src\Myserver.c(96): warning:  #177-D: variable "headIndex" was declared but never referenced
..\src\Myserver.c(96): warning:  #177-D: variable "index" was declared but never referenced
..\src\Myserver.c(145): warning:  #177-D: variable "xDelay" was declared but never referenced
..\src\Myserver.c(144): warning: C3017W: bufFilled may be used before being set
compiling jsonAction.c...
..\src\jsonAction.c(24): warning:  #167-D: argument of type "unsigned char *" is incompatible with parameter of type "char *restrict"
..\src\jsonAction.c(24): warning:  #167-D: argument of type "unsigned char *" is incompatible with parameter of type "const char *restrict"
..\src\jsonAction.c(33): warning:  #223-D: function "atoi" declared implicitly
..\src\jsonAction.c(35): warning:  #167-D: argument of type "unsigned char *" is incompatible with parameter of type "const char *restrict"
..\src\jsonAction.c(51): warning:  #223-D: function "printf" declared implicitly
..\src\jsonAction.c(56): warning:  #223-D: function "printf" declared implicitly
..\src\jsonAction.c(64): warning:  #167-D: argument of type "unsigned char *" is incompatible with parameter of type "const char *restrict"
..\src\jsonAction.c(70): warning:  #940-D: missing return statement at end of non-void function "splitJsonTCPStr"
..\src\jsonAction.c(16): warning:  #177-D: variable "readIndex" was declared but never referenced
..\src\jsonAction.c(22): warning:  #177-D: variable "ret" was declared but never referenced
..\src\jsonAction.c(77): warning:  #223-D: function "printf" declared implicitly
..\src\jsonAction.c(92): warning:  #1-D: last line of file ends without a newline
..\src\jsonAction.c(21): warning: C3017W: pakLen may be used before being set
linking...
Program Size: Code=36416 RO-data=6672 RW-data=472 ZI-data=54224  
FromELF: creating hex file...
".\STM324xG_EVAL\STM324xG_EVAL.axf" - 0 Error(s), 27 Warning(s).
Load "D:\\Work\\Keil\\STM32\\F407ZG\\RTOS\\Project\\FreeRTOS\\STM32F407-RTOS-SOCKET4IPHONETEST\\MDK-ARM\\STM324xG_EVAL\\STM324xG_EVAL.AXF" 
Set JLink Project File to "D:\Work\Keil\STM32\F407ZG\RTOS\Project\FreeRTOS\STM32F407-RTOS-SOCKET4IPHONETEST\MDK-ARM\JLinkSettings.ini"
 
JLink info:
------------
DLL: V4.35b, compiled Sep  2 2011 18:34:46
Firmware: J-Link ARM V8 compiled Dec  6 2011 18:57:44
Hardware: V8.00
S/N : 805306163 
Feature(s) : RDI,FlashDL,FlashBP,JFlash,GDBFull 
 
* JLink Info: Found SWD-DP with ID 0x2BA01477
* JLink Info: TPIU fitted.
* JLink Info: ETM fitted.
* JLink Info:   FPUnit: 6 code (BP) slots and 2 literal slots
* JLink Info: Found Cortex-M4 r0p1, Little endian.
ROMTableAddr = 0xE00FF003
* JLink Info: Found SWD-DP with ID 0x2BA01477
* JLink Info: TPIU fitted.
* JLink Info: ETM fitted.
* JLink Info:   FPUnit: 6 code (BP) slots and 2 literal slots
* JLink Info: Found Cortex-M4 r0p1, Little endian.
 
Target info:
------------
Device: STM32F407IG
VTarget = 3.274V
State of Pins: 
TCK: 0, TDI: 1, TDO: 1, TMS: 0, TRES: 1, TRST: 1
Hardware-Breakpoints: 6
Software-Breakpoints: 8192
Watchpoints:          0
JTAG speed: 4000 kHz
 
Erase Done.
Programming Done.
Verify OK.
Build target 'STM324xG_EVAL'
compiling Myserver.c...
..\src\Myserver.c(83): warning:  #177-D: variable "jasonLen" was declared but never referenced
..\src\Myserver.c(84): warning:  #177-D: variable "recStatus" was declared but never referenced
..\src\Myserver.c(85): warning:  #177-D: variable "smxgHeader" was declared but never referenced
..\src\Myserver.c(88): warning:  #177-D: variable "timeVal" was declared but never referenced
..\src\Myserver.c(89): warning:  #177-D: variable "cmd_obj" was declared but never referenced
..\src\Myserver.c(90): warning:  #177-D: variable "temp_obj" was declared but never referenced
..\src\Myserver.c(91): warning:  #177-D: variable "type" was declared but never referenced
..\src\Myserver.c(92): warning:  #177-D: variable "addr" was declared but never referenced
..\src\Myserver.c(93): warning:  #177-D: variable "value" was declared but never referenced
..\src\Myserver.c(94): warning:  #177-D: variable "temp" was declared but never referenced
..\src\Myserver.c(96): warning:  #177-D: variable "headIndex" was declared but never referenced
..\src\Myserver.c(96): warning:  #177-D: variable "index" was declared but never referenced
..\src\Myserver.c(145): warning:  #177-D: variable "xDelay" was declared but never referenced
linking...
Program Size: Code=36380 RO-data=6672 RW-data=472 ZI-data=54224  
FromELF: creating hex file...
".\STM324xG_EVAL\STM324xG_EVAL.axf" - 0 Error(s), 13 Warning(s).
Load "D:\\Work\\Keil\\STM32\\F407ZG\\RTOS\\Project\\FreeRTOS\\STM32F407-RTOS-SOCKET4IPHONETEST\\MDK-ARM\\STM324xG_EVAL\\STM324xG_EVAL.AXF" 
Set JLink Project File to "D:\Work\Keil\STM32\F407ZG\RTOS\Project\FreeRTOS\STM32F407-RTOS-SOCKET4IPHONETEST\MDK-ARM\JLinkSettings.ini"
 
JLink info:
------------
DLL: V4.35b, compiled Sep  2 2011 18:34:46
Firmware: J-Link ARM V8 compiled Dec  6 2011 18:57:44
Hardware: V8.00
S/N : 805306163 
Feature(s) : RDI,FlashDL,FlashBP,JFlash,GDBFull 
 
* JLink Info: Found SWD-DP with ID 0x2BA01477
* JLink Info: TPIU fitted.
* JLink Info: ETM fitted.
* JLink Info:   FPUnit: 6 code (BP) slots and 2 literal slots
* JLink Info: Found Cortex-M4 r0p1, Little endian.
ROMTableAddr = 0xE00FF003
* JLink Info: Found SWD-DP with ID 0x2BA01477
* JLink Info: TPIU fitted.
* JLink Info: ETM fitted.
* JLink Info:   FPUnit: 6 code (BP) slots and 2 literal slots
* JLink Info: Found Cortex-M4 r0p1, Little endian.
 
Target info:
------------
Device: STM32F407IG
VTarget = 3.274V
State of Pins: 
TCK: 0, TDI: 1, TDO: 1, TMS: 0, TRES: 1, TRST: 1
Hardware-Breakpoints: 6
Software-Breakpoints: 8192
Watchpoints:          0
JTAG speed: 4000 kHz
 
Erase Done.
Programming Done.
Verify OK.
Build target 'STM324xG_EVAL'
compiling Myserver.c...
..\src\Myserver.c(83): warning:  #177-D: variable "jasonLen" was declared but never referenced
..\src\Myserver.c(84): warning:  #177-D: variable "recStatus" was declared but never referenced
..\src\Myserver.c(85): warning:  #177-D: variable "smxgHeader" was declared but never referenced
..\src\Myserver.c(88): warning:  #177-D: variable "timeVal" was declared but never referenced
..\src\Myserver.c(89): warning:  #177-D: variable "cmd_obj" was declared but never referenced
..\src\Myserver.c(90): warning:  #177-D: variable "temp_obj" was declared but never referenced
..\src\Myserver.c(91): warning:  #177-D: variable "type" was declared but never referenced
..\src\Myserver.c(92): warning:  #177-D: variable "addr" was declared but never referenced
..\src\Myserver.c(93): warning:  #177-D: variable "value" was declared but never referenced
..\src\Myserver.c(94): warning:  #177-D: variable "temp" was declared but never referenced
..\src\Myserver.c(96): warning:  #177-D: variable "headIndex" was declared but never referenced
..\src\Myserver.c(96): warning:  #177-D: variable "index" was declared but never referenced
..\src\Myserver.c(145): warning:  #177-D: variable "xDelay" was declared but never referenced
linking...
Program Size: Code=36416 RO-data=6672 RW-data=472 ZI-data=54224  
FromELF: creating hex file...
".\STM324xG_EVAL\STM324xG_EVAL.axf" - 0 Error(s), 13 Warning(s).
Load "D:\\Work\\Keil\\STM32\\F407ZG\\RTOS\\Project\\FreeRTOS\\STM32F407-RTOS-SOCKET4IPHONETEST\\MDK-ARM\\STM324xG_EVAL\\STM324xG_EVAL.AXF" 
Set JLink Project File to "D:\Work\Keil\STM32\F407ZG\RTOS\Project\FreeRTOS\STM32F407-RTOS-SOCKET4IPHONETEST\MDK-ARM\JLinkSettings.ini"
 
JLink info:
------------
DLL: V4.35b, compiled Sep  2 2011 18:34:46
Firmware: J-Link ARM V8 compiled Dec  6 2011 18:57:44
Hardware: V8.00
S/N : 805306163 
Feature(s) : RDI,FlashDL,FlashBP,JFlash,GDBFull 
 
* JLink Info: Found SWD-DP with ID 0x2BA01477
* JLink Info: TPIU fitted.
* JLink Info: ETM fitted.
* JLink Info:   FPUnit: 6 code (BP) slots and 2 literal slots
* JLink Info: Found Cortex-M4 r0p1, Little endian.
ROMTableAddr = 0xE00FF003
* JLink Info: Found SWD-DP with ID 0x2BA01477
* JLink Info: TPIU fitted.
* JLink Info: ETM fitted.
* JLink Info:   FPUnit: 6 code (BP) slots and 2 literal slots
* JLink Info: Found Cortex-M4 r0p1, Little endian.
 
Target info:
------------
Device: STM32F407IG
VTarget = 3.274V
State of Pins: 
TCK: 0, TDI: 1, TDO: 1, TMS: 0, TRES: 1, TRST: 1
Hardware-Breakpoints: 6
Software-Breakpoints: 8192
Watchpoints:          0
JTAG speed: 4000 kHz
 
Erase Done.
Programming Done.
Verify OK.
Build target 'STM324xG_EVAL'
compiling jsonAction.c...
..\src\jsonAction.c(24): warning:  #167-D: argument of type "unsigned char *" is incompatible with parameter of type "char *restrict"
..\src\jsonAction.c(24): warning:  #167-D: argument of type "unsigned char *" is incompatible with parameter of type "const char *restrict"
..\src\jsonAction.c(33): warning:  #223-D: function "atoi" declared implicitly
..\src\jsonAction.c(35): warning:  #167-D: argument of type "unsigned char *" is incompatible with parameter of type "const char *restrict"
..\src\jsonAction.c(51): warning:  #223-D: function "printf" declared implicitly
..\src\jsonAction.c(56): warning:  #223-D: function "printf" declared implicitly
..\src\jsonAction.c(64): warning:  #167-D: argument of type "unsigned char *" is incompatible with parameter of type "const char *restrict"
..\src\jsonAction.c(70): warning:  #940-D: missing return statement at end of non-void function "splitJsonTCPStr"
..\src\jsonAction.c(16): warning:  #177-D: variable "readIndex" was declared but never referenced
..\src\jsonAction.c(22): warning:  #177-D: variable "ret" was declared but never referenced
..\src\jsonAction.c(77): warning:  #223-D: function "printf" declared implicitly
..\src\jsonAction.c(92): warning:  #1-D: last line of file ends without a newline
..\src\jsonAction.c(21): warning: C3017W: pakLen may be used before being set
linking...
Program Size: Code=36416 RO-data=6672 RW-data=472 ZI-data=54224  
FromELF: creating hex file...
".\STM324xG_EVAL\STM324xG_EVAL.axf" - 0 Error(s), 13 Warning(s).
Load "D:\\Work\\Keil\\STM32\\F407ZG\\RTOS\\Project\\FreeRTOS\\STM32F407-RTOS-SOCKET4IPHONETEST\\MDK-ARM\\STM324xG_EVAL\\STM324xG_EVAL.AXF" 
Set JLink Project File to "D:\Work\Keil\STM32\F407ZG\RTOS\Project\FreeRTOS\STM32F407-RTOS-SOCKET4IPHONETEST\MDK-ARM\JLinkSettings.ini"
 
JLink info:
------------
DLL: V4.35b, compiled Sep  2 2011 18:34:46
Firmware: J-Link ARM V8 compiled Dec  6 2011 18:57:44
Hardware: V8.00
S/N : 805306163 
Feature(s) : RDI,FlashDL,FlashBP,JFlash,GDBFull 
 
* JLink Info: Found SWD-DP with ID 0x2BA01477
* JLink Info: TPIU fitted.
* JLink Info: ETM fitted.
* JLink Info:   FPUnit: 6 code (BP) slots and 2 literal slots
* JLink Info: Found Cortex-M4 r0p1, Little endian.
ROMTableAddr = 0xE00FF003
* JLink Info: Found SWD-DP with ID 0x2BA01477
* JLink Info: TPIU fitted.
* JLink Info: ETM fitted.
* JLink Info:   FPUnit: 6 code (BP) slots and 2 literal slots
* JLink Info: Found Cortex-M4 r0p1, Little endian.
 
Target info:
------------
Device: STM32F407IG
VTarget = 3.280V
State of Pins: 
TCK: 0, TDI: 1, TDO: 1, TMS: 0, TRES: 1, TRST: 1
Hardware-Breakpoints: 6
Software-Breakpoints: 8192
Watchpoints:          0
JTAG speed: 4000 kHz
 
Erase Done.
Programming Done.
Verify OK.
Build target 'STM324xG_EVAL'
compiling Myserver.c...
..\src\Myserver.c(83): warning:  #177-D: variable "jasonLen" was declared but never referenced
..\src\Myserver.c(84): warning:  #177-D: variable "recStatus" was declared but never referenced
..\src\Myserver.c(85): warning:  #177-D: variable "smxgHeader" was declared but never referenced
..\src\Myserver.c(88): warning:  #177-D: variable "timeVal" was declared but never referenced
..\src\Myserver.c(89): warning:  #177-D: variable "cmd_obj" was declared but never referenced
..\src\Myserver.c(90): warning:  #177-D: variable "temp_obj" was declared but never referenced
..\src\Myserver.c(91): warning:  #177-D: variable "type" was declared but never referenced
..\src\Myserver.c(92): warning:  #177-D: variable "addr" was declared but never referenced
..\src\Myserver.c(93): warning:  #177-D: variable "value" was declared but never referenced
..\src\Myserver.c(94): warning:  #177-D: variable "temp" was declared but never referenced
..\src\Myserver.c(96): warning:  #177-D: variable "headIndex" was declared but never referenced
..\src\Myserver.c(96): warning:  #177-D: variable "index" was declared but never referenced
..\src\Myserver.c(145): warning:  #177-D: variable "xDelay" was declared but never referenced
linking...
Program Size: Code=36464 RO-data=6740 RW-data=472 ZI-data=54224  
FromELF: creating hex file...
".\STM324xG_EVAL\STM324xG_EVAL.axf" - 0 Error(s), 13 Warning(s).
Load "D:\\Work\\Keil\\STM32\\F407ZG\\RTOS\\Project\\FreeRTOS\\STM32F407-RTOS-SOCKET4IPHONETEST\\MDK-ARM\\STM324xG_EVAL\\STM324xG_EVAL.AXF" 
Set JLink Project File to "D:\Work\Keil\STM32\F407ZG\RTOS\Project\FreeRTOS\STM32F407-RTOS-SOCKET4IPHONETEST\MDK-ARM\JLinkSettings.ini"
 
JLink info:
------------
DLL: V4.35b, compiled Sep  2 2011 18:34:46
Firmware: J-Link ARM V8 compiled Dec  6 2011 18:57:44
Hardware: V8.00
S/N : 805306163 
Feature(s) : RDI,FlashDL,FlashBP,JFlash,GDBFull 
 
* JLink Info: Found SWD-DP with ID 0x2BA01477
* JLink Info: TPIU fitted.
* JLink Info: ETM fitted.
* JLink Info:   FPUnit: 6 code (BP) slots and 2 literal slots
* JLink Info: Found Cortex-M4 r0p1, Little endian.
ROMTableAddr = 0xE00FF003
* JLink Info: Found SWD-DP with ID 0x2BA01477
* JLink Info: TPIU fitted.
* JLink Info: ETM fitted.
* JLink Info:   FPUnit: 6 code (BP) slots and 2 literal slots
* JLink Info: Found Cortex-M4 r0p1, Little endian.
 
Target info:
------------
Device: STM32F407IG
VTarget = 3.274V
State of Pins: 
TCK: 0, TDI: 1, TDO: 1, TMS: 0, TRES: 1, TRST: 1
Hardware-Breakpoints: 6
Software-Breakpoints: 8192
Watchpoints:          0
JTAG speed: 4000 kHz
 
Erase Done.
Programming Done.
Verify OK.
Build target 'STM324xG_EVAL'
compiling Myserver.c...
..\src\Myserver.c(83): warning:  #177-D: variable "jasonLen" was declared but never referenced
..\src\Myserver.c(84): warning:  #177-D: variable "recStatus" was declared but never referenced
..\src\Myserver.c(85): warning:  #177-D: variable "smxgHeader" was declared but never referenced
..\src\Myserver.c(88): warning:  #177-D: variable "timeVal" was declared but never referenced
..\src\Myserver.c(89): warning:  #177-D: variable "cmd_obj" was declared but never referenced
..\src\Myserver.c(90): warning:  #177-D: variable "temp_obj" was declared but never referenced
..\src\Myserver.c(91): warning:  #177-D: variable "type" was declared but never referenced
..\src\Myserver.c(92): warning:  #177-D: variable "addr" was declared but never referenced
..\src\Myserver.c(93): warning:  #177-D: variable "value" was declared but never referenced
..\src\Myserver.c(94): warning:  #177-D: variable "temp" was declared but never referenced
..\src\Myserver.c(96): warning:  #177-D: variable "headIndex" was declared but never referenced
..\src\Myserver.c(96): warning:  #177-D: variable "index" was declared but never referenced
..\src\Myserver.c(145): warning:  #177-D: variable "xDelay" was declared but never referenced
compiling jsonAction.c...
..\src\jsonAction.c(23): warning:  #167-D: argument of type "unsigned char *" is incompatible with parameter of type "char *restrict"
..\src\jsonAction.c(23): warning:  #167-D: argument of type "unsigned char *" is incompatible with parameter of type "const char *restrict"
..\src\jsonAction.c(32): warning:  #223-D: function "atoi" declared implicitly
..\src\jsonAction.c(34): warning:  #167-D: argument of type "unsigned char *" is incompatible with parameter of type "const char *restrict"
..\src\jsonAction.c(50): warning:  #223-D: function "printf" declared implicitly
..\src\jsonAction.c(55): warning:  #223-D: function "printf" declared implicitly
..\src\jsonAction.c(63): warning:  #167-D: argument of type "unsigned char *" is incompatible with parameter of type "const char *restrict"
..\src\jsonAction.c(69): warning:  #940-D: missing return statement at end of non-void function "splitJsonTCPStr"
..\src\jsonAction.c(15): warning:  #177-D: variable "readIndex" was declared but never referenced
..\src\jsonAction.c(21): warning:  #177-D: variable "ret" was declared but never referenced
..\src\jsonAction.c(76): warning:  #223-D: function "printf" declared implicitly
..\src\jsonAction.c(91): warning:  #1-D: last line of file ends without a newline
..\src\jsonAction.c(20): warning: C3017W: pakLen may be used before being set
linking...
Program Size: Code=36300 RO-data=6740 RW-data=468 ZI-data=54220  
FromELF: creating hex file...
".\STM324xG_EVAL\STM324xG_EVAL.axf" - 0 Error(s), 26 Warning(s).
